#
# There is insufficient memory for the Java Runtime Environment to continue.
# Native memory allocation (mmap) failed to map 406847488 bytes for G1 virtual space
# Possible reasons:
#   The system is out of physical RAM or swap space
#   The process is running with CompressedOops enabled, and the Java Heap may be blocking the growth of the native heap
# Possible solutions:
#   Reduce memory load on the system
#   Increase physical memory or swap space
#   Check if swap backing store is full
#   Decrease Java heap size (-Xmx/-Xms)
#   Decrease number of Java threads
#   Decrease Java thread stack sizes (-Xss)
#   Set larger code cache with -XX:ReservedCodeCacheSize=
#   JVM is running with Zero Based Compressed Oops mode in which the Java heap is
#     placed in the first 32GB address space. The Java Heap base address is the
#     maximum limit for the native heap growth. Please use -XX:HeapBaseMinAddress
#     to set the Java Heap base and to place the Java Heap above 32GB virtual address.
# This output file may be truncated or incomplete.
#
#  Out of Memory Error (os_windows.cpp:3530), pid=9496, tid=24624
#
# JRE version: Java(TM) SE Runtime Environment (18.0.2.1+1) (build 18.0.2.1+1-1)
# Java VM: Java HotSpot(TM) 64-Bit Server VM (18.0.2.1+1-1, mixed mode, sharing, tiered, compressed oops, compressed class ptrs, g1 gc, windows-amd64)
# No core dump will be written. Minidumps are not enabled by default on client versions of Windows
#

---------------  S U M M A R Y ------------

Command Line: -Dmaven.multiModuleProjectDirectory=C:\WebgramProjet\projet-dgpsn\Dgpsn-backend -Djansi.passthrough=true -Dmaven.home=C:\Users\DELL\.m2\wrapper\dists\apache-maven-3.9.9-bin\4nf9hui3q3djbarqar9g711ggc\apache-maven-3.9.9 -Dclassworlds.conf=C:\Users\DELL\.m2\wrapper\dists\apache-maven-3.9.9-bin\4nf9hui3q3djbarqar9g711ggc\apache-maven-3.9.9\bin\m2.conf -Dmaven.ext.class.path=C:\Program Files\JetBrains\IntelliJ IDEA 2024.3.5\plugins\maven\lib\maven-event-listener.jar -javaagent:C:\Program Files\JetBrains\IntelliJ IDEA 2024.3.5\lib\idea_rt.jar=55259 -Dfile.encoding=UTF-8 -Dsun.stdout.encoding=UTF-8 -Dsun.stderr.encoding=UTF-8 org.codehaus.classworlds.Launcher -Didea.version=2024.3.5 compile

Host: Intel(R) Core(TM) Ultra 7 165U, 14 cores, 31G,  Windows 11 , 64 bit Build 26100 (10.0.26100.6725)
Time: Fri Oct 31 16:54:51 2025 Greenwich elapsed time: 75.818704 seconds (0d 0h 1m 15s)

---------------  T H R E A D  ---------------

Current thread (0x000001ff7448bd40):  VMThread "VM Thread" [stack: 0x0000004f92d00000,0x0000004f92e00000] [id=24624]

Stack: [0x0000004f92d00000,0x0000004f92e00000]
Native frames: (J=compiled Java code, j=interpreted, Vv=VM code, C=native code)
V  [jvm.dll+0x6993aa]
V  [jvm.dll+0x7f46dd]
V  [jvm.dll+0x7f5fee]
V  [jvm.dll+0x7f66a3]
V  [jvm.dll+0x25cf1f]
V  [jvm.dll+0x6962f9]
V  [jvm.dll+0x68ae2a]
V  [jvm.dll+0x32255b]
V  [jvm.dll+0x329f36]
V  [jvm.dll+0x37eade]
V  [jvm.dll+0x37ed0f]
V  [jvm.dll+0x2fa2da]
V  [jvm.dll+0x2fa387]
V  [jvm.dll+0x33e8c2]
V  [jvm.dll+0x33ce64]
V  [jvm.dll+0x2f9ab0]
V  [jvm.dll+0x33c43b]
V  [jvm.dll+0x7fb48b]
V  [jvm.dll+0x7fc224]
V  [jvm.dll+0x7fc75c]
V  [jvm.dll+0x7fcbb4]
V  [jvm.dll+0x7fcc77]
V  [jvm.dll+0x7a120a]
V  [jvm.dll+0x698255]
C  [ucrtbase.dll+0x37b0]
C  [KERNEL32.DLL+0x2e8d7]
C  [ntdll.dll+0x8c53c]

VM_Operation (0x0000004f927fd040): G1CollectForAllocation, mode: safepoint, requested by thread 0x000001ff49f84eb0


---------------  P R O C E S S  ---------------

Threads class SMR info:
_java_thread_list=0x000001ff7baf4670, length=15, elements={
0x000001ff49f84eb0, 0x000001ff744924c0, 0x000001ff74492980, 0x000001ff744adfb0,
0x000001ff744ae470, 0x000001ff744ae930, 0x000001ff7b4080b0, 0x000001ff7b4088a0,
0x000001ff7b408da0, 0x000001ff7b4092a0, 0x000001ff7447a3c0, 0x000001ff7b5d8b20,
0x000001ff7b5d8fe0, 0x000001ff7c52f1f0, 0x000001ff7d9bd9e0
}

Java Threads: ( => current thread )
  0x000001ff49f84eb0 JavaThread "main" [_thread_blocked, id=31240, stack(0x0000004f92700000,0x0000004f92800000)]
  0x000001ff744924c0 JavaThread "Reference Handler" daemon [_thread_blocked, id=54216, stack(0x0000004f92e00000,0x0000004f92f00000)]
  0x000001ff74492980 JavaThread "Finalizer" daemon [_thread_blocked, id=9692, stack(0x0000004f92f00000,0x0000004f93000000)]
  0x000001ff744adfb0 JavaThread "Signal Dispatcher" daemon [_thread_blocked, id=12248, stack(0x0000004f93000000,0x0000004f93100000)]
  0x000001ff744ae470 JavaThread "Attach Listener" daemon [_thread_blocked, id=46276, stack(0x0000004f93100000,0x0000004f93200000)]
  0x000001ff744ae930 JavaThread "Service Thread" daemon [_thread_blocked, id=30656, stack(0x0000004f93200000,0x0000004f93300000)]
  0x000001ff7b4080b0 JavaThread "Monitor Deflation Thread" daemon [_thread_blocked, id=50860, stack(0x0000004f93300000,0x0000004f93400000)]
  0x000001ff7b4088a0 JavaThread "C2 CompilerThread0" daemon [_thread_blocked, id=21688, stack(0x0000004f93400000,0x0000004f93500000)]
  0x000001ff7b408da0 JavaThread "C1 CompilerThread0" daemon [_thread_blocked, id=26344, stack(0x0000004f93500000,0x0000004f93600000)]
  0x000001ff7b4092a0 JavaThread "Sweeper thread" daemon [_thread_blocked, id=51232, stack(0x0000004f93600000,0x0000004f93700000)]
  0x000001ff7447a3c0 JavaThread "Common-Cleaner" daemon [_thread_blocked, id=40604, stack(0x0000004f93700000,0x0000004f93800000)]
  0x000001ff7b5d8b20 JavaThread "Monitor Ctrl-Break" daemon [_thread_in_native, id=11896, stack(0x0000004f93800000,0x0000004f93900000)]
  0x000001ff7b5d8fe0 JavaThread "Notification Thread" daemon [_thread_blocked, id=28412, stack(0x0000004f93900000,0x0000004f93a00000)]
  0x000001ff7c52f1f0 JavaThread "Thread-1" daemon [_thread_blocked, id=5596, stack(0x0000004f93b00000,0x0000004f93c00000)]
  0x000001ff7d9bd9e0 JavaThread "C2 CompilerThread1" daemon [_thread_blocked, id=5828, stack(0x0000004f92400000,0x0000004f92500000)]

Other Threads:
=>0x000001ff7448bd40 VMThread "VM Thread" [stack: 0x0000004f92d00000,0x0000004f92e00000] [id=24624]
  0x000001ff7b5e5f50 WatcherThread "VM Periodic Task Thread" [stack: 0x0000004f93a00000,0x0000004f93b00000] [id=35552]
  0x000001ff742ef800 WorkerThread "GC Thread#0" [stack: 0x0000004f92800000,0x0000004f92900000] [id=38340]
  0x000001ff7c413c90 WorkerThread "GC Thread#1" [stack: 0x0000004f93d00000,0x0000004f93e00000] [id=12488]
  0x000001ff7c07e030 WorkerThread "GC Thread#2" [stack: 0x0000004f93e00000,0x0000004f93f00000] [id=53660]
  0x000001ff7bfb9be0 WorkerThread "GC Thread#3" [stack: 0x0000004f93f00000,0x0000004f94000000] [id=43012]
  0x000001ff7bfb9e80 WorkerThread "GC Thread#4" [stack: 0x0000004f94000000,0x0000004f94100000] [id=35872]
  0x000001ff7bc745b0 WorkerThread "GC Thread#5" [stack: 0x0000004f94100000,0x0000004f94200000] [id=20008]
  0x000001ff7bc74850 WorkerThread "GC Thread#6" [stack: 0x0000004f94200000,0x0000004f94300000] [id=46252]
  0x000001ff7bc74af0 WorkerThread "GC Thread#7" [stack: 0x0000004f94300000,0x0000004f94400000] [id=10528]
  0x000001ff7c0dff70 WorkerThread "GC Thread#8" [stack: 0x0000004f94400000,0x0000004f94500000] [id=43612]
  0x000001ff7c0e0210 WorkerThread "GC Thread#9" [stack: 0x0000004f94500000,0x0000004f94600000] [id=11868]
  0x000001ff7c0e04b0 WorkerThread "GC Thread#10" [stack: 0x0000004f94600000,0x0000004f94700000] [id=48588]
  0x000001ff4a0072f0 ConcurrentGCThread "G1 Main Marker" [stack: 0x0000004f92900000,0x0000004f92a00000] [id=49844]
  0x000001ff4a008760 WorkerThread "G1 Conc#0" [stack: 0x0000004f92a00000,0x0000004f92b00000] [id=35332]
  0x000001ff7c6222a0 WorkerThread "G1 Conc#1" [stack: 0x0000004f94800000,0x0000004f94900000] [id=39340]
  0x000001ff7c621820 WorkerThread "G1 Conc#2" [stack: 0x0000004f94900000,0x0000004f94a00000] [id=40580]
  0x000001ff4a03e800 ConcurrentGCThread "G1 Refine#0" [stack: 0x0000004f92b00000,0x0000004f92c00000] [id=28728]
  0x000001ff7c2aad10 ConcurrentGCThread "G1 Refine#1" [stack: 0x0000004f94700000,0x0000004f94800000] [id=22484]
  0x000001ff7c2abb20 ConcurrentGCThread "G1 Refine#2" [stack: 0x0000004f94a00000,0x0000004f94b00000] [id=7996]
  0x000001ff7c2aafe0 ConcurrentGCThread "G1 Refine#3" [stack: 0x0000004f94b00000,0x0000004f94c00000] [id=46400]
  0x000001ff7c2ab580 ConcurrentGCThread "G1 Refine#4" [stack: 0x0000004f94d00000,0x0000004f94e00000] [id=52856]
  0x000001ff7dac75b0 ConcurrentGCThread "G1 Refine#5" [stack: 0x0000004f94e00000,0x0000004f94f00000] [id=38020]
  0x000001ff7dac80f0 ConcurrentGCThread "G1 Refine#6" [stack: 0x0000004f94f00000,0x0000004f95000000] [id=47232]
  0x000001ff7dac7b50 ConcurrentGCThread "G1 Refine#7" [stack: 0x0000004f95000000,0x0000004f95100000] [id=45816]
  0x000001ff7dac7e20 ConcurrentGCThread "G1 Refine#8" [stack: 0x0000004f95100000,0x0000004f95200000] [id=48236]
  0x000001ff7dac67a0 ConcurrentGCThread "G1 Refine#9" [stack: 0x0000004f95200000,0x0000004f95300000] [id=47856]
  0x000001ff7dac4b80 ConcurrentGCThread "G1 Refine#10" [stack: 0x0000004f92600000,0x0000004f92700000] [id=38988]
  0x000001ff4a03ead0 ConcurrentGCThread "G1 Service" [stack: 0x0000004f92c00000,0x0000004f92d00000] [id=31220]

Threads with active compile tasks:

VM state: at safepoint (normal execution)

VM Mutex/Monitor currently owned by a thread:  ([mutex/lock_event])
[0x000001ff49f84300] Threads_lock - owner thread: 0x000001ff7448bd40
[0x000001ff49f844b0] Heap_lock - owner thread: 0x000001ff49f84eb0

Heap address: 0x0000000608800000, size: 8056 MB, Compressed Oops mode: Zero based, Oop shift amount: 3

CDS archive(s) mapped at: [0x0000000800000000-0x0000000800ba0000-0x0000000800ba0000), size 12189696, SharedBaseAddress: 0x0000000800000000, ArchiveRelocationMode: 0.
Compressed class space mapped at: 0x0000000800c00000-0x0000000840c00000, reserved size: 1073741824
Narrow klass base: 0x0000000800000000, Narrow klass shift: 0, Narrow klass range: 0x100000000

GC Precious Log:
 CardTable entry size: 512
 Card Set container configuration: InlinePtr #cards 4 size 8 Array Of Cards #cards 32 size 80 Howl #buckets 8 coarsen threshold 7372 Howl Bitmap #cards 1024 size 144 coarsen threshold 921 Card regions per heap region 1 cards per card region 8192
 CPUs: 14 total, 14 available
 Memory: 32212M
 Large Page Support: Disabled
 NUMA Support: Disabled
 Compressed Oops: Enabled (Zero based)
 Heap Region Size: 4M
 Heap Min Capacity: 8M
 Heap Initial Capacity: 504M
 Heap Max Capacity: 8056M
 Pre-touch: Disabled
 Parallel Workers: 11
 Concurrent Workers: 3
 Concurrent Refinement Workers: 11
 Periodic GC: Disabled

Heap:
 garbage-first heap   total 1048576K, used 346155K [0x0000000608800000, 0x0000000800000000)
  region size 4096K, 3 young (12288K), 3 survivors (12288K)
 Metaspace       used 40481K, committed 41152K, reserved 1114112K
  class space    used 4343K, committed 4672K, reserved 1048576K

Heap Regions: E=young(eden), S=young(survivor), O=old, HS=humongous(starts), HC=humongous(continues), CS=collection set, F=free, OA=open archive, CA=closed archive, TAMS=top-at-mark-start (previous, next)
|   0|0x0000000608800000, 0x0000000608b88000, 0x0000000608c00000| 88%| O|  |TAMS 0x0000000608b88000, 0x0000000608800000| Untracked 
|   1|0x0000000608c00000, 0x0000000609000000, 0x0000000609000000|100%| O|  |TAMS 0x0000000609000000, 0x0000000608c00000| Untracked 
|   2|0x0000000609000000, 0x0000000609400000, 0x0000000609400000|100%| O|  |TAMS 0x0000000609400000, 0x0000000609000000| Untracked 
|   3|0x0000000609400000, 0x0000000609800000, 0x0000000609800000|100%| O|  |TAMS 0x0000000609800000, 0x0000000609400000| Untracked 
|   4|0x0000000609800000, 0x0000000609c00000, 0x0000000609c00000|100%| O|  |TAMS 0x0000000609c00000, 0x0000000609800000| Untracked 
|   5|0x0000000609c00000, 0x000000060a000000, 0x000000060a000000|100%| O|  |TAMS 0x000000060a000000, 0x0000000609c00000| Untracked 
|   6|0x000000060a000000, 0x000000060a400000, 0x000000060a400000|100%| O|  |TAMS 0x000000060a400000, 0x000000060a000000| Untracked 
|   7|0x000000060a400000, 0x000000060a800000, 0x000000060a800000|100%| O|  |TAMS 0x000000060a800000, 0x000000060a400000| Untracked 
|   8|0x000000060a800000, 0x000000060ac00000, 0x000000060ac00000|100%| O|  |TAMS 0x000000060ac00000, 0x000000060a800000| Untracked 
|   9|0x000000060ac00000, 0x000000060b000000, 0x000000060b000000|100%| O|  |TAMS 0x000000060b000000, 0x000000060ac00000| Untracked 
|  10|0x000000060b000000, 0x000000060b400000, 0x000000060b400000|100%| O|  |TAMS 0x000000060b400000, 0x000000060b000000| Untracked 
|  11|0x000000060b400000, 0x000000060b800000, 0x000000060b800000|100%| O|  |TAMS 0x000000060b800000, 0x000000060b400000| Untracked 
|  12|0x000000060b800000, 0x000000060bc00000, 0x000000060bc00000|100%| O|  |TAMS 0x000000060bc00000, 0x000000060b800000| Untracked 
|  13|0x000000060bc00000, 0x000000060c000000, 0x000000060c000000|100%| O|  |TAMS 0x000000060c000000, 0x000000060bc00000| Untracked 
|  14|0x000000060c000000, 0x000000060c400000, 0x000000060c400000|100%| O|  |TAMS 0x000000060c400000, 0x000000060c000000| Untracked 
|  15|0x000000060c400000, 0x000000060c800000, 0x000000060c800000|100%|HS|  |TAMS 0x000000060c400000, 0x000000060c400000| Complete 
|  16|0x000000060c800000, 0x000000060cc00000, 0x000000060cc00000|100%| O|  |TAMS 0x000000060cc00000, 0x000000060c800000| Untracked 
|  17|0x000000060cc00000, 0x000000060d000000, 0x000000060d000000|100%| O|  |TAMS 0x000000060d000000, 0x000000060cc00000| Untracked 
|  18|0x000000060d000000, 0x000000060d400000, 0x000000060d400000|100%| O|  |TAMS 0x000000060d400000, 0x000000060d000000| Untracked 
|  19|0x000000060d400000, 0x000000060d800000, 0x000000060d800000|100%| O|  |TAMS 0x000000060d800000, 0x000000060d400000| Untracked 
|  20|0x000000060d800000, 0x000000060dc00000, 0x000000060dc00000|100%| O|  |TAMS 0x000000060dc00000, 0x000000060d800000| Untracked 
|  21|0x000000060dc00000, 0x000000060e000000, 0x000000060e000000|100%| O|  |TAMS 0x000000060e000000, 0x000000060dc00000| Untracked 
|  22|0x000000060e000000, 0x000000060e400000, 0x000000060e400000|100%| O|  |TAMS 0x000000060e400000, 0x000000060e000000| Untracked 
|  23|0x000000060e400000, 0x000000060e800000, 0x000000060e800000|100%| O|  |TAMS 0x000000060e5ca000, 0x000000060e400000| Untracked 
|  24|0x000000060e800000, 0x000000060ec00000, 0x000000060ec00000|100%| O|  |TAMS 0x000000060e800000, 0x000000060e800000| Untracked 
|  25|0x000000060ec00000, 0x000000060f000000, 0x000000060f000000|100%| O|  |TAMS 0x000000060ec00000, 0x000000060ec00000| Untracked 
|  26|0x000000060f000000, 0x000000060f400000, 0x000000060f400000|100%| O|  |TAMS 0x000000060f000000, 0x000000060f000000| Untracked 
|  27|0x000000060f400000, 0x000000060f800000, 0x000000060f800000|100%| O|  |TAMS 0x000000060f400000, 0x000000060f400000| Untracked 
|  28|0x000000060f800000, 0x000000060fc00000, 0x000000060fc00000|100%| O|  |TAMS 0x000000060f800000, 0x000000060f800000| Untracked 
|  29|0x000000060fc00000, 0x0000000610000000, 0x0000000610000000|100%| O|  |TAMS 0x000000060fc00000, 0x000000060fc00000| Untracked 
|  30|0x0000000610000000, 0x0000000610400000, 0x0000000610400000|100%| O|  |TAMS 0x0000000610000000, 0x0000000610000000| Untracked 
|  31|0x0000000610400000, 0x0000000610800000, 0x0000000610800000|100%| O|  |TAMS 0x0000000610400000, 0x0000000610400000| Untracked 
|  32|0x0000000610800000, 0x0000000610c00000, 0x0000000610c00000|100%| O|  |TAMS 0x0000000610800000, 0x0000000610800000| Untracked 
|  33|0x0000000610c00000, 0x0000000611000000, 0x0000000611000000|100%| O|  |TAMS 0x0000000610c00000, 0x0000000610c00000| Untracked 
|  34|0x0000000611000000, 0x0000000611400000, 0x0000000611400000|100%| O|  |TAMS 0x0000000611000000, 0x0000000611000000| Untracked 
|  35|0x0000000611400000, 0x0000000611800000, 0x0000000611800000|100%| O|  |TAMS 0x0000000611400000, 0x0000000611400000| Untracked 
|  36|0x0000000611800000, 0x0000000611c00000, 0x0000000611c00000|100%| O|  |TAMS 0x0000000611800000, 0x0000000611800000| Untracked 
|  37|0x0000000611c00000, 0x0000000612000000, 0x0000000612000000|100%| O|  |TAMS 0x0000000611c00000, 0x0000000611c00000| Untracked 
|  38|0x0000000612000000, 0x0000000612400000, 0x0000000612400000|100%|HS|  |TAMS 0x0000000612000000, 0x0000000612000000| Complete 
|  39|0x0000000612400000, 0x0000000612800000, 0x0000000612800000|100%|HC|  |TAMS 0x0000000612400000, 0x0000000612400000| Complete 
|  40|0x0000000612800000, 0x0000000612c00000, 0x0000000612c00000|100%| O|  |TAMS 0x0000000612800000, 0x0000000612800000| Untracked 
|  41|0x0000000612c00000, 0x0000000613000000, 0x0000000613000000|100%| O|  |TAMS 0x0000000612c00000, 0x0000000612c00000| Untracked 
|  42|0x0000000613000000, 0x0000000613400000, 0x0000000613400000|100%| O|  |TAMS 0x0000000613000000, 0x0000000613000000| Untracked 
|  43|0x0000000613400000, 0x0000000613800000, 0x0000000613800000|100%| O|  |TAMS 0x0000000613400000, 0x0000000613400000| Untracked 
|  44|0x0000000613800000, 0x0000000613c00000, 0x0000000613c00000|100%| O|  |TAMS 0x0000000613800000, 0x0000000613800000| Untracked 
|  45|0x0000000613c00000, 0x0000000614000000, 0x0000000614000000|100%| O|  |TAMS 0x0000000613c00000, 0x0000000613c00000| Untracked 
|  46|0x0000000614000000, 0x0000000614400000, 0x0000000614400000|100%| O|  |TAMS 0x0000000614000000, 0x0000000614000000| Untracked 
|  47|0x0000000614400000, 0x0000000614800000, 0x0000000614800000|100%| O|  |TAMS 0x0000000614400000, 0x0000000614400000| Untracked 
|  48|0x0000000614800000, 0x0000000614c00000, 0x0000000614c00000|100%| O|  |TAMS 0x0000000614800000, 0x0000000614800000| Untracked 
|  49|0x0000000614c00000, 0x0000000615000000, 0x0000000615000000|100%| O|  |TAMS 0x0000000614c00000, 0x0000000614c00000| Untracked 
|  50|0x0000000615000000, 0x0000000615400000, 0x0000000615400000|100%| O|  |TAMS 0x0000000615000000, 0x0000000615000000| Untracked 
|  51|0x0000000615400000, 0x0000000615800000, 0x0000000615800000|100%| O|  |TAMS 0x0000000615400000, 0x0000000615400000| Untracked 
|  52|0x0000000615800000, 0x0000000615c00000, 0x0000000615c00000|100%| O|  |TAMS 0x0000000615800000, 0x0000000615800000| Untracked 
|  53|0x0000000615c00000, 0x0000000616000000, 0x0000000616000000|100%| O|  |TAMS 0x0000000615c00000, 0x0000000615c00000| Untracked 
|  54|0x0000000616000000, 0x0000000616400000, 0x0000000616400000|100%| O|  |TAMS 0x0000000616000000, 0x0000000616000000| Untracked 
|  55|0x0000000616400000, 0x0000000616800000, 0x0000000616800000|100%| O|  |TAMS 0x0000000616400000, 0x0000000616400000| Untracked 
|  56|0x0000000616800000, 0x0000000616c00000, 0x0000000616c00000|100%| O|  |TAMS 0x0000000616800000, 0x0000000616800000| Untracked 
|  57|0x0000000616c00000, 0x0000000617000000, 0x0000000617000000|100%| O|  |TAMS 0x0000000616c00000, 0x0000000616c00000| Untracked 
|  58|0x0000000617000000, 0x0000000617400000, 0x0000000617400000|100%| O|  |TAMS 0x0000000617000000, 0x0000000617000000| Untracked 
|  59|0x0000000617400000, 0x0000000617800000, 0x0000000617800000|100%| O|  |TAMS 0x0000000617400000, 0x0000000617400000| Untracked 
|  60|0x0000000617800000, 0x0000000617c00000, 0x0000000617c00000|100%| O|  |TAMS 0x0000000617800000, 0x0000000617800000| Untracked 
|  61|0x0000000617c00000, 0x0000000618000000, 0x0000000618000000|100%| O|  |TAMS 0x0000000617c00000, 0x0000000617c00000| Untracked 
|  62|0x0000000618000000, 0x0000000618400000, 0x0000000618400000|100%| O|  |TAMS 0x0000000618000000, 0x0000000618000000| Untracked 
|  63|0x0000000618400000, 0x0000000618800000, 0x0000000618800000|100%| O|  |TAMS 0x0000000618400000, 0x0000000618400000| Untracked 
|  64|0x0000000618800000, 0x0000000618c00000, 0x0000000618c00000|100%| O|  |TAMS 0x0000000618800000, 0x0000000618800000| Untracked 
|  65|0x0000000618c00000, 0x0000000619000000, 0x0000000619000000|100%| O|  |TAMS 0x0000000618c00000, 0x0000000618c00000| Untracked 
|  66|0x0000000619000000, 0x0000000619400000, 0x0000000619400000|100%| O|  |TAMS 0x0000000619000000, 0x0000000619000000| Untracked 
|  67|0x0000000619400000, 0x0000000619800000, 0x0000000619800000|100%| O|  |TAMS 0x0000000619400000, 0x0000000619400000| Untracked 
|  68|0x0000000619800000, 0x0000000619c00000, 0x0000000619c00000|100%| O|  |TAMS 0x0000000619800000, 0x0000000619800000| Untracked 
|  69|0x0000000619c00000, 0x000000061a000000, 0x000000061a000000|100%| O|  |TAMS 0x0000000619c00000, 0x0000000619c00000| Untracked 
|  70|0x000000061a000000, 0x000000061a400000, 0x000000061a400000|100%| O|  |TAMS 0x000000061a000000, 0x000000061a000000| Untracked 
|  71|0x000000061a400000, 0x000000061a800000, 0x000000061a800000|100%| O|  |TAMS 0x000000061a400000, 0x000000061a400000| Untracked 
|  72|0x000000061a800000, 0x000000061ac00000, 0x000000061ac00000|100%| O|  |TAMS 0x000000061a800000, 0x000000061a800000| Untracked 
|  73|0x000000061ac00000, 0x000000061b000000, 0x000000061b000000|100%| O|  |TAMS 0x000000061ac00000, 0x000000061ac00000| Untracked 
|  74|0x000000061b000000, 0x000000061b400000, 0x000000061b400000|100%| O|  |TAMS 0x000000061b000000, 0x000000061b000000| Untracked 
|  75|0x000000061b400000, 0x000000061b800000, 0x000000061b800000|100%| O|  |TAMS 0x000000061b400000, 0x000000061b400000| Untracked 
|  76|0x000000061b800000, 0x000000061bc00000, 0x000000061bc00000|100%| O|  |TAMS 0x000000061b800000, 0x000000061b800000| Untracked 
|  77|0x000000061bc00000, 0x000000061c000000, 0x000000061c000000|100%| O|  |TAMS 0x000000061bc00000, 0x000000061bc00000| Untracked 
|  78|0x000000061c000000, 0x000000061c368600, 0x000000061c400000| 85%| O|  |TAMS 0x000000061c000000, 0x000000061c000000| Untracked 
|  79|0x000000061c400000, 0x000000061c400000, 0x000000061c800000|  0%| F|  |TAMS 0x000000061c400000, 0x000000061c400000| Untracked 
|  80|0x000000061c800000, 0x000000061c800000, 0x000000061cc00000|  0%| F|  |TAMS 0x000000061c800000, 0x000000061c800000| Untracked 
|  81|0x000000061cc00000, 0x000000061cc00000, 0x000000061d000000|  0%| F|  |TAMS 0x000000061cc00000, 0x000000061cc00000| Untracked 
|  82|0x000000061d000000, 0x000000061d000000, 0x000000061d400000|  0%| F|  |TAMS 0x000000061d000000, 0x000000061d000000| Untracked 
|  83|0x000000061d400000, 0x000000061d400000, 0x000000061d800000|  0%| F|  |TAMS 0x000000061d400000, 0x000000061d400000| Untracked 
|  84|0x000000061d800000, 0x000000061d800000, 0x000000061dc00000|  0%| F|  |TAMS 0x000000061d800000, 0x000000061d800000| Untracked 
|  85|0x000000061dc00000, 0x000000061dc00000, 0x000000061e000000|  0%| F|  |TAMS 0x000000061dc00000, 0x000000061dc00000| Untracked 
|  86|0x000000061e000000, 0x000000061e000000, 0x000000061e400000|  0%| F|  |TAMS 0x000000061e000000, 0x000000061e000000| Untracked 
|  87|0x000000061e400000, 0x000000061e400000, 0x000000061e800000|  0%| F|  |TAMS 0x000000061e400000, 0x000000061e400000| Untracked 
|  88|0x000000061e800000, 0x000000061e800000, 0x000000061ec00000|  0%| F|  |TAMS 0x000000061e800000, 0x000000061e800000| Untracked 
|  89|0x000000061ec00000, 0x000000061ec00000, 0x000000061f000000|  0%| F|  |TAMS 0x000000061ec00000, 0x000000061ec00000| Untracked 
|  90|0x000000061f000000, 0x000000061f000000, 0x000000061f400000|  0%| F|  |TAMS 0x000000061f000000, 0x000000061f000000| Untracked 
|  91|0x000000061f400000, 0x000000061f400000, 0x000000061f800000|  0%| F|  |TAMS 0x000000061f400000, 0x000000061f400000| Untracked 
|  92|0x000000061f800000, 0x000000061f800000, 0x000000061fc00000|  0%| F|  |TAMS 0x000000061f800000, 0x000000061f800000| Untracked 
|  93|0x000000061fc00000, 0x000000061fc00000, 0x0000000620000000|  0%| F|  |TAMS 0x000000061fc00000, 0x000000061fc00000| Untracked 
|  94|0x0000000620000000, 0x0000000620000000, 0x0000000620400000|  0%| F|  |TAMS 0x0000000620000000, 0x0000000620000000| Untracked 
|  95|0x0000000620400000, 0x0000000620400000, 0x0000000620800000|  0%| F|  |TAMS 0x0000000620400000, 0x0000000620400000| Untracked 
|  96|0x0000000620800000, 0x0000000620800000, 0x0000000620c00000|  0%| F|  |TAMS 0x0000000620800000, 0x0000000620800000| Untracked 
|  97|0x0000000620c00000, 0x0000000620c00000, 0x0000000621000000|  0%| F|  |TAMS 0x0000000620c00000, 0x0000000620c00000| Untracked 
|  98|0x0000000621000000, 0x0000000621000000, 0x0000000621400000|  0%| F|  |TAMS 0x0000000621000000, 0x0000000621000000| Untracked 
|  99|0x0000000621400000, 0x0000000621400000, 0x0000000621800000|  0%| F|  |TAMS 0x0000000621400000, 0x0000000621400000| Untracked 
| 100|0x0000000621800000, 0x0000000621800000, 0x0000000621c00000|  0%| F|  |TAMS 0x0000000621800000, 0x0000000621800000| Untracked 
| 101|0x0000000621c00000, 0x0000000621c00000, 0x0000000622000000|  0%| F|  |TAMS 0x0000000621c00000, 0x0000000621c00000| Untracked 
| 102|0x0000000622000000, 0x0000000622000000, 0x0000000622400000|  0%| F|  |TAMS 0x0000000622000000, 0x0000000622000000| Untracked 
| 103|0x0000000622400000, 0x0000000622400000, 0x0000000622800000|  0%| F|  |TAMS 0x0000000622400000, 0x0000000622400000| Untracked 
| 104|0x0000000622800000, 0x0000000622800000, 0x0000000622c00000|  0%| F|  |TAMS 0x0000000622800000, 0x0000000622800000| Untracked 
| 105|0x0000000622c00000, 0x0000000622c00000, 0x0000000623000000|  0%| F|  |TAMS 0x0000000622c00000, 0x0000000622c00000| Untracked 
| 106|0x0000000623000000, 0x0000000623000000, 0x0000000623400000|  0%| F|  |TAMS 0x0000000623000000, 0x0000000623000000| Untracked 
| 107|0x0000000623400000, 0x0000000623400000, 0x0000000623800000|  0%| F|  |TAMS 0x0000000623400000, 0x0000000623400000| Untracked 
| 108|0x0000000623800000, 0x0000000623800000, 0x0000000623c00000|  0%| F|  |TAMS 0x0000000623800000, 0x0000000623800000| Untracked 
| 109|0x0000000623c00000, 0x0000000623c00000, 0x0000000624000000|  0%| F|  |TAMS 0x0000000623c00000, 0x0000000623c00000| Untracked 
| 110|0x0000000624000000, 0x0000000624000000, 0x0000000624400000|  0%| F|  |TAMS 0x0000000624000000, 0x0000000624000000| Untracked 
| 111|0x0000000624400000, 0x0000000624400000, 0x0000000624800000|  0%| F|  |TAMS 0x0000000624400000, 0x0000000624400000| Untracked 
| 112|0x0000000624800000, 0x0000000624800000, 0x0000000624c00000|  0%| F|  |TAMS 0x0000000624800000, 0x0000000624800000| Untracked 
| 113|0x0000000624c00000, 0x0000000624c00000, 0x0000000625000000|  0%| F|  |TAMS 0x0000000624c00000, 0x0000000624c00000| Untracked 
| 114|0x0000000625000000, 0x0000000625000000, 0x0000000625400000|  0%| F|  |TAMS 0x0000000625000000, 0x0000000625000000| Untracked 
| 115|0x0000000625400000, 0x0000000625400000, 0x0000000625800000|  0%| F|  |TAMS 0x0000000625400000, 0x0000000625400000| Untracked 
| 116|0x0000000625800000, 0x0000000625800000, 0x0000000625c00000|  0%| F|  |TAMS 0x0000000625800000, 0x0000000625800000| Untracked 
| 117|0x0000000625c00000, 0x0000000625c00000, 0x0000000626000000|  0%| F|  |TAMS 0x0000000625c00000, 0x0000000625c00000| Untracked 
| 118|0x0000000626000000, 0x0000000626000000, 0x0000000626400000|  0%| F|  |TAMS 0x0000000626000000, 0x0000000626000000| Untracked 
| 119|0x0000000626400000, 0x0000000626400000, 0x0000000626800000|  0%| F|  |TAMS 0x0000000626400000, 0x0000000626400000| Untracked 
| 120|0x0000000626800000, 0x0000000626800000, 0x0000000626c00000|  0%| F|  |TAMS 0x0000000626800000, 0x0000000626800000| Untracked 
| 121|0x0000000626c00000, 0x0000000626c00000, 0x0000000627000000|  0%| F|  |TAMS 0x0000000626c00000, 0x0000000626c00000| Untracked 
| 122|0x0000000627000000, 0x0000000627000000, 0x0000000627400000|  0%| F|  |TAMS 0x0000000627000000, 0x0000000627000000| Untracked 
| 123|0x0000000627400000, 0x0000000627400000, 0x0000000627800000|  0%| F|  |TAMS 0x0000000627400000, 0x0000000627400000| Untracked 
| 124|0x0000000627800000, 0x0000000627800000, 0x0000000627c00000|  0%| F|  |TAMS 0x0000000627800000, 0x0000000627800000| Untracked 
| 125|0x0000000627c00000, 0x0000000627c00000, 0x0000000628000000|  0%| F|  |TAMS 0x0000000627c00000, 0x0000000627c00000| Untracked 
| 126|0x0000000628000000, 0x000000062831a980, 0x0000000628400000| 77%| S|CS|TAMS 0x0000000628000000, 0x0000000628000000| Complete 
| 127|0x0000000628400000, 0x0000000628800000, 0x0000000628800000|100%| S|CS|TAMS 0x0000000628400000, 0x0000000628400000| Complete 
| 128|0x0000000628800000, 0x0000000628c00000, 0x0000000628c00000|100%| S|CS|TAMS 0x0000000628800000, 0x0000000628800000| Complete 
| 129|0x0000000628c00000, 0x0000000628c00000, 0x0000000629000000|  0%| F|  |TAMS 0x0000000628c00000, 0x0000000628c00000| Untracked 
| 130|0x0000000629000000, 0x0000000629000000, 0x0000000629400000|  0%| F|  |TAMS 0x0000000629000000, 0x0000000629000000| Untracked 
| 131|0x0000000629400000, 0x0000000629400000, 0x0000000629800000|  0%| F|  |TAMS 0x0000000629400000, 0x0000000629400000| Untracked 
| 132|0x0000000629800000, 0x0000000629800000, 0x0000000629c00000|  0%| F|  |TAMS 0x0000000629800000, 0x0000000629800000| Untracked 
| 133|0x0000000629c00000, 0x0000000629c00000, 0x000000062a000000|  0%| F|  |TAMS 0x0000000629c00000, 0x0000000629c00000| Untracked 
| 134|0x000000062a000000, 0x000000062a000000, 0x000000062a400000|  0%| F|  |TAMS 0x000000062a000000, 0x000000062a000000| Untracked 
| 135|0x000000062a400000, 0x000000062a400000, 0x000000062a800000|  0%| F|  |TAMS 0x000000062a400000, 0x000000062a400000| Untracked 
| 136|0x000000062a800000, 0x000000062a800000, 0x000000062ac00000|  0%| F|  |TAMS 0x000000062a800000, 0x000000062a800000| Untracked 
| 137|0x000000062ac00000, 0x000000062ac00000, 0x000000062b000000|  0%| F|  |TAMS 0x000000062ac00000, 0x000000062ac00000| Untracked 
| 138|0x000000062b000000, 0x000000062b000000, 0x000000062b400000|  0%| F|  |TAMS 0x000000062b000000, 0x000000062b000000| Untracked 
| 139|0x000000062b400000, 0x000000062b400000, 0x000000062b800000|  0%| F|  |TAMS 0x000000062b400000, 0x000000062b400000| Untracked 
| 140|0x000000062b800000, 0x000000062b800000, 0x000000062bc00000|  0%| F|  |TAMS 0x000000062b800000, 0x000000062b800000| Untracked 
| 141|0x000000062bc00000, 0x000000062bc00000, 0x000000062c000000|  0%| F|  |TAMS 0x000000062bc00000, 0x000000062bc00000| Untracked 
| 142|0x000000062c000000, 0x000000062c000000, 0x000000062c400000|  0%| F|  |TAMS 0x000000062c000000, 0x000000062c000000| Untracked 
| 143|0x000000062c400000, 0x000000062c400000, 0x000000062c800000|  0%| F|  |TAMS 0x000000062c400000, 0x000000062c400000| Untracked 
| 144|0x000000062c800000, 0x000000062c800000, 0x000000062cc00000|  0%| F|  |TAMS 0x000000062c800000, 0x000000062c800000| Untracked 
| 145|0x000000062cc00000, 0x000000062cc00000, 0x000000062d000000|  0%| F|  |TAMS 0x000000062cc00000, 0x000000062cc00000| Untracked 
| 146|0x000000062d000000, 0x000000062d000000, 0x000000062d400000|  0%| F|  |TAMS 0x000000062d000000, 0x000000062d000000| Untracked 
| 147|0x000000062d400000, 0x000000062d400000, 0x000000062d800000|  0%| F|  |TAMS 0x000000062d400000, 0x000000062d400000| Untracked 
| 148|0x000000062d800000, 0x000000062d800000, 0x000000062dc00000|  0%| F|  |TAMS 0x000000062d800000, 0x000000062d800000| Untracked 
| 149|0x000000062dc00000, 0x000000062dc00000, 0x000000062e000000|  0%| F|  |TAMS 0x000000062dc00000, 0x000000062dc00000| Untracked 
| 150|0x000000062e000000, 0x000000062e000000, 0x000000062e400000|  0%| F|  |TAMS 0x000000062e000000, 0x000000062e000000| Untracked 
| 151|0x000000062e400000, 0x000000062e400000, 0x000000062e800000|  0%| F|  |TAMS 0x000000062e400000, 0x000000062e400000| Untracked 
| 152|0x000000062e800000, 0x000000062e800000, 0x000000062ec00000|  0%| F|  |TAMS 0x000000062e800000, 0x000000062e800000| Untracked 
| 153|0x000000062ec00000, 0x000000062ec00000, 0x000000062f000000|  0%| F|  |TAMS 0x000000062ec00000, 0x000000062ec00000| Untracked 
| 154|0x000000062f000000, 0x000000062f000000, 0x000000062f400000|  0%| F|  |TAMS 0x000000062f000000, 0x000000062f000000| Untracked 
| 155|0x000000062f400000, 0x000000062f400000, 0x000000062f800000|  0%| F|  |TAMS 0x000000062f400000, 0x000000062f400000| Untracked 
| 156|0x000000062f800000, 0x000000062f800000, 0x000000062fc00000|  0%| F|  |TAMS 0x000000062f800000, 0x000000062f800000| Untracked 
| 157|0x000000062fc00000, 0x000000062fc00000, 0x0000000630000000|  0%| F|  |TAMS 0x000000062fc00000, 0x000000062fc00000| Untracked 
| 158|0x0000000630000000, 0x0000000630000000, 0x0000000630400000|  0%| F|  |TAMS 0x0000000630000000, 0x0000000630000000| Untracked 
| 159|0x0000000630400000, 0x0000000630400000, 0x0000000630800000|  0%| F|  |TAMS 0x0000000630400000, 0x0000000630400000| Untracked 
| 160|0x0000000630800000, 0x0000000630800000, 0x0000000630c00000|  0%| F|  |TAMS 0x0000000630800000, 0x0000000630800000| Untracked 
| 161|0x0000000630c00000, 0x0000000630c00000, 0x0000000631000000|  0%| F|  |TAMS 0x0000000630c00000, 0x0000000630c00000| Untracked 
| 162|0x0000000631000000, 0x0000000631000000, 0x0000000631400000|  0%| F|  |TAMS 0x0000000631000000, 0x0000000631000000| Untracked 
| 163|0x0000000631400000, 0x0000000631400000, 0x0000000631800000|  0%| F|  |TAMS 0x0000000631400000, 0x0000000631400000| Untracked 
| 164|0x0000000631800000, 0x0000000631800000, 0x0000000631c00000|  0%| F|  |TAMS 0x0000000631800000, 0x0000000631800000| Untracked 
| 165|0x0000000631c00000, 0x0000000631c00000, 0x0000000632000000|  0%| F|  |TAMS 0x0000000631c00000, 0x0000000631c00000| Untracked 
| 166|0x0000000632000000, 0x0000000632000000, 0x0000000632400000|  0%| F|  |TAMS 0x0000000632000000, 0x0000000632000000| Untracked 
| 167|0x0000000632400000, 0x0000000632400000, 0x0000000632800000|  0%| F|  |TAMS 0x0000000632400000, 0x0000000632400000| Untracked 
| 168|0x0000000632800000, 0x0000000632800000, 0x0000000632c00000|  0%| F|  |TAMS 0x0000000632800000, 0x0000000632800000| Untracked 
| 169|0x0000000632c00000, 0x0000000632c00000, 0x0000000633000000|  0%| F|  |TAMS 0x0000000632c00000, 0x0000000632c00000| Untracked 
| 170|0x0000000633000000, 0x0000000633000000, 0x0000000633400000|  0%| F|  |TAMS 0x0000000633000000, 0x0000000633000000| Untracked 
| 171|0x0000000633400000, 0x0000000633400000, 0x0000000633800000|  0%| F|  |TAMS 0x0000000633400000, 0x0000000633400000| Untracked 
| 172|0x0000000633800000, 0x0000000633800000, 0x0000000633c00000|  0%| F|  |TAMS 0x0000000633800000, 0x0000000633800000| Untracked 
| 173|0x0000000633c00000, 0x0000000633c00000, 0x0000000634000000|  0%| F|  |TAMS 0x0000000633c00000, 0x0000000633c00000| Untracked 
| 174|0x0000000634000000, 0x0000000634000000, 0x0000000634400000|  0%| F|  |TAMS 0x0000000634000000, 0x0000000634000000| Untracked 
| 175|0x0000000634400000, 0x0000000634400000, 0x0000000634800000|  0%| F|  |TAMS 0x0000000634400000, 0x0000000634400000| Untracked 
| 176|0x0000000634800000, 0x0000000634800000, 0x0000000634c00000|  0%| F|  |TAMS 0x0000000634800000, 0x0000000634800000| Untracked 
| 177|0x0000000634c00000, 0x0000000634c00000, 0x0000000635000000|  0%| F|  |TAMS 0x0000000634c00000, 0x0000000634c00000| Untracked 
| 178|0x0000000635000000, 0x0000000635000000, 0x0000000635400000|  0%| F|  |TAMS 0x0000000635000000, 0x0000000635000000| Untracked 
| 179|0x0000000635400000, 0x0000000635400000, 0x0000000635800000|  0%| F|  |TAMS 0x0000000635400000, 0x0000000635400000| Untracked 
| 180|0x0000000635800000, 0x0000000635800000, 0x0000000635c00000|  0%| F|  |TAMS 0x0000000635800000, 0x0000000635800000| Untracked 
| 181|0x0000000635c00000, 0x0000000635c00000, 0x0000000636000000|  0%| F|  |TAMS 0x0000000635c00000, 0x0000000635c00000| Untracked 
| 182|0x0000000636000000, 0x0000000636000000, 0x0000000636400000|  0%| F|  |TAMS 0x0000000636000000, 0x0000000636000000| Untracked 
| 183|0x0000000636400000, 0x0000000636400000, 0x0000000636800000|  0%| F|  |TAMS 0x0000000636400000, 0x0000000636400000| Untracked 
| 184|0x0000000636800000, 0x0000000636800000, 0x0000000636c00000|  0%| F|  |TAMS 0x0000000636800000, 0x0000000636800000| Untracked 
| 185|0x0000000636c00000, 0x0000000636c00000, 0x0000000637000000|  0%| F|  |TAMS 0x0000000636c00000, 0x0000000636c00000| Untracked 
| 186|0x0000000637000000, 0x0000000637000000, 0x0000000637400000|  0%| F|  |TAMS 0x0000000637000000, 0x0000000637000000| Untracked 
| 187|0x0000000637400000, 0x0000000637400000, 0x0000000637800000|  0%| F|  |TAMS 0x0000000637400000, 0x0000000637400000| Untracked 
| 188|0x0000000637800000, 0x0000000637800000, 0x0000000637c00000|  0%| F|  |TAMS 0x0000000637800000, 0x0000000637800000| Untracked 
| 189|0x0000000637c00000, 0x0000000637c00000, 0x0000000638000000|  0%| F|  |TAMS 0x0000000637c00000, 0x0000000637c00000| Untracked 
| 190|0x0000000638000000, 0x0000000638000000, 0x0000000638400000|  0%| F|  |TAMS 0x0000000638000000, 0x0000000638000000| Untracked 
| 191|0x0000000638400000, 0x0000000638400000, 0x0000000638800000|  0%| F|  |TAMS 0x0000000638400000, 0x0000000638400000| Untracked 
| 192|0x0000000638800000, 0x0000000638800000, 0x0000000638c00000|  0%| F|  |TAMS 0x0000000638800000, 0x0000000638800000| Untracked 
| 193|0x0000000638c00000, 0x0000000638c00000, 0x0000000639000000|  0%| F|  |TAMS 0x0000000638c00000, 0x0000000638c00000| Untracked 
| 194|0x0000000639000000, 0x0000000639000000, 0x0000000639400000|  0%| F|  |TAMS 0x0000000639000000, 0x0000000639000000| Untracked 
| 195|0x0000000639400000, 0x0000000639400000, 0x0000000639800000|  0%| F|  |TAMS 0x0000000639400000, 0x0000000639400000| Untracked 
| 196|0x0000000639800000, 0x0000000639800000, 0x0000000639c00000|  0%| F|  |TAMS 0x0000000639800000, 0x0000000639800000| Untracked 
| 197|0x0000000639c00000, 0x0000000639c00000, 0x000000063a000000|  0%| F|  |TAMS 0x0000000639c00000, 0x0000000639c00000| Untracked 
| 198|0x000000063a000000, 0x000000063a000000, 0x000000063a400000|  0%| F|  |TAMS 0x000000063a000000, 0x000000063a000000| Untracked 
| 199|0x000000063a400000, 0x000000063a400000, 0x000000063a800000|  0%| F|  |TAMS 0x000000063a400000, 0x000000063a400000| Untracked 
| 200|0x000000063a800000, 0x000000063a800000, 0x000000063ac00000|  0%| F|  |TAMS 0x000000063a800000, 0x000000063a800000| Untracked 
| 201|0x000000063ac00000, 0x000000063ac00000, 0x000000063b000000|  0%| F|  |TAMS 0x000000063ac00000, 0x000000063ac00000| Untracked 
| 202|0x000000063b000000, 0x000000063b000000, 0x000000063b400000|  0%| F|  |TAMS 0x000000063b000000, 0x000000063b000000| Untracked 
| 203|0x000000063b400000, 0x000000063b400000, 0x000000063b800000|  0%| F|  |TAMS 0x000000063b400000, 0x000000063b400000| Untracked 
| 204|0x000000063b800000, 0x000000063b800000, 0x000000063bc00000|  0%| F|  |TAMS 0x000000063b800000, 0x000000063b800000| Untracked 
| 205|0x000000063bc00000, 0x000000063bc00000, 0x000000063c000000|  0%| F|  |TAMS 0x000000063bc00000, 0x000000063bc00000| Untracked 
| 206|0x000000063c000000, 0x000000063c000000, 0x000000063c400000|  0%| F|  |TAMS 0x000000063c000000, 0x000000063c000000| Untracked 
| 207|0x000000063c400000, 0x000000063c400000, 0x000000063c800000|  0%| F|  |TAMS 0x000000063c400000, 0x000000063c400000| Untracked 
| 208|0x000000063c800000, 0x000000063c800000, 0x000000063cc00000|  0%| F|  |TAMS 0x000000063c800000, 0x000000063c800000| Untracked 
| 209|0x000000063cc00000, 0x000000063cc00000, 0x000000063d000000|  0%| F|  |TAMS 0x000000063cc00000, 0x000000063cc00000| Untracked 
| 210|0x000000063d000000, 0x000000063d000000, 0x000000063d400000|  0%| F|  |TAMS 0x000000063d000000, 0x000000063d000000| Untracked 
| 211|0x000000063d400000, 0x000000063d400000, 0x000000063d800000|  0%| F|  |TAMS 0x000000063d400000, 0x000000063d400000| Untracked 
| 212|0x000000063d800000, 0x000000063d800000, 0x000000063dc00000|  0%| F|  |TAMS 0x000000063d800000, 0x000000063d800000| Untracked 
| 213|0x000000063dc00000, 0x000000063dc00000, 0x000000063e000000|  0%| F|  |TAMS 0x000000063dc00000, 0x000000063dc00000| Untracked 
| 214|0x000000063e000000, 0x000000063e000000, 0x000000063e400000|  0%| F|  |TAMS 0x000000063e000000, 0x000000063e000000| Untracked 
| 215|0x000000063e400000, 0x000000063e400000, 0x000000063e800000|  0%| F|  |TAMS 0x000000063e400000, 0x000000063e400000| Untracked 
| 216|0x000000063e800000, 0x000000063e800000, 0x000000063ec00000|  0%| F|  |TAMS 0x000000063e800000, 0x000000063e800000| Untracked 
| 217|0x000000063ec00000, 0x000000063ec00000, 0x000000063f000000|  0%| F|  |TAMS 0x000000063ec00000, 0x000000063ec00000| Untracked 
| 218|0x000000063f000000, 0x000000063f000000, 0x000000063f400000|  0%| F|  |TAMS 0x000000063f000000, 0x000000063f000000| Untracked 
| 219|0x000000063f400000, 0x000000063f400000, 0x000000063f800000|  0%| F|  |TAMS 0x000000063f400000, 0x000000063f400000| Untracked 
| 220|0x000000063f800000, 0x000000063f800000, 0x000000063fc00000|  0%| F|  |TAMS 0x000000063f800000, 0x000000063f800000| Untracked 
| 221|0x000000063fc00000, 0x000000063fc00000, 0x0000000640000000|  0%| F|  |TAMS 0x000000063fc00000, 0x000000063fc00000| Untracked 
| 222|0x0000000640000000, 0x0000000640000000, 0x0000000640400000|  0%| F|  |TAMS 0x0000000640000000, 0x0000000640000000| Untracked 
| 223|0x0000000640400000, 0x0000000640400000, 0x0000000640800000|  0%| F|  |TAMS 0x0000000640400000, 0x0000000640400000| Untracked 
| 224|0x0000000640800000, 0x0000000640800000, 0x0000000640c00000|  0%| F|  |TAMS 0x0000000640800000, 0x0000000640800000| Untracked 
| 225|0x0000000640c00000, 0x0000000640c00000, 0x0000000641000000|  0%| F|  |TAMS 0x0000000640c00000, 0x0000000640c00000| Untracked 
| 226|0x0000000641000000, 0x0000000641000000, 0x0000000641400000|  0%| F|  |TAMS 0x0000000641000000, 0x0000000641000000| Untracked 
| 227|0x0000000641400000, 0x0000000641400000, 0x0000000641800000|  0%| F|  |TAMS 0x0000000641400000, 0x0000000641400000| Untracked 
| 228|0x0000000641800000, 0x0000000641800000, 0x0000000641c00000|  0%| F|  |TAMS 0x0000000641800000, 0x0000000641800000| Untracked 
| 229|0x0000000641c00000, 0x0000000641c00000, 0x0000000642000000|  0%| F|  |TAMS 0x0000000641c00000, 0x0000000641c00000| Untracked 
| 230|0x0000000642000000, 0x0000000642000000, 0x0000000642400000|  0%| F|  |TAMS 0x0000000642000000, 0x0000000642000000| Untracked 
| 231|0x0000000642400000, 0x0000000642400000, 0x0000000642800000|  0%| F|  |TAMS 0x0000000642400000, 0x0000000642400000| Untracked 
| 232|0x0000000642800000, 0x0000000642800000, 0x0000000642c00000|  0%| F|  |TAMS 0x0000000642800000, 0x0000000642800000| Untracked 
| 233|0x0000000642c00000, 0x0000000642c00000, 0x0000000643000000|  0%| F|  |TAMS 0x0000000642c00000, 0x0000000642c00000| Untracked 
| 234|0x0000000643000000, 0x0000000643000000, 0x0000000643400000|  0%| F|  |TAMS 0x0000000643000000, 0x0000000643000000| Untracked 
| 235|0x0000000643400000, 0x0000000643400000, 0x0000000643800000|  0%| F|  |TAMS 0x0000000643400000, 0x0000000643400000| Untracked 
| 236|0x0000000643800000, 0x0000000643800000, 0x0000000643c00000|  0%| F|  |TAMS 0x0000000643800000, 0x0000000643800000| Untracked 
| 237|0x0000000643c00000, 0x0000000643c00000, 0x0000000644000000|  0%| F|  |TAMS 0x0000000643c00000, 0x0000000643c00000| Untracked 
| 238|0x0000000644000000, 0x0000000644000000, 0x0000000644400000|  0%| F|  |TAMS 0x0000000644000000, 0x0000000644000000| Untracked 
| 239|0x0000000644400000, 0x0000000644400000, 0x0000000644800000|  0%| F|  |TAMS 0x0000000644400000, 0x0000000644400000| Untracked 
| 240|0x0000000644800000, 0x0000000644800000, 0x0000000644c00000|  0%| F|  |TAMS 0x0000000644800000, 0x0000000644800000| Untracked 
| 241|0x0000000644c00000, 0x0000000644c00000, 0x0000000645000000|  0%| F|  |TAMS 0x0000000644c00000, 0x0000000644c00000| Untracked 
| 242|0x0000000645000000, 0x0000000645000000, 0x0000000645400000|  0%| F|  |TAMS 0x0000000645000000, 0x0000000645000000| Untracked 
| 243|0x0000000645400000, 0x0000000645400000, 0x0000000645800000|  0%| F|  |TAMS 0x0000000645400000, 0x0000000645400000| Untracked 
| 244|0x0000000645800000, 0x0000000645800000, 0x0000000645c00000|  0%| F|  |TAMS 0x0000000645800000, 0x0000000645800000| Untracked 
| 245|0x0000000645c00000, 0x0000000645c00000, 0x0000000646000000|  0%| F|  |TAMS 0x0000000645c00000, 0x0000000645c00000| Untracked 
| 246|0x0000000646000000, 0x0000000646000000, 0x0000000646400000|  0%| F|  |TAMS 0x0000000646000000, 0x0000000646000000| Untracked 
| 247|0x0000000646400000, 0x0000000646400000, 0x0000000646800000|  0%| F|  |TAMS 0x0000000646400000, 0x0000000646400000| Untracked 
| 248|0x0000000646800000, 0x0000000646800000, 0x0000000646c00000|  0%| F|  |TAMS 0x0000000646800000, 0x0000000646800000| Untracked 
| 249|0x0000000646c00000, 0x0000000646c00000, 0x0000000647000000|  0%| F|  |TAMS 0x0000000646c00000, 0x0000000646c00000| Untracked 
| 250|0x0000000647000000, 0x0000000647000000, 0x0000000647400000|  0%| F|  |TAMS 0x0000000647000000, 0x0000000647000000| Untracked 
| 251|0x0000000647400000, 0x0000000647400000, 0x0000000647800000|  0%| F|  |TAMS 0x0000000647400000, 0x0000000647400000| Untracked 
| 252|0x0000000647800000, 0x0000000647800000, 0x0000000647c00000|  0%| F|  |TAMS 0x0000000647800000, 0x0000000647800000| Untracked 
|2011|0x00000007ff400000, 0x00000007ff800000, 0x00000007ff800000|100%| O|  |TAMS 0x00000007ff800000, 0x00000007ff400000| Untracked 
|2012|0x00000007ff800000, 0x00000007ffc00000, 0x00000007ffc00000|100%| O|  |TAMS 0x00000007ffc00000, 0x00000007ff800000| Untracked 
|2013|0x00000007ffc00000, 0x0000000800000000, 0x0000000800000000|100%| O|  |TAMS 0x0000000800000000, 0x00000007ffc00000| Untracked 

Card table byte_map: [0x000001ff626a0000,0x000001ff63660000] _byte_map_base: 0x000001ff5f65c000

Marking Bits (Prev, Next): (CMBitMap*) 0x000001ff49ff6f20, (CMBitMap*) 0x000001ff49ff6ee0
 Prev Bits: [0x000001ff6c400000, 0x000001ff741e0000)
 Next Bits: [0x000001ff64620000, 0x000001ff6c400000)

Polling page: 0x000001ff4a040000

Metaspace:

Usage:
  Non-class:     35.29 MB used.
      Class:      4.24 MB used.
       Both:     39.53 MB used.

Virtual space:
  Non-class space:       64.00 MB reserved,      35.62 MB ( 56%) committed,  1 nodes.
      Class space:        1.00 GB reserved,       4.56 MB ( <1%) committed,  1 nodes.
             Both:        1.06 GB reserved,      40.19 MB (  4%) committed. 

Chunk freelists:
   Non-Class:  3.83 MB
       Class:  3.25 MB
        Both:  7.08 MB

MaxMetaspaceSize: unlimited
CompressedClassSpaceSize: 1.00 GB
Initial GC threshold: 21.00 MB
Current GC threshold: 46.56 MB
CDS: on
MetaspaceReclaimPolicy: balanced
 - commit_granule_bytes: 65536.
 - commit_granule_words: 8192.
 - virtual_space_node_default_size: 8388608.
 - enlarge_chunks_in_place: 1.
 - new_chunks_are_fully_committed: 0.
 - uncommit_free_chunks: 1.
 - use_allocation_guard: 0.


Internal statistics:

num_allocs_failed_limit: 3.
num_arena_births: 952.
num_arena_deaths: 0.
num_vsnodes_births: 2.
num_vsnodes_deaths: 0.
num_space_committed: 642.
num_space_uncommitted: 0.
num_chunks_returned_to_freelist: 3.
num_chunks_taken_from_freelist: 2712.
num_chunk_merges: 3.
num_chunk_splits: 1796.
num_chunks_enlarged: 1184.
num_inconsistent_stats: 0.

CodeHeap 'non-profiled nmethods': size=120000Kb used=12874Kb max_used=12874Kb free=107125Kb
 bounds [0x000001ff59410000, 0x000001ff5a0b0000, 0x000001ff60940000]
CodeHeap 'profiled nmethods': size=120000Kb used=22308Kb max_used=22800Kb free=97692Kb
 bounds [0x000001ff51ee0000, 0x000001ff53530000, 0x000001ff59410000]
CodeHeap 'non-nmethods': size=5760Kb used=1273Kb max_used=1348Kb free=4486Kb
 bounds [0x000001ff51940000, 0x000001ff51bb0000, 0x000001ff51ee0000]
 total_blobs=11635 nmethods=11063 adapters=483
 compilation: enabled
              stopped_count=0, restarted_count=0
 full_count=0

Compilation events (20 events):
Event: 73.631 Thread 0x000001ff7b4088a0 14745       4       lombok.javac.handlers.HandleVal::eq (58 bytes)
Event: 73.640 Thread 0x000001ff7b4088a0 nmethod 14745 0x000001ff5a09d790 code [0x000001ff5a09d920, 0x000001ff5a09e3b8]
Event: 73.640 Thread 0x000001ff7b4088a0 14746       4       com.sun.tools.javac.code.Symtab::instance (26 bytes)
Event: 73.646 Thread 0x000001ff7b4088a0 nmethod 14746 0x000001ff5a09e510 code [0x000001ff5a09e6c0, 0x000001ff5a09e9d8]
Event: 73.647 Thread 0x000001ff7b4088a0 14748       4       com.sun.tools.javac.tree.TreeMaker::instance (26 bytes)
Event: 73.647 Thread 0x000001ff7d9bd9e0 14750       4       com.sun.tools.javac.model.JavacElements::instance (25 bytes)
Event: 73.652 Thread 0x000001ff7b4088a0 nmethod 14748 0x000001ff5a09ed10 code [0x000001ff5a09eec0, 0x000001ff5a09f1d8]
Event: 73.652 Thread 0x000001ff7b4088a0 14749       4       lombok.javac.JavacASTAdapter::visitType (1 bytes)
Event: 73.652 Thread 0x000001ff7b4088a0 nmethod 14749 0x000001ff5a09f510 code [0x000001ff5a09f680, 0x000001ff5a09f6f8]
Event: 73.652 Thread 0x000001ff7b4088a0 14747       4       lombok.javac.JavacASTAdapter::visitAnnotationOnType (1 bytes)
Event: 73.652 Thread 0x000001ff7b4088a0 nmethod 14747 0x000001ff5a09f810 code [0x000001ff5a09f980, 0x000001ff5a09f9f8]
Event: 73.659 Thread 0x000001ff7d9bd9e0 nmethod 14750 0x000001ff5a09fb10 code [0x000001ff5a09fd20, 0x000001ff5a0a0320]
Event: 73.694 Thread 0x000001ff7d9bd9e0 14751       4       lombok.javac.JavacTransformer$AnnotationVisitor::visitAnnotationOnField (34 bytes)
Event: 73.696 Thread 0x000001ff7d9bd9e0 nmethod 14751 0x000001ff5a0a0990 code [0x000001ff5a0a0b20, 0x000001ff5a0a0c68]
Event: 73.724 Thread 0x000001ff7d9bd9e0 14752       4       com.sun.tools.javac.model.JavacTypes::instance (25 bytes)
Event: 73.737 Thread 0x000001ff7d9bd9e0 nmethod 14752 0x000001ff5a0a0e90 code [0x000001ff5a0a10a0, 0x000001ff5a0a16a0]
Event: 73.738 Thread 0x000001ff7d9bd9e0 14753   !   4       lombok.javac.handlers.HandleVal::endVisitLocal (993 bytes)
Event: 73.744 Thread 0x000001ff7d9bd9e0 nmethod 14753 0x000001ff5a0a1d10 code [0x000001ff5a0a1ee0, 0x000001ff5a0a2310]
Event: 73.744 Thread 0x000001ff7b408da0 14754       3       lombok.javac.JavacTransformer$AnnotationVisitor::visitAnnotationOnMethodArgument (35 bytes)
Event: 73.745 Thread 0x000001ff7b408da0 nmethod 14754 0x000001ff53150090 code [0x000001ff53150260, 0x000001ff531508a8]

GC Heap History (20 events):
Event: 48.898 GC heap after
{Heap after GC invocations=32 (full 0):
 garbage-first heap   total 1048576K, used 251607K [0x0000000608800000, 0x0000000800000000)
  region size 4096K, 9 young (36864K), 9 survivors (36864K)
 Metaspace       used 38365K, committed 39040K, reserved 1114112K
  class space    used 4148K, committed 4480K, reserved 1048576K
}
Event: 52.872 GC heap before
{Heap before GC invocations=32 (full 0):
 garbage-first heap   total 1048576K, used 841431K [0x0000000608800000, 0x0000000800000000)
  region size 4096K, 153 young (626688K), 9 survivors (36864K)
 Metaspace       used 38791K, committed 39488K, reserved 1114112K
  class space    used 4173K, committed 4544K, reserved 1048576K
}
Event: 52.906 GC heap after
{Heap after GC invocations=33 (full 0):
 garbage-first heap   total 1048576K, used 252479K [0x0000000608800000, 0x0000000800000000)
  region size 4096K, 9 young (36864K), 9 survivors (36864K)
 Metaspace       used 38791K, committed 39488K, reserved 1114112K
  class space    used 4173K, committed 4544K, reserved 1048576K
}
Event: 55.441 GC heap before
{Heap before GC invocations=33 (full 0):
 garbage-first heap   total 1048576K, used 842303K [0x0000000608800000, 0x0000000800000000)
  region size 4096K, 153 young (626688K), 9 survivors (36864K)
 Metaspace       used 38983K, committed 39680K, reserved 1114112K
  class space    used 4181K, committed 4544K, reserved 1048576K
}
Event: 55.470 GC heap after
{Heap after GC invocations=34 (full 0):
 garbage-first heap   total 1048576K, used 252829K [0x0000000608800000, 0x0000000800000000)
  region size 4096K, 9 young (36864K), 9 survivors (36864K)
 Metaspace       used 38983K, committed 39680K, reserved 1114112K
  class space    used 4181K, committed 4544K, reserved 1048576K
}
Event: 57.480 GC heap before
{Heap before GC invocations=34 (full 0):
 garbage-first heap   total 1048576K, used 842653K [0x0000000608800000, 0x0000000800000000)
  region size 4096K, 153 young (626688K), 9 survivors (36864K)
 Metaspace       used 39100K, committed 39808K, reserved 1114112K
  class space    used 4185K, committed 4544K, reserved 1048576K
}
Event: 57.506 GC heap after
{Heap after GC invocations=35 (full 0):
 garbage-first heap   total 1048576K, used 254064K [0x0000000608800000, 0x0000000800000000)
  region size 4096K, 10 young (40960K), 10 survivors (40960K)
 Metaspace       used 39100K, committed 39808K, reserved 1114112K
  class space    used 4185K, committed 4544K, reserved 1048576K
}
Event: 58.917 GC heap before
{Heap before GC invocations=35 (full 0):
 garbage-first heap   total 1048576K, used 839792K [0x0000000608800000, 0x0000000800000000)
  region size 4096K, 153 young (626688K), 10 survivors (40960K)
 Metaspace       used 39166K, committed 39872K, reserved 1114112K
  class space    used 4186K, committed 4544K, reserved 1048576K
}
Event: 58.946 GC heap after
{Heap after GC invocations=36 (full 0):
 garbage-first heap   total 1048576K, used 254085K [0x0000000608800000, 0x0000000800000000)
  region size 4096K, 10 young (40960K), 10 survivors (40960K)
 Metaspace       used 39166K, committed 39872K, reserved 1114112K
  class space    used 4186K, committed 4544K, reserved 1048576K
}
Event: 61.565 GC heap before
{Heap before GC invocations=36 (full 0):
 garbage-first heap   total 1048576K, used 839813K [0x0000000608800000, 0x0000000800000000)
  region size 4096K, 153 young (626688K), 10 survivors (40960K)
 Metaspace       used 39315K, committed 40000K, reserved 1114112K
  class space    used 4200K, committed 4544K, reserved 1048576K
}
Event: 61.616 GC heap after
{Heap after GC invocations=37 (full 0):
 garbage-first heap   total 1048576K, used 255369K [0x0000000608800000, 0x0000000800000000)
  region size 4096K, 10 young (40960K), 10 survivors (40960K)
 Metaspace       used 39315K, committed 40000K, reserved 1114112K
  class space    used 4200K, committed 4544K, reserved 1048576K
}
Event: 66.282 GC heap before
{Heap before GC invocations=37 (full 0):
 garbage-first heap   total 1048576K, used 841097K [0x0000000608800000, 0x0000000800000000)
  region size 4096K, 153 young (626688K), 10 survivors (40960K)
 Metaspace       used 39343K, committed 40000K, reserved 1114112K
  class space    used 4202K, committed 4544K, reserved 1048576K
}
Event: 66.311 GC heap after
{Heap after GC invocations=38 (full 0):
 garbage-first heap   total 1048576K, used 257568K [0x0000000608800000, 0x0000000800000000)
  region size 4096K, 10 young (40960K), 10 survivors (40960K)
 Metaspace       used 39343K, committed 40000K, reserved 1114112K
  class space    used 4202K, committed 4544K, reserved 1048576K
}
Event: 69.729 GC heap before
{Heap before GC invocations=38 (full 0):
 garbage-first heap   total 1048576K, used 843296K [0x0000000608800000, 0x0000000800000000)
  region size 4096K, 153 young (626688K), 10 survivors (40960K)
 Metaspace       used 40427K, committed 41088K, reserved 1114112K
  class space    used 4343K, committed 4672K, reserved 1048576K
}
Event: 69.886 GC heap after
{Heap after GC invocations=39 (full 0):
 garbage-first heap   total 1048576K, used 302069K [0x0000000608800000, 0x0000000800000000)
  region size 4096K, 20 young (81920K), 20 survivors (81920K)
 Metaspace       used 40427K, committed 41088K, reserved 1114112K
  class space    used 4343K, committed 4672K, reserved 1048576K
}
Event: 71.063 GC heap before
{Heap before GC invocations=39 (full 0):
 garbage-first heap   total 1048576K, used 846837K [0x0000000608800000, 0x0000000800000000)
  region size 4096K, 153 young (626688K), 20 survivors (81920K)
 Metaspace       used 40442K, committed 41152K, reserved 1114112K
  class space    used 4343K, committed 4672K, reserved 1048576K
}
Event: 71.153 GC heap after
{Heap after GC invocations=40 (full 0):
 garbage-first heap   total 1048576K, used 317798K [0x0000000608800000, 0x0000000800000000)
  region size 4096K, 5 young (20480K), 5 survivors (20480K)
 Metaspace       used 40442K, committed 41152K, reserved 1114112K
  class space    used 4343K, committed 4672K, reserved 1048576K
}
Event: 72.749 GC heap before
{Heap before GC invocations=40 (full 0):
 garbage-first heap   total 1048576K, used 870758K [0x0000000608800000, 0x0000000800000000)
  region size 4096K, 140 young (573440K), 5 survivors (20480K)
 Metaspace       used 40455K, committed 41152K, reserved 1114112K
  class space    used 4343K, committed 4672K, reserved 1048576K
}
Event: 72.851 GC heap after
{Heap after GC invocations=41 (full 0):
 garbage-first heap   total 1048576K, used 351001K [0x0000000608800000, 0x0000000800000000)
  region size 4096K, 13 young (53248K), 13 survivors (53248K)
 Metaspace       used 40455K, committed 41152K, reserved 1114112K
  class space    used 4343K, committed 4672K, reserved 1048576K
}
Event: 73.757 GC heap before
{Heap before GC invocations=41 (full 0):
 garbage-first heap   total 1048576K, used 858905K [0x0000000608800000, 0x0000000800000000)
  region size 4096K, 137 young (561152K), 13 survivors (53248K)
 Metaspace       used 40481K, committed 41152K, reserved 1114112K
  class space    used 4343K, committed 4672K, reserved 1048576K
}

Deoptimization events (20 events):
Event: 73.492 Thread 0x000001ff49f84eb0 Uncommon trap: trap_request=0xffffffc6 fr.pc=0x000001ff5973b454 relative=0x0000000000000a94
Event: 73.492 Thread 0x000001ff49f84eb0 Uncommon trap: reason=bimorphic_or_optimized_type_check action=maybe_recompile pc=0x000001ff5973b454 method=lombok.javac.JavacNode.traverse(Llombok/javac/JavacASTVisitor;)V @ 73 c2
Event: 73.492 Thread 0x000001ff49f84eb0 DEOPT PACKING pc=0x000001ff5973b454 sp=0x0000004f927fd480
Event: 73.492 Thread 0x000001ff49f84eb0 DEOPT UNPACKING pc=0x000001ff519923a3 sp=0x0000004f927fd408 mode 2
Event: 73.492 Thread 0x000001ff49f84eb0 Uncommon trap: trap_request=0xffffffc6 fr.pc=0x000001ff5973b4c8 relative=0x0000000000000b08
Event: 73.492 Thread 0x000001ff49f84eb0 Uncommon trap: reason=bimorphic_or_optimized_type_check action=maybe_recompile pc=0x000001ff5973b4c8 method=lombok.javac.JavacNode.traverse(Llombok/javac/JavacASTVisitor;)V @ 490 c2
Event: 73.492 Thread 0x000001ff49f84eb0 DEOPT PACKING pc=0x000001ff5973b4c8 sp=0x0000004f927fd310
Event: 73.492 Thread 0x000001ff49f84eb0 DEOPT UNPACKING pc=0x000001ff519923a3 sp=0x0000004f927fd290 mode 2
Event: 73.492 Thread 0x000001ff49f84eb0 Uncommon trap: trap_request=0xffffffc6 fr.pc=0x000001ff5973b4c8 relative=0x0000000000000b08
Event: 73.492 Thread 0x000001ff49f84eb0 Uncommon trap: reason=bimorphic_or_optimized_type_check action=maybe_recompile pc=0x000001ff5973b4c8 method=lombok.javac.JavacNode.traverse(Llombok/javac/JavacASTVisitor;)V @ 490 c2
Event: 73.492 Thread 0x000001ff49f84eb0 DEOPT PACKING pc=0x000001ff5973b4c8 sp=0x0000004f927fd310
Event: 73.492 Thread 0x000001ff49f84eb0 DEOPT UNPACKING pc=0x000001ff519923a3 sp=0x0000004f927fd290 mode 2
Event: 73.492 Thread 0x000001ff49f84eb0 Uncommon trap: trap_request=0xffffffc6 fr.pc=0x000001ff5973b4c8 relative=0x0000000000000b08
Event: 73.492 Thread 0x000001ff49f84eb0 Uncommon trap: reason=bimorphic_or_optimized_type_check action=maybe_recompile pc=0x000001ff5973b4c8 method=lombok.javac.JavacNode.traverse(Llombok/javac/JavacASTVisitor;)V @ 490 c2
Event: 73.492 Thread 0x000001ff49f84eb0 DEOPT PACKING pc=0x000001ff5973b4c8 sp=0x0000004f927fd310
Event: 73.492 Thread 0x000001ff49f84eb0 DEOPT UNPACKING pc=0x000001ff519923a3 sp=0x0000004f927fd290 mode 2
Event: 73.493 Thread 0x000001ff49f84eb0 Uncommon trap: trap_request=0xffffffc6 fr.pc=0x000001ff5973abbc relative=0x00000000000001fc
Event: 73.493 Thread 0x000001ff49f84eb0 Uncommon trap: reason=bimorphic_or_optimized_type_check action=maybe_recompile pc=0x000001ff5973abbc method=lombok.javac.JavacNode.traverse(Llombok/javac/JavacASTVisitor;)V @ 136 c2
Event: 73.493 Thread 0x000001ff49f84eb0 DEOPT PACKING pc=0x000001ff5973abbc sp=0x0000004f927fd3a0
Event: 73.493 Thread 0x000001ff49f84eb0 DEOPT UNPACKING pc=0x000001ff519923a3 sp=0x0000004f927fd328 mode 2

Classes loaded (20 events):
Event: 53.428 Loading class java/util/Collections$1BeanInfo
Event: 53.428 Loading class java/util/Collections$1BeanInfo done
Event: 53.428 Loading class java/util/Collections$1BeanInfo
Event: 53.428 Loading class java/util/Collections$1BeanInfo done
Event: 53.430 Loading class java/util/Collections$1BeanInfo
Event: 53.430 Loading class java/util/Collections$1BeanInfo done
Event: 53.430 Loading class java/util/Collections$1BeanInfo
Event: 53.430 Loading class java/util/Collections$1BeanInfo done
Event: 53.430 Loading class java/util/Collections$1Customizer
Event: 53.430 Loading class java/util/Collections$1Customizer done
Event: 53.430 Loading class java/util/Collections$1Customizer
Event: 53.430 Loading class java/util/Collections$1Customizer done
Event: 53.431 Loading class java/util/Collections$1Customizer
Event: 53.431 Loading class java/util/Collections$1Customizer done
Event: 53.431 Loading class java/util/Collections$1Customizer
Event: 53.431 Loading class java/util/Collections$1Customizer done
Event: 55.773 Loading class java/text/ChoiceFormat
Event: 55.776 Loading class java/text/ChoiceFormat done
Event: 66.665 Loading class java/lang/annotation/Repeatable
Event: 66.665 Loading class java/lang/annotation/Repeatable done

Classes unloaded (0 events):
No events

Classes redefined (0 events):
No events

Internal exceptions (20 events):
Event: 69.573 Thread 0x000001ff49f84eb0 Exception <a 'sun/nio/fs/WindowsException'{0x000000062640fd00}> (0x000000062640fd00) 
thrown [s\open\src\hotspot\share\prims\jni.cpp, line 516]
Event: 69.573 Thread 0x000001ff49f84eb0 Exception <a 'sun/nio/fs/WindowsException'{0x000000062640fff0}> (0x000000062640fff0) 
thrown [s\open\src\hotspot\share\prims\jni.cpp, line 516]
Event: 69.574 Thread 0x000001ff49f84eb0 Exception <a 'sun/nio/fs/WindowsException'{0x0000000626450d48}> (0x0000000626450d48) 
thrown [s\open\src\hotspot\share\prims\jni.cpp, line 516]
Event: 69.574 Thread 0x000001ff49f84eb0 Exception <a 'sun/nio/fs/WindowsException'{0x0000000626451078}> (0x0000000626451078) 
thrown [s\open\src\hotspot\share\prims\jni.cpp, line 516]
Event: 69.574 Thread 0x000001ff49f84eb0 Exception <a 'sun/nio/fs/WindowsException'{0x0000000626452548}> (0x0000000626452548) 
thrown [s\open\src\hotspot\share\prims\jni.cpp, line 516]
Event: 69.574 Thread 0x000001ff49f84eb0 Exception <a 'sun/nio/fs/WindowsException'{0x0000000626452908}> (0x0000000626452908) 
thrown [s\open\src\hotspot\share\prims\jni.cpp, line 516]
Event: 70.407 Thread 0x000001ff49f84eb0 Exception <a 'sun/nio/fs/WindowsException'{0x0000000638f5b160}> (0x0000000638f5b160) 
thrown [s\open\src\hotspot\share\prims\jni.cpp, line 516]
Event: 70.407 Thread 0x000001ff49f84eb0 Exception <a 'sun/nio/fs/WindowsException'{0x0000000638f5b490}> (0x0000000638f5b490) 
thrown [s\open\src\hotspot\share\prims\jni.cpp, line 516]
Event: 70.407 Thread 0x000001ff49f84eb0 Exception <a 'sun/nio/fs/WindowsException'{0x0000000638f5c8e8}> (0x0000000638f5c8e8) 
thrown [s\open\src\hotspot\share\prims\jni.cpp, line 516]
Event: 70.407 Thread 0x000001ff49f84eb0 Exception <a 'sun/nio/fs/WindowsException'{0x0000000638f5cbc8}> (0x0000000638f5cbc8) 
thrown [s\open\src\hotspot\share\prims\jni.cpp, line 516]
Event: 70.407 Thread 0x000001ff49f84eb0 Exception <a 'sun/nio/fs/WindowsException'{0x0000000638f5e228}> (0x0000000638f5e228) 
thrown [s\open\src\hotspot\share\prims\jni.cpp, line 516]
Event: 70.407 Thread 0x000001ff49f84eb0 Exception <a 'sun/nio/fs/WindowsException'{0x0000000638f5e550}> (0x0000000638f5e550) 
thrown [s\open\src\hotspot\share\prims\jni.cpp, line 516]
Event: 70.407 Thread 0x000001ff49f84eb0 Exception <a 'sun/nio/fs/WindowsException'{0x0000000638f5fa20}> (0x0000000638f5fa20) 
thrown [s\open\src\hotspot\share\prims\jni.cpp, line 516]
Event: 70.407 Thread 0x000001ff49f84eb0 Exception <a 'sun/nio/fs/WindowsException'{0x0000000638f5fdd0}> (0x0000000638f5fdd0) 
thrown [s\open\src\hotspot\share\prims\jni.cpp, line 516]
Event: 71.629 Thread 0x000001ff49f84eb0 Exception <a 'sun/nio/fs/WindowsException'{0x000000063e1be200}> (0x000000063e1be200) 
thrown [s\open\src\hotspot\share\prims\jni.cpp, line 516]
Event: 71.629 Thread 0x000001ff49f84eb0 Exception <a 'sun/nio/fs/WindowsException'{0x000000063e1be4f0}> (0x000000063e1be4f0) 
thrown [s\open\src\hotspot\share\prims\jni.cpp, line 516]
Event: 71.629 Thread 0x000001ff49f84eb0 Exception <a 'sun/nio/fs/WindowsException'{0x000000063e1bf3f0}> (0x000000063e1bf3f0) 
thrown [s\open\src\hotspot\share\prims\jni.cpp, line 516]
Event: 71.629 Thread 0x000001ff49f84eb0 Exception <a 'sun/nio/fs/WindowsException'{0x000000063e1bf770}> (0x000000063e1bf770) 
thrown [s\open\src\hotspot\share\prims\jni.cpp, line 516]
Event: 71.629 Thread 0x000001ff49f84eb0 Exception <a 'sun/nio/fs/WindowsException'{0x000000063e1c0750}> (0x000000063e1c0750) 
thrown [s\open\src\hotspot\share\prims\jni.cpp, line 516]
Event: 71.629 Thread 0x000001ff49f84eb0 Exception <a 'sun/nio/fs/WindowsException'{0x000000063e1c0a50}> (0x000000063e1c0a50) 
thrown [s\open\src\hotspot\share\prims\jni.cpp, line 516]

VM Operations (20 events):
Event: 66.458 Executing VM operation: HandshakeAllThreads done
Event: 66.699 Executing VM operation: HandshakeAllThreads
Event: 66.700 Executing VM operation: HandshakeAllThreads done
Event: 67.703 Executing VM operation: Cleanup
Event: 67.703 Executing VM operation: Cleanup done
Event: 69.125 Executing VM operation: ICBufferFull
Event: 69.125 Executing VM operation: ICBufferFull done
Event: 69.729 Executing VM operation: G1CollectForAllocation
Event: 69.886 Executing VM operation: G1CollectForAllocation done
Event: 70.752 Executing VM operation: HandshakeAllThreads
Event: 70.752 Executing VM operation: HandshakeAllThreads done
Event: 70.776 Executing VM operation: ICBufferFull
Event: 70.777 Executing VM operation: ICBufferFull done
Event: 71.063 Executing VM operation: G1CollectForAllocation
Event: 71.153 Executing VM operation: G1CollectForAllocation done
Event: 72.167 Executing VM operation: Cleanup
Event: 72.168 Executing VM operation: Cleanup done
Event: 72.749 Executing VM operation: G1CollectForAllocation
Event: 72.852 Executing VM operation: G1CollectForAllocation done
Event: 73.757 Executing VM operation: G1CollectForAllocation

Events (20 events):
Event: 69.587 Thread 0x000001ff7b478f40 Thread added: 0x000001ff7b478f40
Event: 70.729 Thread 0x000001ff7b478f40 Thread exited: 0x000001ff7b478f40
Event: 70.736 Thread 0x000001ff7b47c1e0 Thread exited: 0x000001ff7b47c1e0
Event: 70.757 Thread 0x000001ff7b4092a0 flushing nmethod 0x000001ff59d37d10
Event: 70.757 Thread 0x000001ff7b4092a0 flushing nmethod 0x000001ff59d48d90
Event: 70.764 Thread 0x000001ff7da10b00 Thread added: 0x000001ff7da10b00
Event: 70.764 Thread 0x000001ff7da11010 Thread added: 0x000001ff7da11010
Event: 70.767 Thread 0x000001ff7b4092a0 flushing nmethod 0x000001ff52650490
Event: 70.784 Thread 0x000001ff7b4092a0 flushing nmethod 0x000001ff531cac90
Event: 70.785 Thread 0x000001ff7b4092a0 flushing nmethod 0x000001ff53275310
Event: 70.785 Thread 0x000001ff7b4092a0 flushing nmethod 0x000001ff532c1390
Event: 70.786 Thread 0x000001ff7b4092a0 flushing nmethod 0x000001ff533fb110
Event: 70.786 Thread 0x000001ff7b4092a0 flushing nmethod 0x000001ff5342ac90
Event: 70.909 Thread 0x000001ff7da11010 Thread exited: 0x000001ff7da11010
Event: 71.571 Thread 0x000001ff7da10b00 Thread exited: 0x000001ff7da10b00
Event: 71.630 Thread 0x000001ff016d0c00 Thread added: 0x000001ff016d0c00
Event: 72.491 Thread 0x000001ff016d0c00 Thread exited: 0x000001ff016d0c00
Event: 72.532 Thread 0x000001ff011b6a70 Thread added: 0x000001ff011b6a70
Event: 73.069 Thread 0x000001ff011b6a70 Thread exited: 0x000001ff011b6a70
Event: 73.647 Thread 0x000001ff7d9bd9e0 Thread added: 0x000001ff7d9bd9e0


Dynamic libraries:
0x00007ff76b760000 - 0x00007ff76b770000 	C:\Program Files\Java\jdk-18.0.2.1\bin\java.exe
0x00007ffae5680000 - 0x00007ffae58e8000 	C:\WINDOWS\SYSTEM32\ntdll.dll
0x00007ffae3b80000 - 0x00007ffae3c49000 	C:\WINDOWS\System32\KERNEL32.DLL
0x00007ffae2990000 - 0x00007ffae2d82000 	C:\WINDOWS\System32\KERNELBASE.dll
0x00007ffae2d90000 - 0x00007ffae2edb000 	C:\WINDOWS\System32\ucrtbase.dll
0x00007ffad0610000 - 0x00007ffad0628000 	C:\Program Files\Java\jdk-18.0.2.1\bin\jli.dll
0x00007ffad0900000 - 0x00007ffad091a000 	C:\Program Files\Java\jdk-18.0.2.1\bin\VCRUNTIME140.dll
0x00007ffae3740000 - 0x00007ffae37f4000 	C:\WINDOWS\System32\ADVAPI32.dll
0x00007ffae39a0000 - 0x00007ffae3a49000 	C:\WINDOWS\System32\msvcrt.dll
0x00007ffae34d0000 - 0x00007ffae3576000 	C:\WINDOWS\System32\sechost.dll
0x00007ffae4700000 - 0x00007ffae4818000 	C:\WINDOWS\System32\RPCRT4.dll
0x00007ffae4530000 - 0x00007ffae46f5000 	C:\WINDOWS\System32\USER32.dll
0x00007ffae31a0000 - 0x00007ffae31c7000 	C:\WINDOWS\System32\win32u.dll
0x00007ffae38a0000 - 0x00007ffae38cb000 	C:\WINDOWS\System32\GDI32.dll
0x00007ffae3280000 - 0x00007ffae33ad000 	C:\WINDOWS\System32\gdi32full.dll
0x00007ffae31d0000 - 0x00007ffae3273000 	C:\WINDOWS\System32\msvcp_win.dll
0x00007ffabbba0000 - 0x00007ffabbe33000 	C:\WINDOWS\WinSxS\amd64_microsoft.windows.common-controls_6595b64144ccf1df_6.0.26100.6899_none_3e0efeeae32e88c1\COMCTL32.dll
0x00007ffac37c0000 - 0x00007ffac37cb000 	C:\WINDOWS\SYSTEM32\VERSION.dll
0x00007ffae5600000 - 0x00007ffae562f000 	C:\WINDOWS\System32\IMM32.DLL
0x00007ffad05d0000 - 0x00007ffad05dc000 	C:\Program Files\Java\jdk-18.0.2.1\bin\vcruntime140_1.dll
0x00007ffacf4f0000 - 0x00007ffacf57d000 	C:\Program Files\Java\jdk-18.0.2.1\bin\msvcp140.dll
0x00007ffa79ce0000 - 0x00007ffa7a8f1000 	C:\Program Files\Java\jdk-18.0.2.1\bin\server\jvm.dll
0x00007ffae3810000 - 0x00007ffae3818000 	C:\WINDOWS\System32\PSAPI.DLL
0x00007ffab73c0000 - 0x00007ffab73ca000 	C:\WINDOWS\SYSTEM32\WSOCK32.dll
0x00007ffacf2a0000 - 0x00007ffacf2d5000 	C:\WINDOWS\SYSTEM32\WINMM.dll
0x00007ffae3b00000 - 0x00007ffae3b74000 	C:\WINDOWS\System32\WS2_32.dll
0x00007ffae15a0000 - 0x00007ffae15bb000 	C:\WINDOWS\SYSTEM32\kernel.appcore.dll
0x00007ffad05b0000 - 0x00007ffad05ba000 	C:\Program Files\Java\jdk-18.0.2.1\bin\jimage.dll
0x00007ffadfe60000 - 0x00007ffae00a2000 	C:\WINDOWS\SYSTEM32\DBGHELP.DLL
0x00007ffae4b10000 - 0x00007ffae4e8b000 	C:\WINDOWS\System32\combase.dll
0x00007ffae4a20000 - 0x00007ffae4af7000 	C:\WINDOWS\System32\OLEAUT32.dll
0x00007ffac0410000 - 0x00007ffac044c000 	C:\WINDOWS\SYSTEM32\dbgcore.DLL
0x00007ffae33b0000 - 0x00007ffae3448000 	C:\WINDOWS\System32\bcryptPrimitives.dll
0x00007ffad05a0000 - 0x00007ffad05ae000 	C:\Program Files\Java\jdk-18.0.2.1\bin\instrument.dll
0x00007ffad02b0000 - 0x00007ffad02d5000 	C:\Program Files\Java\jdk-18.0.2.1\bin\java.dll
0x00007ffab1f00000 - 0x00007ffab1fd6000 	C:\Program Files\Java\jdk-18.0.2.1\bin\jsvml.dll
0x00007ffae3c50000 - 0x00007ffae439d000 	C:\WINDOWS\System32\SHELL32.dll
0x00007ffae2f70000 - 0x00007ffae30db000 	C:\WINDOWS\System32\wintypes.dll
0x00007ffae0420000 - 0x00007ffae0c7d000 	C:\WINDOWS\SYSTEM32\windows.storage.dll
0x00007ffae5070000 - 0x00007ffae5162000 	C:\WINDOWS\System32\SHCORE.dll
0x00007ffae38d0000 - 0x00007ffae3932000 	C:\WINDOWS\System32\shlwapi.dll
0x00007ffae2730000 - 0x00007ffae2759000 	C:\WINDOWS\SYSTEM32\profapi.dll
0x00007ffad0440000 - 0x00007ffad0458000 	C:\Program Files\Java\jdk-18.0.2.1\bin\zip.dll
0x00007ffad0370000 - 0x00007ffad0383000 	C:\Program Files\java\jdk-18.0.2.1\bin\net.dll
0x00007ffadc030000 - 0x00007ffadc14f000 	C:\WINDOWS\SYSTEM32\WINHTTP.dll
0x00007ffae1af0000 - 0x00007ffae1b5b000 	C:\WINDOWS\system32\mswsock.dll
0x00007ffad0290000 - 0x00007ffad02a6000 	C:\Program Files\java\jdk-18.0.2.1\bin\nio.dll
0x00007ffacf650000 - 0x00007ffacf674000 	C:\Users\DELL\AppData\Local\Temp\jansi-2.4.1-dd8ef898fb0c6cd2-jansi.dll
0x00007ffad0590000 - 0x00007ffad05a0000 	C:\Program Files\Java\jdk-18.0.2.1\bin\verify.dll

dbghelp: loaded successfully - version: 4.0.5 - missing functions: none
symbol engine: initialized successfully - sym options: 0x614 - pdb path: .;C:\Program Files\Java\jdk-18.0.2.1\bin;C:\WINDOWS\SYSTEM32;C:\WINDOWS\WinSxS\amd64_microsoft.windows.common-controls_6595b64144ccf1df_6.0.26100.6899_none_3e0efeeae32e88c1;C:\Program Files\Java\jdk-18.0.2.1\bin\server;C:\Users\DELL\AppData\Local\Temp

VM Arguments:
jvm_args: -Dmaven.multiModuleProjectDirectory=C:\WebgramProjet\projet-dgpsn\Dgpsn-backend -Djansi.passthrough=true -Dmaven.home=C:\Users\DELL\.m2\wrapper\dists\apache-maven-3.9.9-bin\4nf9hui3q3djbarqar9g711ggc\apache-maven-3.9.9 -Dclassworlds.conf=C:\Users\DELL\.m2\wrapper\dists\apache-maven-3.9.9-bin\4nf9hui3q3djbarqar9g711ggc\apache-maven-3.9.9\bin\m2.conf -Dmaven.ext.class.path=C:\Program Files\JetBrains\IntelliJ IDEA 2024.3.5\plugins\maven\lib\maven-event-listener.jar -javaagent:C:\Program Files\JetBrains\IntelliJ IDEA 2024.3.5\lib\idea_rt.jar=55259 -Dfile.encoding=UTF-8 -Dsun.stdout.encoding=UTF-8 -Dsun.stderr.encoding=UTF-8 
java_command: org.codehaus.classworlds.Launcher -Didea.version=2024.3.5 compile
java_class_path (initial): C:\Users\DELL\.m2\wrapper\dists\apache-maven-3.9.9-bin\4nf9hui3q3djbarqar9g711ggc\apache-maven-3.9.9\boot\plexus-classworlds-2.8.0.jar;C:\Users\DELL\.m2\wrapper\dists\apache-maven-3.9.9-bin\4nf9hui3q3djbarqar9g711ggc\apache-maven-3.9.9\boot\plexus-classworlds.license
Launcher Type: SUN_STANDARD

[Global flags]
     intx CICompilerCount                          = 4                                         {product} {ergonomic}
     uint ConcGCThreads                            = 3                                         {product} {ergonomic}
     uint G1ConcRefinementThreads                  = 11                                        {product} {ergonomic}
   size_t G1HeapRegionSize                         = 4194304                                   {product} {ergonomic}
    uintx GCDrainStackTargetSize                   = 64                                        {product} {ergonomic}
   size_t InitialHeapSize                          = 528482304                                 {product} {ergonomic}
   size_t MarkStackSize                            = 4194304                                   {product} {ergonomic}
   size_t MaxHeapSize                              = 8447328256                                {product} {ergonomic}
   size_t MaxNewSize                               = 5066719232                                {product} {ergonomic}
   size_t MinHeapDeltaBytes                        = 4194304                                   {product} {ergonomic}
   size_t MinHeapSize                              = 8388608                                   {product} {ergonomic}
    uintx NonNMethodCodeHeapSize                   = 5839372                                {pd product} {ergonomic}
    uintx NonProfiledCodeHeapSize                  = 122909434                              {pd product} {ergonomic}
    uintx ProfiledCodeHeapSize                     = 122909434                              {pd product} {ergonomic}
    uintx ReservedCodeCacheSize                    = 251658240                              {pd product} {ergonomic}
     bool SegmentedCodeCache                       = true                                      {product} {ergonomic}
   size_t SoftMaxHeapSize                          = 8447328256                             {manageable} {ergonomic}
     bool UseCompressedClassPointers               = true                           {product lp64_product} {ergonomic}
     bool UseCompressedOops                        = true                           {product lp64_product} {ergonomic}
     bool UseG1GC                                  = true                                      {product} {ergonomic}
     bool UseLargePagesIndividualAllocation        = false                                  {pd product} {ergonomic}

Logging:
Log output configuration:
 #0: stdout all=warning uptime,level,tags foldmultilines=false
 #1: stderr all=off uptime,level,tags foldmultilines=false

Environment Variables:
JAVA_HOME=C:\Program Files\java\jdk-18.0.2.1
PATH=C:\Program Files\Common Files\Oracle\Java\javapath;C:\WINDOWS\system32;C:\WINDOWS;C:\WINDOWS\System32\Wbem;C:\WINDOWS\System32\WindowsPowerShell\v1.0\;C:\WINDOWS\System32\OpenSSH\;C:\Program Files\PuTTY\;C:\Program Files\nodejs;C:\Program Files\java\jdk-18.0.2.1\bin;C:\Program Files\Maven\apache-maven-3.9.3\bin;C:\Program Files\nodejs\;C:\Program Files\Docker\Docker\resources\bin;C:\ProgramData\chocolatey\bin;C:\Program Files\Git\cmd;C:\flutter\bin;C:\Users\DELL\AppData\Local\Programs\Python\Python313\Scripts\;C:\Users\DELL\AppData\Local\Programs\Python\Python313\;C:\Users\DELL\AppData\Local\Microsoft\WindowsApps;C:\Users\DELL\AppData\Local\Programs\Microsoft VS Code\bin;C:\Program Files\JetBrains\IntelliJ IDEA 2024.3.5\bin;;C:\Users\DELL\AppData\Roaming\npm;C:\Program Files\JetBrains\PyCharm 2024.3.5\bin;;C:\Program Files\Heroku\bin;C:\newProjet-flutter\flutter\bin;C:\Users\DELL\AppData\Local\Programs\cursor\resources\app\bin
USERNAME=DELL
OS=Windows_NT
PROCESSOR_IDENTIFIER=Intel64 Family 6 Model 170 Stepping 4, GenuineIntel



---------------  S Y S T E M  ---------------

OS:
 Windows 11 , 64 bit Build 26100 (10.0.26100.6725)
OS uptime: 8 days 6:31 hours
Hyper-V role detected

CPU: total 14 (initial active 14) (7 cores per cpu, 2 threads per core) family 6 model 170 stepping 4 microcode 0x24, cx8, cmov, fxsr, ht, mmx, 3dnowpref, sse, sse2, sse3, ssse3, sse4.1, sse4.2, popcnt, lzcnt, tsc, tscinvbit, avx, avx2, aes, erms, clmul, bmi1, bmi2, adx, sha, fma, vzeroupper, clflush, clflushopt, clwb, hv, serialize

Memory: 4k page, system-wide physical 32212M (1091M free)
TotalPageFile size 93137M (AvailPageFile size 108M)
current process WorkingSet (physical memory assigned to process): 1230M, peak: 1237M
current process commit charge ("private bytes"): 1290M, peak: 1678M

vm_info: Java HotSpot(TM) 64-Bit Server VM (18.0.2.1+1-1) for windows-amd64 JRE (18.0.2.1+1-1), built on Aug 16 2022 01:46:33 by "mach5one" with MS VC++ 16.8 / 16.9 (VS2019)

END.
