#
# There is insufficient memory for the Java Runtime Environment to continue.
# Native memory allocation (malloc) failed to allocate 1382320 bytes for Chunk::new
# Possible reasons:
#   The system is out of physical RAM or swap space
#   The process is running with CompressedOops enabled, and the Java Heap may be blocking the growth of the native heap
# Possible solutions:
#   Reduce memory load on the system
#   Increase physical memory or swap space
#   Check if swap backing store is full
#   Decrease Java heap size (-Xmx/-Xms)
#   Decrease number of Java threads
#   Decrease Java thread stack sizes (-Xss)
#   Set larger code cache with -XX:ReservedCodeCacheSize=
#   JVM is running with Zero Based Compressed Oops mode in which the Java heap is
#     placed in the first 32GB address space. The Java Heap base address is the
#     maximum limit for the native heap growth. Please use -XX:HeapBaseMinAddress
#     to set the Java Heap base and to place the Java Heap above 32GB virtual address.
# This output file may be truncated or incomplete.
#
#  Out of Memory Error (arena.cpp:184), pid=33480, tid=48932
#
# JRE version: Java(TM) SE Runtime Environment (18.0.2.1+1) (build 18.0.2.1+1-1)
# Java VM: Java HotSpot(TM) 64-Bit Server VM (18.0.2.1+1-1, mixed mode, sharing, tiered, compressed oops, compressed class ptrs, g1 gc, windows-amd64)
# No core dump will be written. Minidumps are not enabled by default on client versions of Windows
#

---------------  S U M M A R Y ------------

Command Line: -Dmaven.multiModuleProjectDirectory=C:\WebgramProjet\projet-dgpsn\Dgpsn-backend -Djansi.passthrough=true -Dmaven.home=C:\Users\DELL\.m2\wrapper\dists\apache-maven-3.9.9-bin\4nf9hui3q3djbarqar9g711ggc\apache-maven-3.9.9 -Dclassworlds.conf=C:\Users\DELL\.m2\wrapper\dists\apache-maven-3.9.9-bin\4nf9hui3q3djbarqar9g711ggc\apache-maven-3.9.9\bin\m2.conf -Dmaven.ext.class.path=C:\Program Files\JetBrains\IntelliJ IDEA 2024.3.5\plugins\maven\lib\maven-event-listener.jar -javaagent:C:\Program Files\JetBrains\IntelliJ IDEA 2024.3.5\lib\idea_rt.jar=62750 -Dfile.encoding=UTF-8 -Dsun.stdout.encoding=UTF-8 -Dsun.stderr.encoding=UTF-8 org.codehaus.classworlds.Launcher -Didea.version=2024.3.5 compile

Host: Intel(R) Core(TM) Ultra 7 165U, 14 cores, 31G,  Windows 11 , 64 bit Build 26100 (10.0.26100.6725)
Time: Fri Oct 31 16:56:10 2025 Greenwich elapsed time: 41.500273 seconds (0d 0h 0m 41s)

---------------  T H R E A D  ---------------

Current thread (0x0000020e2412b7c0):  JavaThread "C2 CompilerThread2" daemon [_thread_in_native, id=48932, stack(0x0000001b59200000,0x0000001b59300000)]


Current CompileTask:
C2:  41500 12349   !   4       com.sun.tools.javac.main.JavaCompiler::resolveIdent (207 bytes)

Stack: [0x0000001b59200000,0x0000001b59300000]
Native frames: (J=compiled Java code, j=interpreted, Vv=VM code, C=native code)
V  [jvm.dll+0x6993aa]
V  [jvm.dll+0x7f46dd]
V  [jvm.dll+0x7f5fee]
V  [jvm.dll+0x7f66a3]
V  [jvm.dll+0x25cf1f]
V  [jvm.dll+0xb8c2f]
V  [jvm.dll+0xb8fa5]
V  [jvm.dll+0x3860cb]
V  [jvm.dll+0x34fe71]
V  [jvm.dll+0x34f30a]
V  [jvm.dll+0x230101]
V  [jvm.dll+0x22f4d1]
V  [jvm.dll+0x1ba01c]
V  [jvm.dll+0x23ee0a]
V  [jvm.dll+0x23d0f5]
V  [jvm.dll+0x7a6dd1]
V  [jvm.dll+0x7a120a]
V  [jvm.dll+0x698255]
C  [ucrtbase.dll+0x37b0]
C  [KERNEL32.DLL+0x2e8d7]
C  [ntdll.dll+0x8c53c]


---------------  P R O C E S S  ---------------

Threads class SMR info:
_java_thread_list=0x0000020e23f907e0, length=16, elements={
0x0000020e71231e50, 0x0000020e7c3ad3f0, 0x0000020e7c3adca0, 0x0000020e7c3cb7a0,
0x0000020e7c3cc050, 0x0000020e7c3cc900, 0x0000020e7c3cd1b0, 0x0000020e7c3cdd90,
0x0000020e7c3ce680, 0x0000020e22d52860, 0x0000020e7c399e20, 0x0000020e22effaf0,
0x0000020e22f84d20, 0x0000020e247ea010, 0x0000020e23a94810, 0x0000020e2412b7c0
}

Java Threads: ( => current thread )
  0x0000020e71231e50 JavaThread "main" [_thread_in_Java, id=51868, stack(0x0000001b56900000,0x0000001b56a00000)]
  0x0000020e7c3ad3f0 JavaThread "Reference Handler" daemon [_thread_blocked, id=34328, stack(0x0000001b57000000,0x0000001b57100000)]
  0x0000020e7c3adca0 JavaThread "Finalizer" daemon [_thread_blocked, id=40736, stack(0x0000001b57100000,0x0000001b57200000)]
  0x0000020e7c3cb7a0 JavaThread "Signal Dispatcher" daemon [_thread_blocked, id=35848, stack(0x0000001b57200000,0x0000001b57300000)]
  0x0000020e7c3cc050 JavaThread "Attach Listener" daemon [_thread_blocked, id=53380, stack(0x0000001b57300000,0x0000001b57400000)]
  0x0000020e7c3cc900 JavaThread "Service Thread" daemon [_thread_blocked, id=9504, stack(0x0000001b57400000,0x0000001b57500000)]
  0x0000020e7c3cd1b0 JavaThread "Monitor Deflation Thread" daemon [_thread_blocked, id=25528, stack(0x0000001b57500000,0x0000001b57600000)]
  0x0000020e7c3cdd90 JavaThread "C2 CompilerThread0" daemon [_thread_in_native, id=18156, stack(0x0000001b57600000,0x0000001b57700000)]
  0x0000020e7c3ce680 JavaThread "C1 CompilerThread0" daemon [_thread_blocked, id=49264, stack(0x0000001b57700000,0x0000001b57800000)]
  0x0000020e22d52860 JavaThread "Sweeper thread" daemon [_thread_blocked, id=54572, stack(0x0000001b57800000,0x0000001b57900000)]
  0x0000020e7c399e20 JavaThread "Common-Cleaner" daemon [_thread_blocked, id=29088, stack(0x0000001b57900000,0x0000001b57a00000)]
  0x0000020e22effaf0 JavaThread "Monitor Ctrl-Break" daemon [_thread_in_native, id=50104, stack(0x0000001b57a00000,0x0000001b57b00000)]
  0x0000020e22f84d20 JavaThread "Notification Thread" daemon [_thread_blocked, id=36256, stack(0x0000001b57b00000,0x0000001b57c00000)]
  0x0000020e247ea010 JavaThread "Thread-1" daemon [_thread_blocked, id=36028, stack(0x0000001b57e00000,0x0000001b57f00000)]
  0x0000020e23a94810 JavaThread "C2 CompilerThread1" daemon [_thread_in_native, id=48012, stack(0x0000001b58900000,0x0000001b58a00000)]
=>0x0000020e2412b7c0 JavaThread "C2 CompilerThread2" daemon [_thread_in_native, id=48932, stack(0x0000001b59200000,0x0000001b59300000)]

Other Threads:
  0x0000020e7c234c00 VMThread "VM Thread" [stack: 0x0000001b56f00000,0x0000001b57000000] [id=27976]
  0x0000020e22fe8a80 WatcherThread "VM Periodic Task Thread" [stack: 0x0000001b57c00000,0x0000001b57d00000] [id=54784]
  0x0000020e712e3c40 WorkerThread "GC Thread#0" [stack: 0x0000001b56a00000,0x0000001b56b00000] [id=39216]
  0x0000020e2381fa50 WorkerThread "GC Thread#1" [stack: 0x0000001b57f00000,0x0000001b58000000] [id=28228]
  0x0000020e239ce210 WorkerThread "GC Thread#2" [stack: 0x0000001b58000000,0x0000001b58100000] [id=39456]
  0x0000020e239ce4b0 WorkerThread "GC Thread#3" [stack: 0x0000001b58100000,0x0000001b58200000] [id=37420]
  0x0000020e23a2ca40 WorkerThread "GC Thread#4" [stack: 0x0000001b58200000,0x0000001b58300000] [id=48144]
  0x0000020e23a2cce0 WorkerThread "GC Thread#5" [stack: 0x0000001b58300000,0x0000001b58400000] [id=53824]
  0x0000020e23a2cf80 WorkerThread "GC Thread#6" [stack: 0x0000001b58400000,0x0000001b58500000] [id=45668]
  0x0000020e239bca80 WorkerThread "GC Thread#7" [stack: 0x0000001b58500000,0x0000001b58600000] [id=46168]
  0x0000020e239bcd20 WorkerThread "GC Thread#8" [stack: 0x0000001b58600000,0x0000001b58700000] [id=49052]
  0x0000020e239bcfc0 WorkerThread "GC Thread#9" [stack: 0x0000001b58700000,0x0000001b58800000] [id=29704]
  0x0000020e23a9e740 WorkerThread "GC Thread#10" [stack: 0x0000001b58800000,0x0000001b58900000] [id=30676]
  0x0000020e712ec610 ConcurrentGCThread "G1 Main Marker" [stack: 0x0000001b56b00000,0x0000001b56c00000] [id=34656]
  0x0000020e712ece10 WorkerThread "G1 Conc#0" [stack: 0x0000001b56c00000,0x0000001b56d00000] [id=29580]
  0x0000020e24715920 WorkerThread "G1 Conc#1" [stack: 0x0000001b58a00000,0x0000001b58b00000] [id=32672]
  0x0000020e24715bc0 WorkerThread "G1 Conc#2" [stack: 0x0000001b58b00000,0x0000001b58c00000] [id=34400]
  0x0000020e7c266b00 ConcurrentGCThread "G1 Refine#0" [stack: 0x0000001b56d00000,0x0000001b56e00000] [id=29596]
  0x0000020e239ba910 ConcurrentGCThread "G1 Refine#1" [stack: 0x0000001b58c00000,0x0000001b58d00000] [id=908]
  0x0000020e239ba370 ConcurrentGCThread "G1 Refine#2" [stack: 0x0000001b58d00000,0x0000001b58e00000] [id=51160]
  0x0000020e239baeb0 ConcurrentGCThread "G1 Refine#3" [stack: 0x0000001b58e00000,0x0000001b58f00000] [id=37912]
  0x0000020e239bb450 ConcurrentGCThread "G1 Refine#4" [stack: 0x0000001b58f00000,0x0000001b59000000] [id=49108]
  0x0000020e239bb9f0 ConcurrentGCThread "G1 Refine#5" [stack: 0x0000001b59000000,0x0000001b59100000] [id=31084]
  0x0000020e244ee2d0 ConcurrentGCThread "G1 Refine#6" [stack: 0x0000001b59100000,0x0000001b59200000] [id=4868]
  0x0000020e244f01c0 ConcurrentGCThread "G1 Refine#7" [stack: 0x0000001b57d00000,0x0000001b57e00000] [id=51244]
  0x0000020e244ee5a0 ConcurrentGCThread "G1 Refine#8" [stack: 0x0000001b56600000,0x0000001b56700000] [id=15704]
  0x0000020e7c2671c0 ConcurrentGCThread "G1 Service" [stack: 0x0000001b56e00000,0x0000001b56f00000] [id=55080]

Threads with active compile tasks:
C2 CompilerThread0    41547 12231       4       org.mapstruct.ap.internal.util.Filters$$Lambda$465/0x0000000800fda290::test (12 bytes)
C2 CompilerThread1    41547 12350       4       java.util.regex.Pattern::compile (500 bytes)
C2 CompilerThread2    41547 12349   !   4       com.sun.tools.javac.main.JavaCompiler::resolveIdent (207 bytes)

VM state: not at safepoint (normal execution)

VM Mutex/Monitor currently owned by a thread: None

Heap address: 0x0000000608800000, size: 8056 MB, Compressed Oops mode: Zero based, Oop shift amount: 3

CDS archive(s) mapped at: [0x0000000800000000-0x0000000800ba0000-0x0000000800ba0000), size 12189696, SharedBaseAddress: 0x0000000800000000, ArchiveRelocationMode: 0.
Compressed class space mapped at: 0x0000000800c00000-0x0000000840c00000, reserved size: 1073741824
Narrow klass base: 0x0000000800000000, Narrow klass shift: 0, Narrow klass range: 0x100000000

GC Precious Log:
 CardTable entry size: 512
 Card Set container configuration: InlinePtr #cards 4 size 8 Array Of Cards #cards 32 size 80 Howl #buckets 8 coarsen threshold 7372 Howl Bitmap #cards 1024 size 144 coarsen threshold 921 Card regions per heap region 1 cards per card region 8192
 CPUs: 14 total, 14 available
 Memory: 32212M
 Large Page Support: Disabled
 NUMA Support: Disabled
 Compressed Oops: Enabled (Zero based)
 Heap Region Size: 4M
 Heap Min Capacity: 8M
 Heap Initial Capacity: 504M
 Heap Max Capacity: 8056M
 Pre-touch: Disabled
 Parallel Workers: 11
 Concurrent Workers: 3
 Concurrent Refinement Workers: 11
 Periodic GC: Disabled

Heap:
 garbage-first heap   total 1044480K, used 361491K [0x0000000608800000, 0x0000000800000000)
  region size 4096K, 34 young (139264K), 5 survivors (20480K)
 Metaspace       used 38183K, committed 38848K, reserved 1114112K
  class space    used 4130K, committed 4480K, reserved 1048576K

Heap Regions: E=young(eden), S=young(survivor), O=old, HS=humongous(starts), HC=humongous(continues), CS=collection set, F=free, OA=open archive, CA=closed archive, TAMS=top-at-mark-start (previous, next)
|   0|0x0000000608800000, 0x0000000608b87e00, 0x0000000608c00000| 88%| O|  |TAMS 0x0000000608b87e00, 0x0000000608800000| Untracked 
|   1|0x0000000608c00000, 0x0000000609000000, 0x0000000609000000|100%| O|  |TAMS 0x0000000609000000, 0x0000000608c00000| Untracked 
|   2|0x0000000609000000, 0x0000000609400000, 0x0000000609400000|100%| O|  |TAMS 0x0000000609400000, 0x0000000609000000| Untracked 
|   3|0x0000000609400000, 0x0000000609800000, 0x0000000609800000|100%| O|  |TAMS 0x0000000609800000, 0x0000000609400000| Untracked 
|   4|0x0000000609800000, 0x0000000609c00000, 0x0000000609c00000|100%| O|  |TAMS 0x0000000609c00000, 0x0000000609800000| Untracked 
|   5|0x0000000609c00000, 0x000000060a000000, 0x000000060a000000|100%| O|  |TAMS 0x000000060a000000, 0x0000000609c00000| Untracked 
|   6|0x000000060a000000, 0x000000060a400000, 0x000000060a400000|100%| O|  |TAMS 0x000000060a400000, 0x000000060a000000| Untracked 
|   7|0x000000060a400000, 0x000000060a800000, 0x000000060a800000|100%| O|  |TAMS 0x000000060a800000, 0x000000060a400000| Untracked 
|   8|0x000000060a800000, 0x000000060ac00000, 0x000000060ac00000|100%| O|  |TAMS 0x000000060ac00000, 0x000000060a800000| Untracked 
|   9|0x000000060ac00000, 0x000000060b000000, 0x000000060b000000|100%| O|  |TAMS 0x000000060b000000, 0x000000060ac00000| Untracked 
|  10|0x000000060b000000, 0x000000060b400000, 0x000000060b400000|100%| O|  |TAMS 0x000000060b400000, 0x000000060b000000| Untracked 
|  11|0x000000060b400000, 0x000000060b800000, 0x000000060b800000|100%| O|  |TAMS 0x000000060b800000, 0x000000060b400000| Untracked 
|  12|0x000000060b800000, 0x000000060bc00000, 0x000000060bc00000|100%| O|  |TAMS 0x000000060bc00000, 0x000000060b800000| Untracked 
|  13|0x000000060bc00000, 0x000000060c000000, 0x000000060c000000|100%| O|  |TAMS 0x000000060c000000, 0x000000060bc00000| Untracked 
|  14|0x000000060c000000, 0x000000060c400000, 0x000000060c400000|100%| O|  |TAMS 0x000000060c400000, 0x000000060c000000| Untracked 
|  15|0x000000060c400000, 0x000000060c800000, 0x000000060c800000|100%| O|  |TAMS 0x000000060c800000, 0x000000060c400000| Untracked 
|  16|0x000000060c800000, 0x000000060cc00000, 0x000000060cc00000|100%| O|  |TAMS 0x000000060c800000, 0x000000060c800000| Untracked 
|  17|0x000000060cc00000, 0x000000060d000000, 0x000000060d000000|100%| O|  |TAMS 0x000000060d000000, 0x000000060cc00000| Untracked 
|  18|0x000000060d000000, 0x000000060d400000, 0x000000060d400000|100%| O|  |TAMS 0x000000060d400000, 0x000000060d000000| Untracked 
|  19|0x000000060d400000, 0x000000060d800000, 0x000000060d800000|100%| O|  |TAMS 0x000000060d800000, 0x000000060d400000| Untracked 
|  20|0x000000060d800000, 0x000000060dc00000, 0x000000060dc00000|100%| O|  |TAMS 0x000000060dc00000, 0x000000060d800000| Untracked 
|  21|0x000000060dc00000, 0x000000060e000000, 0x000000060e000000|100%| O|  |TAMS 0x000000060dc00000, 0x000000060dc00000| Untracked 
|  22|0x000000060e000000, 0x000000060e400000, 0x000000060e400000|100%| O|  |TAMS 0x000000060e400000, 0x000000060e000000| Untracked 
|  23|0x000000060e400000, 0x000000060e800000, 0x000000060e800000|100%| O|  |TAMS 0x000000060e800000, 0x000000060e400000| Untracked 
|  24|0x000000060e800000, 0x000000060ec00000, 0x000000060ec00000|100%| O|  |TAMS 0x000000060ec00000, 0x000000060e800000| Untracked 
|  25|0x000000060ec00000, 0x000000060f000000, 0x000000060f000000|100%| O|  |TAMS 0x000000060f000000, 0x000000060ec00000| Untracked 
|  26|0x000000060f000000, 0x000000060f400000, 0x000000060f400000|100%| O|  |TAMS 0x000000060f161000, 0x000000060f000000| Untracked 
|  27|0x000000060f400000, 0x000000060f800000, 0x000000060f800000|100%| O|  |TAMS 0x000000060f400000, 0x000000060f400000| Untracked 
|  28|0x000000060f800000, 0x000000060fc00000, 0x000000060fc00000|100%| O|  |TAMS 0x000000060f800000, 0x000000060f800000| Untracked 
|  29|0x000000060fc00000, 0x0000000610000000, 0x0000000610000000|100%|HS|  |TAMS 0x000000060fc00000, 0x000000060fc00000| Complete 
|  30|0x0000000610000000, 0x0000000610400000, 0x0000000610400000|100%| O|  |TAMS 0x0000000610000000, 0x0000000610000000| Untracked 
|  31|0x0000000610400000, 0x0000000610800000, 0x0000000610800000|100%| O|  |TAMS 0x0000000610400000, 0x0000000610400000| Untracked 
|  32|0x0000000610800000, 0x0000000610c00000, 0x0000000610c00000|100%| O|  |TAMS 0x0000000610800000, 0x0000000610800000| Untracked 
|  33|0x0000000610c00000, 0x0000000611000000, 0x0000000611000000|100%| O|  |TAMS 0x0000000610c00000, 0x0000000610c00000| Untracked 
|  34|0x0000000611000000, 0x0000000611400000, 0x0000000611400000|100%| O|  |TAMS 0x0000000611000000, 0x0000000611000000| Untracked 
|  35|0x0000000611400000, 0x0000000611800000, 0x0000000611800000|100%|HS|  |TAMS 0x0000000611400000, 0x0000000611400000| Complete 
|  36|0x0000000611800000, 0x0000000611c00000, 0x0000000611c00000|100%|HC|  |TAMS 0x0000000611800000, 0x0000000611800000| Complete 
|  37|0x0000000611c00000, 0x0000000612000000, 0x0000000612000000|100%| O|  |TAMS 0x0000000611c00000, 0x0000000611c00000| Untracked 
|  38|0x0000000612000000, 0x0000000612400000, 0x0000000612400000|100%| O|  |TAMS 0x0000000612000000, 0x0000000612000000| Untracked 
|  39|0x0000000612400000, 0x0000000612800000, 0x0000000612800000|100%| O|  |TAMS 0x0000000612400000, 0x0000000612400000| Untracked 
|  40|0x0000000612800000, 0x0000000612c00000, 0x0000000612c00000|100%| O|  |TAMS 0x0000000612800000, 0x0000000612800000| Untracked 
|  41|0x0000000612c00000, 0x0000000613000000, 0x0000000613000000|100%| O|  |TAMS 0x0000000612c00000, 0x0000000612c00000| Untracked 
|  42|0x0000000613000000, 0x0000000613400000, 0x0000000613400000|100%| O|  |TAMS 0x0000000613000000, 0x0000000613000000| Untracked 
|  43|0x0000000613400000, 0x0000000613800000, 0x0000000613800000|100%| O|  |TAMS 0x0000000613400000, 0x0000000613400000| Untracked 
|  44|0x0000000613800000, 0x0000000613c00000, 0x0000000613c00000|100%| O|  |TAMS 0x0000000613800000, 0x0000000613800000| Untracked 
|  45|0x0000000613c00000, 0x0000000614000000, 0x0000000614000000|100%| O|  |TAMS 0x0000000613c00000, 0x0000000613c00000| Untracked 
|  46|0x0000000614000000, 0x0000000614400000, 0x0000000614400000|100%| O|  |TAMS 0x0000000614000000, 0x0000000614000000| Untracked 
|  47|0x0000000614400000, 0x0000000614800000, 0x0000000614800000|100%| O|  |TAMS 0x0000000614400000, 0x0000000614400000| Untracked 
|  48|0x0000000614800000, 0x0000000614c00000, 0x0000000614c00000|100%| O|  |TAMS 0x0000000614800000, 0x0000000614800000| Untracked 
|  49|0x0000000614c00000, 0x0000000615000000, 0x0000000615000000|100%| O|  |TAMS 0x0000000614c00000, 0x0000000614c00000| Untracked 
|  50|0x0000000615000000, 0x0000000615400000, 0x0000000615400000|100%| O|  |TAMS 0x0000000615000000, 0x0000000615000000| Untracked 
|  51|0x0000000615400000, 0x0000000615800000, 0x0000000615800000|100%| O|  |TAMS 0x0000000615400000, 0x0000000615400000| Untracked 
|  52|0x0000000615800000, 0x0000000615b4b800, 0x0000000615c00000| 82%| O|  |TAMS 0x0000000615800000, 0x0000000615800000| Untracked 
|  53|0x0000000615c00000, 0x0000000615c00000, 0x0000000616000000|  0%| F|  |TAMS 0x0000000615c00000, 0x0000000615c00000| Untracked 
|  54|0x0000000616000000, 0x0000000616000000, 0x0000000616400000|  0%| F|  |TAMS 0x0000000616000000, 0x0000000616000000| Untracked 
|  55|0x0000000616400000, 0x0000000616400000, 0x0000000616800000|  0%| F|  |TAMS 0x0000000616400000, 0x0000000616400000| Untracked 
|  56|0x0000000616800000, 0x0000000616800000, 0x0000000616c00000|  0%| F|  |TAMS 0x0000000616800000, 0x0000000616800000| Untracked 
|  57|0x0000000616c00000, 0x0000000616c00000, 0x0000000617000000|  0%| F|  |TAMS 0x0000000616c00000, 0x0000000616c00000| Untracked 
|  58|0x0000000617000000, 0x0000000617000000, 0x0000000617400000|  0%| F|  |TAMS 0x0000000617000000, 0x0000000617000000| Untracked 
|  59|0x0000000617400000, 0x0000000617400000, 0x0000000617800000|  0%| F|  |TAMS 0x0000000617400000, 0x0000000617400000| Untracked 
|  60|0x0000000617800000, 0x0000000617800000, 0x0000000617c00000|  0%| F|  |TAMS 0x0000000617800000, 0x0000000617800000| Untracked 
|  61|0x0000000617c00000, 0x0000000617c00000, 0x0000000618000000|  0%| F|  |TAMS 0x0000000617c00000, 0x0000000617c00000| Untracked 
|  62|0x0000000618000000, 0x0000000618000000, 0x0000000618400000|  0%| F|  |TAMS 0x0000000618000000, 0x0000000618000000| Untracked 
|  63|0x0000000618400000, 0x0000000618400000, 0x0000000618800000|  0%| F|  |TAMS 0x0000000618400000, 0x0000000618400000| Untracked 
|  64|0x0000000618800000, 0x0000000618800000, 0x0000000618c00000|  0%| F|  |TAMS 0x0000000618800000, 0x0000000618800000| Untracked 
|  65|0x0000000618c00000, 0x0000000618c00000, 0x0000000619000000|  0%| F|  |TAMS 0x0000000618c00000, 0x0000000618c00000| Untracked 
|  66|0x0000000619000000, 0x0000000619000000, 0x0000000619400000|  0%| F|  |TAMS 0x0000000619000000, 0x0000000619000000| Untracked 
|  67|0x0000000619400000, 0x0000000619400000, 0x0000000619800000|  0%| F|  |TAMS 0x0000000619400000, 0x0000000619400000| Untracked 
|  68|0x0000000619800000, 0x0000000619800000, 0x0000000619c00000|  0%| F|  |TAMS 0x0000000619800000, 0x0000000619800000| Untracked 
|  69|0x0000000619c00000, 0x0000000619c00000, 0x000000061a000000|  0%| F|  |TAMS 0x0000000619c00000, 0x0000000619c00000| Untracked 
|  70|0x000000061a000000, 0x000000061a000000, 0x000000061a400000|  0%| F|  |TAMS 0x000000061a000000, 0x000000061a000000| Untracked 
|  71|0x000000061a400000, 0x000000061a400000, 0x000000061a800000|  0%| F|  |TAMS 0x000000061a400000, 0x000000061a400000| Untracked 
|  72|0x000000061a800000, 0x000000061a800000, 0x000000061ac00000|  0%| F|  |TAMS 0x000000061a800000, 0x000000061a800000| Untracked 
|  73|0x000000061ac00000, 0x000000061ac00000, 0x000000061b000000|  0%| F|  |TAMS 0x000000061ac00000, 0x000000061ac00000| Untracked 
|  74|0x000000061b000000, 0x000000061b000000, 0x000000061b400000|  0%| F|  |TAMS 0x000000061b000000, 0x000000061b000000| Untracked 
|  75|0x000000061b400000, 0x000000061b631788, 0x000000061b800000| 54%| S|CS|TAMS 0x000000061b400000, 0x000000061b400000| Complete 
|  76|0x000000061b800000, 0x000000061bc00000, 0x000000061bc00000|100%| S|CS|TAMS 0x000000061b800000, 0x000000061b800000| Complete 
|  77|0x000000061bc00000, 0x000000061c000000, 0x000000061c000000|100%| S|CS|TAMS 0x000000061bc00000, 0x000000061bc00000| Complete 
|  78|0x000000061c000000, 0x000000061c400000, 0x000000061c400000|100%| S|CS|TAMS 0x000000061c000000, 0x000000061c000000| Complete 
|  79|0x000000061c400000, 0x000000061c400000, 0x000000061c800000|  0%| F|  |TAMS 0x000000061c400000, 0x000000061c400000| Untracked 
|  80|0x000000061c800000, 0x000000061c800000, 0x000000061cc00000|  0%| F|  |TAMS 0x000000061c800000, 0x000000061c800000| Untracked 
|  81|0x000000061cc00000, 0x000000061d000000, 0x000000061d000000|100%| S|CS|TAMS 0x000000061cc00000, 0x000000061cc00000| Complete 
|  82|0x000000061d000000, 0x000000061d000000, 0x000000061d400000|  0%| F|  |TAMS 0x000000061d000000, 0x000000061d000000| Untracked 
|  83|0x000000061d400000, 0x000000061d400000, 0x000000061d800000|  0%| F|  |TAMS 0x000000061d400000, 0x000000061d400000| Untracked 
|  84|0x000000061d800000, 0x000000061d800000, 0x000000061dc00000|  0%| F|  |TAMS 0x000000061d800000, 0x000000061d800000| Untracked 
|  85|0x000000061dc00000, 0x000000061dc00000, 0x000000061e000000|  0%| F|  |TAMS 0x000000061dc00000, 0x000000061dc00000| Untracked 
|  86|0x000000061e000000, 0x000000061e000000, 0x000000061e400000|  0%| F|  |TAMS 0x000000061e000000, 0x000000061e000000| Untracked 
|  87|0x000000061e400000, 0x000000061e400000, 0x000000061e800000|  0%| F|  |TAMS 0x000000061e400000, 0x000000061e400000| Untracked 
|  88|0x000000061e800000, 0x000000061e800000, 0x000000061ec00000|  0%| F|  |TAMS 0x000000061e800000, 0x000000061e800000| Untracked 
|  89|0x000000061ec00000, 0x000000061ec00000, 0x000000061f000000|  0%| F|  |TAMS 0x000000061ec00000, 0x000000061ec00000| Untracked 
|  90|0x000000061f000000, 0x000000061f000000, 0x000000061f400000|  0%| F|  |TAMS 0x000000061f000000, 0x000000061f000000| Untracked 
|  91|0x000000061f400000, 0x000000061f400000, 0x000000061f800000|  0%| F|  |TAMS 0x000000061f400000, 0x000000061f400000| Untracked 
|  92|0x000000061f800000, 0x000000061f800000, 0x000000061fc00000|  0%| F|  |TAMS 0x000000061f800000, 0x000000061f800000| Untracked 
|  93|0x000000061fc00000, 0x000000061fc00000, 0x0000000620000000|  0%| F|  |TAMS 0x000000061fc00000, 0x000000061fc00000| Untracked 
|  94|0x0000000620000000, 0x0000000620000000, 0x0000000620400000|  0%| F|  |TAMS 0x0000000620000000, 0x0000000620000000| Untracked 
|  95|0x0000000620400000, 0x0000000620400000, 0x0000000620800000|  0%| F|  |TAMS 0x0000000620400000, 0x0000000620400000| Untracked 
|  96|0x0000000620800000, 0x0000000620800000, 0x0000000620c00000|  0%| F|  |TAMS 0x0000000620800000, 0x0000000620800000| Untracked 
|  97|0x0000000620c00000, 0x0000000620c00000, 0x0000000621000000|  0%| F|  |TAMS 0x0000000620c00000, 0x0000000620c00000| Untracked 
|  98|0x0000000621000000, 0x0000000621000000, 0x0000000621400000|  0%| F|  |TAMS 0x0000000621000000, 0x0000000621000000| Untracked 
|  99|0x0000000621400000, 0x0000000621400000, 0x0000000621800000|  0%| F|  |TAMS 0x0000000621400000, 0x0000000621400000| Untracked 
| 100|0x0000000621800000, 0x0000000621800000, 0x0000000621c00000|  0%| F|  |TAMS 0x0000000621800000, 0x0000000621800000| Untracked 
| 101|0x0000000621c00000, 0x0000000621c00000, 0x0000000622000000|  0%| F|  |TAMS 0x0000000621c00000, 0x0000000621c00000| Untracked 
| 102|0x0000000622000000, 0x0000000622000000, 0x0000000622400000|  0%| F|  |TAMS 0x0000000622000000, 0x0000000622000000| Untracked 
| 103|0x0000000622400000, 0x0000000622400000, 0x0000000622800000|  0%| F|  |TAMS 0x0000000622400000, 0x0000000622400000| Untracked 
| 104|0x0000000622800000, 0x0000000622800000, 0x0000000622c00000|  0%| F|  |TAMS 0x0000000622800000, 0x0000000622800000| Untracked 
| 105|0x0000000622c00000, 0x0000000622c00000, 0x0000000623000000|  0%| F|  |TAMS 0x0000000622c00000, 0x0000000622c00000| Untracked 
| 106|0x0000000623000000, 0x0000000623000000, 0x0000000623400000|  0%| F|  |TAMS 0x0000000623000000, 0x0000000623000000| Untracked 
| 107|0x0000000623400000, 0x0000000623400000, 0x0000000623800000|  0%| F|  |TAMS 0x0000000623400000, 0x0000000623400000| Untracked 
| 108|0x0000000623800000, 0x0000000623800000, 0x0000000623c00000|  0%| F|  |TAMS 0x0000000623800000, 0x0000000623800000| Untracked 
| 109|0x0000000623c00000, 0x0000000623c00000, 0x0000000624000000|  0%| F|  |TAMS 0x0000000623c00000, 0x0000000623c00000| Untracked 
| 110|0x0000000624000000, 0x0000000624000000, 0x0000000624400000|  0%| F|  |TAMS 0x0000000624000000, 0x0000000624000000| Untracked 
| 111|0x0000000624400000, 0x0000000624400000, 0x0000000624800000|  0%| F|  |TAMS 0x0000000624400000, 0x0000000624400000| Untracked 
| 112|0x0000000624800000, 0x0000000624800000, 0x0000000624c00000|  0%| F|  |TAMS 0x0000000624800000, 0x0000000624800000| Untracked 
| 113|0x0000000624c00000, 0x0000000624c00000, 0x0000000625000000|  0%| F|  |TAMS 0x0000000624c00000, 0x0000000624c00000| Untracked 
| 114|0x0000000625000000, 0x0000000625000000, 0x0000000625400000|  0%| F|  |TAMS 0x0000000625000000, 0x0000000625000000| Untracked 
| 115|0x0000000625400000, 0x0000000625400000, 0x0000000625800000|  0%| F|  |TAMS 0x0000000625400000, 0x0000000625400000| Untracked 
| 116|0x0000000625800000, 0x0000000625800000, 0x0000000625c00000|  0%| F|  |TAMS 0x0000000625800000, 0x0000000625800000| Untracked 
| 117|0x0000000625c00000, 0x0000000625c00000, 0x0000000626000000|  0%| F|  |TAMS 0x0000000625c00000, 0x0000000625c00000| Untracked 
| 118|0x0000000626000000, 0x0000000626000000, 0x0000000626400000|  0%| F|  |TAMS 0x0000000626000000, 0x0000000626000000| Untracked 
| 119|0x0000000626400000, 0x0000000626400000, 0x0000000626800000|  0%| F|  |TAMS 0x0000000626400000, 0x0000000626400000| Untracked 
| 120|0x0000000626800000, 0x0000000626800000, 0x0000000626c00000|  0%| F|  |TAMS 0x0000000626800000, 0x0000000626800000| Untracked 
| 121|0x0000000626c00000, 0x0000000626c00000, 0x0000000627000000|  0%| F|  |TAMS 0x0000000626c00000, 0x0000000626c00000| Untracked 
| 122|0x0000000627000000, 0x0000000627000000, 0x0000000627400000|  0%| F|  |TAMS 0x0000000627000000, 0x0000000627000000| Untracked 
| 123|0x0000000627400000, 0x0000000627400000, 0x0000000627800000|  0%| F|  |TAMS 0x0000000627400000, 0x0000000627400000| Untracked 
| 124|0x0000000627800000, 0x0000000627800000, 0x0000000627c00000|  0%| F|  |TAMS 0x0000000627800000, 0x0000000627800000| Untracked 
| 125|0x0000000627c00000, 0x0000000627c00000, 0x0000000628000000|  0%| F|  |TAMS 0x0000000627c00000, 0x0000000627c00000| Untracked 
| 126|0x0000000628000000, 0x0000000628000000, 0x0000000628400000|  0%| F|  |TAMS 0x0000000628000000, 0x0000000628000000| Untracked 
| 127|0x0000000628400000, 0x0000000628400000, 0x0000000628800000|  0%| F|  |TAMS 0x0000000628400000, 0x0000000628400000| Untracked 
| 128|0x0000000628800000, 0x0000000628800000, 0x0000000628c00000|  0%| F|  |TAMS 0x0000000628800000, 0x0000000628800000| Untracked 
| 129|0x0000000628c00000, 0x0000000628c00000, 0x0000000629000000|  0%| F|  |TAMS 0x0000000628c00000, 0x0000000628c00000| Untracked 
| 130|0x0000000629000000, 0x0000000629000000, 0x0000000629400000|  0%| F|  |TAMS 0x0000000629000000, 0x0000000629000000| Untracked 
| 131|0x0000000629400000, 0x0000000629400000, 0x0000000629800000|  0%| F|  |TAMS 0x0000000629400000, 0x0000000629400000| Untracked 
| 132|0x0000000629800000, 0x0000000629800000, 0x0000000629c00000|  0%| F|  |TAMS 0x0000000629800000, 0x0000000629800000| Untracked 
| 133|0x0000000629c00000, 0x0000000629c00000, 0x000000062a000000|  0%| F|  |TAMS 0x0000000629c00000, 0x0000000629c00000| Untracked 
| 134|0x000000062a000000, 0x000000062a000000, 0x000000062a400000|  0%| F|  |TAMS 0x000000062a000000, 0x000000062a000000| Untracked 
| 135|0x000000062a400000, 0x000000062a400000, 0x000000062a800000|  0%| F|  |TAMS 0x000000062a400000, 0x000000062a400000| Untracked 
| 136|0x000000062a800000, 0x000000062a800000, 0x000000062ac00000|  0%| F|  |TAMS 0x000000062a800000, 0x000000062a800000| Untracked 
| 137|0x000000062ac00000, 0x000000062ac00000, 0x000000062b000000|  0%| F|  |TAMS 0x000000062ac00000, 0x000000062ac00000| Untracked 
| 138|0x000000062b000000, 0x000000062b000000, 0x000000062b400000|  0%| F|  |TAMS 0x000000062b000000, 0x000000062b000000| Untracked 
| 139|0x000000062b400000, 0x000000062b400000, 0x000000062b800000|  0%| F|  |TAMS 0x000000062b400000, 0x000000062b400000| Untracked 
| 140|0x000000062b800000, 0x000000062b800000, 0x000000062bc00000|  0%| F|  |TAMS 0x000000062b800000, 0x000000062b800000| Untracked 
| 141|0x000000062bc00000, 0x000000062bc00000, 0x000000062c000000|  0%| F|  |TAMS 0x000000062bc00000, 0x000000062bc00000| Untracked 
| 142|0x000000062c000000, 0x000000062c000000, 0x000000062c400000|  0%| F|  |TAMS 0x000000062c000000, 0x000000062c000000| Untracked 
| 143|0x000000062c400000, 0x000000062c400000, 0x000000062c800000|  0%| F|  |TAMS 0x000000062c400000, 0x000000062c400000| Untracked 
| 144|0x000000062c800000, 0x000000062c800000, 0x000000062cc00000|  0%| F|  |TAMS 0x000000062c800000, 0x000000062c800000| Untracked 
| 145|0x000000062cc00000, 0x000000062cc00000, 0x000000062d000000|  0%| F|  |TAMS 0x000000062cc00000, 0x000000062cc00000| Untracked 
| 146|0x000000062d000000, 0x000000062d000000, 0x000000062d400000|  0%| F|  |TAMS 0x000000062d000000, 0x000000062d000000| Untracked 
| 147|0x000000062d400000, 0x000000062d400000, 0x000000062d800000|  0%| F|  |TAMS 0x000000062d400000, 0x000000062d400000| Untracked 
| 148|0x000000062d800000, 0x000000062d800000, 0x000000062dc00000|  0%| F|  |TAMS 0x000000062d800000, 0x000000062d800000| Untracked 
| 149|0x000000062dc00000, 0x000000062dc00000, 0x000000062e000000|  0%| F|  |TAMS 0x000000062dc00000, 0x000000062dc00000| Untracked 
| 150|0x000000062e000000, 0x000000062e000000, 0x000000062e400000|  0%| F|  |TAMS 0x000000062e000000, 0x000000062e000000| Untracked 
| 151|0x000000062e400000, 0x000000062e400000, 0x000000062e800000|  0%| F|  |TAMS 0x000000062e400000, 0x000000062e400000| Untracked 
| 152|0x000000062e800000, 0x000000062e800000, 0x000000062ec00000|  0%| F|  |TAMS 0x000000062e800000, 0x000000062e800000| Untracked 
| 153|0x000000062ec00000, 0x000000062ec00000, 0x000000062f000000|  0%| F|  |TAMS 0x000000062ec00000, 0x000000062ec00000| Untracked 
| 154|0x000000062f000000, 0x000000062f000000, 0x000000062f400000|  0%| F|  |TAMS 0x000000062f000000, 0x000000062f000000| Untracked 
| 155|0x000000062f400000, 0x000000062f400000, 0x000000062f800000|  0%| F|  |TAMS 0x000000062f400000, 0x000000062f400000| Untracked 
| 156|0x000000062f800000, 0x000000062f800000, 0x000000062fc00000|  0%| F|  |TAMS 0x000000062f800000, 0x000000062f800000| Untracked 
| 157|0x000000062fc00000, 0x000000062fc00000, 0x0000000630000000|  0%| F|  |TAMS 0x000000062fc00000, 0x000000062fc00000| Untracked 
| 158|0x0000000630000000, 0x0000000630000000, 0x0000000630400000|  0%| F|  |TAMS 0x0000000630000000, 0x0000000630000000| Untracked 
| 159|0x0000000630400000, 0x0000000630400000, 0x0000000630800000|  0%| F|  |TAMS 0x0000000630400000, 0x0000000630400000| Untracked 
| 160|0x0000000630800000, 0x0000000630800000, 0x0000000630c00000|  0%| F|  |TAMS 0x0000000630800000, 0x0000000630800000| Untracked 
| 161|0x0000000630c00000, 0x0000000630c00000, 0x0000000631000000|  0%| F|  |TAMS 0x0000000630c00000, 0x0000000630c00000| Untracked 
| 162|0x0000000631000000, 0x0000000631000000, 0x0000000631400000|  0%| F|  |TAMS 0x0000000631000000, 0x0000000631000000| Untracked 
| 163|0x0000000631400000, 0x0000000631400000, 0x0000000631800000|  0%| F|  |TAMS 0x0000000631400000, 0x0000000631400000| Untracked 
| 164|0x0000000631800000, 0x0000000631800000, 0x0000000631c00000|  0%| F|  |TAMS 0x0000000631800000, 0x0000000631800000| Untracked 
| 165|0x0000000631c00000, 0x0000000631c00000, 0x0000000632000000|  0%| F|  |TAMS 0x0000000631c00000, 0x0000000631c00000| Untracked 
| 166|0x0000000632000000, 0x0000000632000000, 0x0000000632400000|  0%| F|  |TAMS 0x0000000632000000, 0x0000000632000000| Untracked 
| 167|0x0000000632400000, 0x0000000632400000, 0x0000000632800000|  0%| F|  |TAMS 0x0000000632400000, 0x0000000632400000| Untracked 
| 168|0x0000000632800000, 0x0000000632800000, 0x0000000632c00000|  0%| F|  |TAMS 0x0000000632800000, 0x0000000632800000| Untracked 
| 169|0x0000000632c00000, 0x0000000632c00000, 0x0000000633000000|  0%| F|  |TAMS 0x0000000632c00000, 0x0000000632c00000| Untracked 
| 170|0x0000000633000000, 0x0000000633000000, 0x0000000633400000|  0%| F|  |TAMS 0x0000000633000000, 0x0000000633000000| Untracked 
| 171|0x0000000633400000, 0x0000000633400000, 0x0000000633800000|  0%| F|  |TAMS 0x0000000633400000, 0x0000000633400000| Untracked 
| 172|0x0000000633800000, 0x0000000633800000, 0x0000000633c00000|  0%| F|  |TAMS 0x0000000633800000, 0x0000000633800000| Untracked 
| 173|0x0000000633c00000, 0x0000000633c00000, 0x0000000634000000|  0%| F|  |TAMS 0x0000000633c00000, 0x0000000633c00000| Untracked 
| 174|0x0000000634000000, 0x0000000634000000, 0x0000000634400000|  0%| F|  |TAMS 0x0000000634000000, 0x0000000634000000| Untracked 
| 175|0x0000000634400000, 0x0000000634400000, 0x0000000634800000|  0%| F|  |TAMS 0x0000000634400000, 0x0000000634400000| Untracked 
| 176|0x0000000634800000, 0x0000000634800000, 0x0000000634c00000|  0%| F|  |TAMS 0x0000000634800000, 0x0000000634800000| Untracked 
| 177|0x0000000634c00000, 0x0000000634c00000, 0x0000000635000000|  0%| F|  |TAMS 0x0000000634c00000, 0x0000000634c00000| Untracked 
| 178|0x0000000635000000, 0x0000000635000000, 0x0000000635400000|  0%| F|  |TAMS 0x0000000635000000, 0x0000000635000000| Untracked 
| 179|0x0000000635400000, 0x0000000635400000, 0x0000000635800000|  0%| F|  |TAMS 0x0000000635400000, 0x0000000635400000| Untracked 
| 180|0x0000000635800000, 0x0000000635800000, 0x0000000635c00000|  0%| F|  |TAMS 0x0000000635800000, 0x0000000635800000| Untracked 
| 181|0x0000000635c00000, 0x0000000635c00000, 0x0000000636000000|  0%| F|  |TAMS 0x0000000635c00000, 0x0000000635c00000| Untracked 
| 182|0x0000000636000000, 0x0000000636000000, 0x0000000636400000|  0%| F|  |TAMS 0x0000000636000000, 0x0000000636000000| Untracked 
| 183|0x0000000636400000, 0x0000000636400000, 0x0000000636800000|  0%| F|  |TAMS 0x0000000636400000, 0x0000000636400000| Untracked 
| 184|0x0000000636800000, 0x0000000636800000, 0x0000000636c00000|  0%| F|  |TAMS 0x0000000636800000, 0x0000000636800000| Untracked 
| 185|0x0000000636c00000, 0x0000000636c00000, 0x0000000637000000|  0%| F|  |TAMS 0x0000000636c00000, 0x0000000636c00000| Untracked 
| 186|0x0000000637000000, 0x0000000637000000, 0x0000000637400000|  0%| F|  |TAMS 0x0000000637000000, 0x0000000637000000| Untracked 
| 187|0x0000000637400000, 0x0000000637400000, 0x0000000637800000|  0%| F|  |TAMS 0x0000000637400000, 0x0000000637400000| Untracked 
| 188|0x0000000637800000, 0x0000000637800000, 0x0000000637c00000|  0%| F|  |TAMS 0x0000000637800000, 0x0000000637800000| Untracked 
| 189|0x0000000637c00000, 0x0000000637c00000, 0x0000000638000000|  0%| F|  |TAMS 0x0000000637c00000, 0x0000000637c00000| Untracked 
| 190|0x0000000638000000, 0x0000000638000000, 0x0000000638400000|  0%| F|  |TAMS 0x0000000638000000, 0x0000000638000000| Untracked 
| 191|0x0000000638400000, 0x0000000638400000, 0x0000000638800000|  0%| F|  |TAMS 0x0000000638400000, 0x0000000638400000| Untracked 
| 192|0x0000000638800000, 0x0000000638800000, 0x0000000638c00000|  0%| F|  |TAMS 0x0000000638800000, 0x0000000638800000| Untracked 
| 193|0x0000000638c00000, 0x0000000638c00000, 0x0000000639000000|  0%| F|  |TAMS 0x0000000638c00000, 0x0000000638c00000| Untracked 
| 194|0x0000000639000000, 0x0000000639000000, 0x0000000639400000|  0%| F|  |TAMS 0x0000000639000000, 0x0000000639000000| Untracked 
| 195|0x0000000639400000, 0x0000000639400000, 0x0000000639800000|  0%| F|  |TAMS 0x0000000639400000, 0x0000000639400000| Untracked 
| 196|0x0000000639800000, 0x0000000639800000, 0x0000000639c00000|  0%| F|  |TAMS 0x0000000639800000, 0x0000000639800000| Untracked 
| 197|0x0000000639c00000, 0x0000000639c00000, 0x000000063a000000|  0%| F|  |TAMS 0x0000000639c00000, 0x0000000639c00000| Untracked 
| 198|0x000000063a000000, 0x000000063a000000, 0x000000063a400000|  0%| F|  |TAMS 0x000000063a000000, 0x000000063a000000| Untracked 
| 199|0x000000063a400000, 0x000000063a400000, 0x000000063a800000|  0%| F|  |TAMS 0x000000063a400000, 0x000000063a400000| Untracked 
| 200|0x000000063a800000, 0x000000063a800000, 0x000000063ac00000|  0%| F|  |TAMS 0x000000063a800000, 0x000000063a800000| Untracked 
| 201|0x000000063ac00000, 0x000000063ac00000, 0x000000063b000000|  0%| F|  |TAMS 0x000000063ac00000, 0x000000063ac00000| Untracked 
| 202|0x000000063b000000, 0x000000063b000000, 0x000000063b400000|  0%| F|  |TAMS 0x000000063b000000, 0x000000063b000000| Untracked 
| 203|0x000000063b400000, 0x000000063b400000, 0x000000063b800000|  0%| F|  |TAMS 0x000000063b400000, 0x000000063b400000| Untracked 
| 204|0x000000063b800000, 0x000000063b800000, 0x000000063bc00000|  0%| F|  |TAMS 0x000000063b800000, 0x000000063b800000| Untracked 
| 205|0x000000063bc00000, 0x000000063bc00000, 0x000000063c000000|  0%| F|  |TAMS 0x000000063bc00000, 0x000000063bc00000| Untracked 
| 206|0x000000063c000000, 0x000000063c000000, 0x000000063c400000|  0%| F|  |TAMS 0x000000063c000000, 0x000000063c000000| Untracked 
| 207|0x000000063c400000, 0x000000063c400000, 0x000000063c800000|  0%| F|  |TAMS 0x000000063c400000, 0x000000063c400000| Untracked 
| 208|0x000000063c800000, 0x000000063c800000, 0x000000063cc00000|  0%| F|  |TAMS 0x000000063c800000, 0x000000063c800000| Untracked 
| 209|0x000000063cc00000, 0x000000063cc00000, 0x000000063d000000|  0%| F|  |TAMS 0x000000063cc00000, 0x000000063cc00000| Untracked 
| 210|0x000000063d000000, 0x000000063d000000, 0x000000063d400000|  0%| F|  |TAMS 0x000000063d000000, 0x000000063d000000| Untracked 
| 211|0x000000063d400000, 0x000000063d400000, 0x000000063d800000|  0%| F|  |TAMS 0x000000063d400000, 0x000000063d400000| Untracked 
| 212|0x000000063d800000, 0x000000063d800000, 0x000000063dc00000|  0%| F|  |TAMS 0x000000063d800000, 0x000000063d800000| Untracked 
| 213|0x000000063dc00000, 0x000000063dc00000, 0x000000063e000000|  0%| F|  |TAMS 0x000000063dc00000, 0x000000063dc00000| Untracked 
| 214|0x000000063e000000, 0x000000063e000000, 0x000000063e400000|  0%| F|  |TAMS 0x000000063e000000, 0x000000063e000000| Untracked 
| 215|0x000000063e400000, 0x000000063e400000, 0x000000063e800000|  0%| F|  |TAMS 0x000000063e400000, 0x000000063e400000| Untracked 
| 216|0x000000063e800000, 0x000000063e800000, 0x000000063ec00000|  0%| F|  |TAMS 0x000000063e800000, 0x000000063e800000| Untracked 
| 217|0x000000063ec00000, 0x000000063ec00000, 0x000000063f000000|  0%| F|  |TAMS 0x000000063ec00000, 0x000000063ec00000| Untracked 
| 218|0x000000063f000000, 0x000000063f000000, 0x000000063f400000|  0%| F|  |TAMS 0x000000063f000000, 0x000000063f000000| Untracked 
| 219|0x000000063f400000, 0x000000063f400000, 0x000000063f800000|  0%| F|  |TAMS 0x000000063f400000, 0x000000063f400000| Untracked 
| 220|0x000000063f800000, 0x000000063f800000, 0x000000063fc00000|  0%| F|  |TAMS 0x000000063f800000, 0x000000063f800000| Untracked 
| 221|0x000000063fc00000, 0x000000063fc00000, 0x0000000640000000|  0%| F|  |TAMS 0x000000063fc00000, 0x000000063fc00000| Untracked 
| 222|0x0000000640000000, 0x0000000640200800, 0x0000000640400000| 50%| E|  |TAMS 0x0000000640000000, 0x0000000640000000| Complete 
| 223|0x0000000640400000, 0x0000000640800000, 0x0000000640800000|100%| E|CS|TAMS 0x0000000640400000, 0x0000000640400000| Complete 
| 224|0x0000000640800000, 0x0000000640c00000, 0x0000000640c00000|100%| E|CS|TAMS 0x0000000640800000, 0x0000000640800000| Complete 
| 225|0x0000000640c00000, 0x0000000641000000, 0x0000000641000000|100%| E|CS|TAMS 0x0000000640c00000, 0x0000000640c00000| Complete 
| 226|0x0000000641000000, 0x0000000641400000, 0x0000000641400000|100%| E|CS|TAMS 0x0000000641000000, 0x0000000641000000| Complete 
| 227|0x0000000641400000, 0x0000000641800000, 0x0000000641800000|100%| E|CS|TAMS 0x0000000641400000, 0x0000000641400000| Complete 
| 228|0x0000000641800000, 0x0000000641c00000, 0x0000000641c00000|100%| E|CS|TAMS 0x0000000641800000, 0x0000000641800000| Complete 
| 229|0x0000000641c00000, 0x0000000642000000, 0x0000000642000000|100%| E|CS|TAMS 0x0000000641c00000, 0x0000000641c00000| Complete 
| 230|0x0000000642000000, 0x0000000642400000, 0x0000000642400000|100%| E|CS|TAMS 0x0000000642000000, 0x0000000642000000| Complete 
| 231|0x0000000642400000, 0x0000000642800000, 0x0000000642800000|100%| E|CS|TAMS 0x0000000642400000, 0x0000000642400000| Complete 
| 232|0x0000000642800000, 0x0000000642c00000, 0x0000000642c00000|100%| E|CS|TAMS 0x0000000642800000, 0x0000000642800000| Complete 
| 233|0x0000000642c00000, 0x0000000643000000, 0x0000000643000000|100%| E|CS|TAMS 0x0000000642c00000, 0x0000000642c00000| Complete 
| 234|0x0000000643000000, 0x0000000643400000, 0x0000000643400000|100%| E|CS|TAMS 0x0000000643000000, 0x0000000643000000| Complete 
| 235|0x0000000643400000, 0x0000000643800000, 0x0000000643800000|100%| E|CS|TAMS 0x0000000643400000, 0x0000000643400000| Complete 
| 236|0x0000000643800000, 0x0000000643c00000, 0x0000000643c00000|100%| E|CS|TAMS 0x0000000643800000, 0x0000000643800000| Complete 
| 237|0x0000000643c00000, 0x0000000644000000, 0x0000000644000000|100%| E|CS|TAMS 0x0000000643c00000, 0x0000000643c00000| Complete 
| 238|0x0000000644000000, 0x0000000644400000, 0x0000000644400000|100%| E|CS|TAMS 0x0000000644000000, 0x0000000644000000| Complete 
| 239|0x0000000644400000, 0x0000000644800000, 0x0000000644800000|100%| E|CS|TAMS 0x0000000644400000, 0x0000000644400000| Complete 
| 240|0x0000000644800000, 0x0000000644c00000, 0x0000000644c00000|100%| E|CS|TAMS 0x0000000644800000, 0x0000000644800000| Complete 
| 241|0x0000000644c00000, 0x0000000645000000, 0x0000000645000000|100%| E|CS|TAMS 0x0000000644c00000, 0x0000000644c00000| Complete 
| 242|0x0000000645000000, 0x0000000645400000, 0x0000000645400000|100%| E|CS|TAMS 0x0000000645000000, 0x0000000645000000| Complete 
| 243|0x0000000645400000, 0x0000000645800000, 0x0000000645800000|100%| E|CS|TAMS 0x0000000645400000, 0x0000000645400000| Complete 
| 244|0x0000000645800000, 0x0000000645c00000, 0x0000000645c00000|100%| E|CS|TAMS 0x0000000645800000, 0x0000000645800000| Complete 
| 245|0x0000000645c00000, 0x0000000646000000, 0x0000000646000000|100%| E|CS|TAMS 0x0000000645c00000, 0x0000000645c00000| Complete 
| 246|0x0000000646000000, 0x0000000646400000, 0x0000000646400000|100%| E|CS|TAMS 0x0000000646000000, 0x0000000646000000| Complete 
| 247|0x0000000646400000, 0x0000000646800000, 0x0000000646800000|100%| E|CS|TAMS 0x0000000646400000, 0x0000000646400000| Complete 
| 248|0x0000000646800000, 0x0000000646c00000, 0x0000000646c00000|100%| E|CS|TAMS 0x0000000646800000, 0x0000000646800000| Complete 
| 249|0x0000000646c00000, 0x0000000647000000, 0x0000000647000000|100%| E|CS|TAMS 0x0000000646c00000, 0x0000000646c00000| Complete 
| 250|0x0000000647000000, 0x0000000647400000, 0x0000000647400000|100%| E|CS|TAMS 0x0000000647000000, 0x0000000647000000| Complete 
| 251|0x0000000647400000, 0x0000000647800000, 0x0000000647800000|100%| E|CS|TAMS 0x0000000647400000, 0x0000000647400000| Complete 
|2011|0x00000007ff400000, 0x00000007ff800000, 0x00000007ff800000|100%| O|  |TAMS 0x00000007ff800000, 0x00000007ff400000| Untracked 
|2012|0x00000007ff800000, 0x00000007ffc00000, 0x00000007ffc00000|100%| O|  |TAMS 0x00000007ffc00000, 0x00000007ff800000| Untracked 
|2013|0x00000007ffc00000, 0x0000000800000000, 0x0000000800000000|100%| O|  |TAMS 0x0000000800000000, 0x00000007ffc00000| Untracked 

Card table byte_map: [0x0000020e7a180000,0x0000020e7b140000] _byte_map_base: 0x0000020e7713c000

Marking Bits (Prev, Next): (CMBitMap*) 0x0000020e712e4150, (CMBitMap*) 0x0000020e712e4190
 Prev Bits: [0x0000020e0f000000, 0x0000020e16de0000)
 Next Bits: [0x0000020e16de0000, 0x0000020e1ebc0000)

Polling page: 0x0000020e6ef40000

Metaspace:

Usage:
  Non-class:     33.26 MB used.
      Class:      4.03 MB used.
       Both:     37.29 MB used.

Virtual space:
  Non-class space:       64.00 MB reserved,      33.56 MB ( 52%) committed,  1 nodes.
      Class space:        1.00 GB reserved,       4.38 MB ( <1%) committed,  1 nodes.
             Both:        1.06 GB reserved,      37.94 MB (  3%) committed. 

Chunk freelists:
   Non-Class:  1.69 MB
       Class:  3.48 MB
        Both:  5.17 MB

MaxMetaspaceSize: unlimited
CompressedClassSpaceSize: 1.00 GB
Initial GC threshold: 21.00 MB
Current GC threshold: 50.25 MB
CDS: on
MetaspaceReclaimPolicy: balanced
 - commit_granule_bytes: 65536.
 - commit_granule_words: 8192.
 - virtual_space_node_default_size: 8388608.
 - enlarge_chunks_in_place: 1.
 - new_chunks_are_fully_committed: 0.
 - uncommit_free_chunks: 1.
 - use_allocation_guard: 0.


Internal statistics:

num_allocs_failed_limit: 3.
num_arena_births: 784.
num_arena_deaths: 0.
num_vsnodes_births: 2.
num_vsnodes_deaths: 0.
num_space_committed: 606.
num_space_uncommitted: 0.
num_chunks_returned_to_freelist: 3.
num_chunks_taken_from_freelist: 2402.
num_chunk_merges: 3.
num_chunk_splits: 1583.
num_chunks_enlarged: 1065.
num_inconsistent_stats: 0.

CodeHeap 'non-profiled nmethods': size=120000Kb used=8937Kb max_used=8937Kb free=111062Kb
 bounds [0x0000020e07ad0000, 0x0000020e08390000, 0x0000020e0f000000]
CodeHeap 'profiled nmethods': size=120000Kb used=22016Kb max_used=22016Kb free=97984Kb
 bounds [0x0000020e005a0000, 0x0000020e01b30000, 0x0000020e07ad0000]
CodeHeap 'non-nmethods': size=5760Kb used=1265Kb max_used=1343Kb free=4494Kb
 bounds [0x0000020e00000000, 0x0000020e00270000, 0x0000020e005a0000]
 total_blobs=10560 nmethods=9991 adapters=481
 compilation: enabled
              stopped_count=0, restarted_count=0
 full_count=0

Compilation events (20 events):
Event: 41.190 Thread 0x0000020e7c3ce680 nmethod 12388 0x0000020e01b19f90 code [0x0000020e01b1a180, 0x0000020e01b1a618]
Event: 41.205 Thread 0x0000020e7c3ce680 12391       3       java.util.ServiceLoader$LazyClassPathLookupIterator::hasNext (42 bytes)
Event: 41.206 Thread 0x0000020e7c3ce680 nmethod 12391 0x0000020e01b1a790 code [0x0000020e01b1a9c0, 0x0000020e01b1b058]
Event: 41.212 Thread 0x0000020e7c3ce680 12392       3       org.mapstruct.ap.internal.util.Collections::asSet (18 bytes)
Event: 41.212 Thread 0x0000020e7c3ce680 nmethod 12392 0x0000020e01b1b310 code [0x0000020e01b1b520, 0x0000020e01b1b9b8]
Event: 41.219 Thread 0x0000020e7c3ce680 12393       3       org.mapstruct.ap.internal.gem.NullValueMappingStrategyGem::valueOf (10 bytes)
Event: 41.220 Thread 0x0000020e7c3ce680 nmethod 12393 0x0000020e01b1bc10 code [0x0000020e01b1bdc0, 0x0000020e01b1bfe8]
Event: 41.221 Thread 0x0000020e7c3ce680 12394       1       org.mapstruct.ap.internal.processor.DefaultModelElementProcessorContext::getOptions (5 bytes)
Event: 41.222 Thread 0x0000020e7c3ce680 nmethod 12394 0x0000020e0837fe10 code [0x0000020e0837ffa0, 0x0000020e08380078]
Event: 41.222 Thread 0x0000020e7c3ce680 12395       3       org.mapstruct.ap.internal.gem.MapperGem::instanceOn (16 bytes)
Event: 41.222 Thread 0x0000020e7c3ce680 nmethod 12395 0x0000020e01b1c090 code [0x0000020e01b1c260, 0x0000020e01b1c608]
Event: 41.222 Thread 0x0000020e7c3ce680 12396       3       org.mapstruct.ap.internal.gem.MapperGem$BuilderImpl::<init> (5 bytes)
Event: 41.222 Thread 0x0000020e7c3ce680 nmethod 12396 0x0000020e01b1c790 code [0x0000020e01b1c940, 0x0000020e01b1caf8]
Event: 41.235 Thread 0x0000020e7c3ce680 12398       3       org.mapstruct.ap.internal.model.common.Type::getImplementationType (19 bytes)
Event: 41.235 Thread 0x0000020e7c3ce680 nmethod 12398 0x0000020e01b1cc10 code [0x0000020e01b1cdc0, 0x0000020e01b1cf78]
Event: 41.238 Thread 0x0000020e7c3ce680 12399       1       org.mapstruct.ap.internal.model.common.Accessibility::getKeyword (5 bytes)
Event: 41.238 Thread 0x0000020e7c3ce680 nmethod 12399 0x0000020e08380110 code [0x0000020e083802a0, 0x0000020e08380378]
Event: 41.242 Thread 0x0000020e7c3ce680 12400       3       java.lang.Class::getConstructor (31 bytes)
Event: 41.243 Thread 0x0000020e7c3ce680 nmethod 12400 0x0000020e01b1d010 code [0x0000020e01b1d260, 0x0000020e01b1db18]
Event: 41.260 Thread 0x0000020e7c3ce680 12402       1       org.mapstruct.ap.internal.gem.MapperGem::injectionStrategy (5 bytes)

GC Heap History (20 events):
Event: 32.162 GC heap before
{Heap before GC invocations=28 (full 0):
 garbage-first heap   total 364544K, used 292887K [0x0000000608800000, 0x0000000800000000)
  region size 4096K, 43 young (176128K), 6 survivors (24576K)
 Metaspace       used 31261K, committed 31808K, reserved 1114112K
  class space    used 3366K, committed 3584K, reserved 1048576K
}
Event: 32.191 GC heap after
{Heap after GC invocations=29 (full 0):
 garbage-first heap   total 364544K, used 150989K [0x0000000608800000, 0x0000000800000000)
  region size 4096K, 6 young (24576K), 6 survivors (24576K)
 Metaspace       used 31261K, committed 31808K, reserved 1114112K
  class space    used 3366K, committed 3584K, reserved 1048576K
}
Event: 32.823 GC heap before
{Heap before GC invocations=29 (full 0):
 garbage-first heap   total 364544K, used 302541K [0x0000000608800000, 0x0000000800000000)
  region size 4096K, 42 young (172032K), 6 survivors (24576K)
 Metaspace       used 31270K, committed 31808K, reserved 1114112K
  class space    used 3366K, committed 3584K, reserved 1048576K
}
Event: 32.855 GC heap after
{Heap after GC invocations=30 (full 0):
 garbage-first heap   total 495616K, used 163440K [0x0000000608800000, 0x0000000800000000)
  region size 4096K, 5 young (20480K), 5 survivors (20480K)
 Metaspace       used 31270K, committed 31808K, reserved 1114112K
  class space    used 3366K, committed 3584K, reserved 1048576K
}
Event: 33.582 GC heap before
{Heap before GC invocations=30 (full 0):
 garbage-first heap   total 495616K, used 401008K [0x0000000608800000, 0x0000000800000000)
  region size 4096K, 63 young (258048K), 5 survivors (20480K)
 Metaspace       used 31472K, committed 31936K, reserved 1114112K
  class space    used 3388K, committed 3584K, reserved 1048576K
}
Event: 33.601 GC heap after
{Heap after GC invocations=31 (full 0):
 garbage-first heap   total 495616K, used 170058K [0x0000000608800000, 0x0000000800000000)
  region size 4096K, 4 young (16384K), 4 survivors (16384K)
 Metaspace       used 31472K, committed 31936K, reserved 1114112K
  class space    used 3388K, committed 3584K, reserved 1048576K
}
Event: 34.054 GC heap before
{Heap before GC invocations=31 (full 0):
 garbage-first heap   total 495616K, used 411722K [0x0000000608800000, 0x0000000800000000)
  region size 4096K, 63 young (258048K), 4 survivors (16384K)
 Metaspace       used 31545K, committed 32064K, reserved 1114112K
  class space    used 3390K, committed 3648K, reserved 1048576K
}
Event: 34.073 GC heap after
{Heap after GC invocations=32 (full 0):
 garbage-first heap   total 495616K, used 181558K [0x0000000608800000, 0x0000000800000000)
  region size 4096K, 7 young (28672K), 7 survivors (28672K)
 Metaspace       used 31545K, committed 32064K, reserved 1114112K
  class space    used 3390K, committed 3648K, reserved 1048576K
}
Event: 34.525 GC heap before
{Heap before GC invocations=32 (full 0):
 garbage-first heap   total 495616K, used 419126K [0x0000000608800000, 0x0000000800000000)
  region size 4096K, 63 young (258048K), 7 survivors (28672K)
 Metaspace       used 31562K, committed 32064K, reserved 1114112K
  class space    used 3391K, committed 3648K, reserved 1048576K
}
Event: 34.553 GC heap after
{Heap after GC invocations=33 (full 0):
 garbage-first heap   total 495616K, used 201431K [0x0000000608800000, 0x0000000800000000)
  region size 4096K, 7 young (28672K), 7 survivors (28672K)
 Metaspace       used 31562K, committed 32064K, reserved 1114112K
  class space    used 3391K, committed 3648K, reserved 1048576K
}
Event: 34.929 GC heap before
{Heap before GC invocations=33 (full 0):
 garbage-first heap   total 495616K, used 406231K [0x0000000608800000, 0x0000000800000000)
  region size 4096K, 57 young (233472K), 7 survivors (28672K)
 Metaspace       used 31574K, committed 32064K, reserved 1114112K
  class space    used 3393K, committed 3648K, reserved 1048576K
}
Event: 34.955 GC heap after
{Heap after GC invocations=34 (full 0):
 garbage-first heap   total 708608K, used 211714K [0x0000000608800000, 0x0000000800000000)
  region size 4096K, 6 young (24576K), 6 survivors (24576K)
 Metaspace       used 31574K, committed 32064K, reserved 1114112K
  class space    used 3393K, committed 3648K, reserved 1048576K
}
Event: 35.667 GC heap before
{Heap before GC invocations=34 (full 0):
 garbage-first heap   total 708608K, used 576258K [0x0000000608800000, 0x0000000800000000)
  region size 4096K, 95 young (389120K), 6 survivors (24576K)
 Metaspace       used 31627K, committed 32128K, reserved 1114112K
  class space    used 3394K, committed 3648K, reserved 1048576K
}
Event: 35.703 GC heap after
{Heap after GC invocations=35 (full 0):
 garbage-first heap   total 708608K, used 227974K [0x0000000608800000, 0x0000000800000000)
  region size 4096K, 10 young (40960K), 10 survivors (40960K)
 Metaspace       used 31627K, committed 32128K, reserved 1114112K
  class space    used 3394K, committed 3648K, reserved 1048576K
}
Event: 36.227 GC heap before
{Heap before GC invocations=35 (full 0):
 garbage-first heap   total 708608K, used 576134K [0x0000000608800000, 0x0000000800000000)
  region size 4096K, 95 young (389120K), 10 survivors (40960K)
 Metaspace       used 31634K, committed 32128K, reserved 1114112K
  class space    used 3394K, committed 3648K, reserved 1048576K
}
Event: 36.261 GC heap after
{Heap after GC invocations=36 (full 0):
 garbage-first heap   total 708608K, used 242145K [0x0000000608800000, 0x0000000800000000)
  region size 4096K, 8 young (32768K), 8 survivors (32768K)
 Metaspace       used 31634K, committed 32128K, reserved 1114112K
  class space    used 3394K, committed 3648K, reserved 1048576K
}
Event: 37.143 GC heap before
{Heap before GC invocations=36 (full 0):
 garbage-first heap   total 708608K, used 582113K [0x0000000608800000, 0x0000000800000000)
  region size 4096K, 91 young (372736K), 8 survivors (32768K)
 Metaspace       used 31646K, committed 32192K, reserved 1114112K
  class space    used 3397K, committed 3648K, reserved 1048576K
}
Event: 37.165 GC heap after
{Heap after GC invocations=37 (full 0):
 garbage-first heap   total 708608K, used 243222K [0x0000000608800000, 0x0000000800000000)
  region size 4096K, 4 young (16384K), 4 survivors (16384K)
 Metaspace       used 31646K, committed 32192K, reserved 1114112K
  class space    used 3397K, committed 3648K, reserved 1048576K
}
Event: 40.196 GC heap before
{Heap before GC invocations=37 (full 0):
 garbage-first heap   total 708608K, used 595478K [0x0000000608800000, 0x0000000800000000)
  region size 4096K, 90 young (368640K), 4 survivors (16384K)
 Metaspace       used 37811K, committed 38464K, reserved 1114112K
  class space    used 4100K, committed 4416K, reserved 1048576K
}
Event: 40.219 GC heap after
{Heap after GC invocations=38 (full 0):
 garbage-first heap   total 1044480K, used 246803K [0x0000000608800000, 0x0000000800000000)
  region size 4096K, 5 young (20480K), 5 survivors (20480K)
 Metaspace       used 37811K, committed 38464K, reserved 1114112K
  class space    used 4100K, committed 4416K, reserved 1048576K
}

Deoptimization events (20 events):
Event: 40.220 Thread 0x0000020e71231e50 Uncommon trap: trap_request=0xffffffbe fr.pc=0x0000020e0831e778 relative=0x00000000000017d8
Event: 40.220 Thread 0x0000020e71231e50 Uncommon trap: reason=profile_predicate action=maybe_recompile pc=0x0000020e0831e778 method=org.mapstruct.ap.internal.model.source.selector.MethodSelectors.getMatchingMethods(Lorg/mapstruct/ap/internal/model/source/Method;Ljava/util/List;Ljava/util/List;L
Event: 40.220 Thread 0x0000020e71231e50 DEOPT PACKING pc=0x0000020e0831e778 sp=0x0000001b569fb230
Event: 40.220 Thread 0x0000020e71231e50 DEOPT UNPACKING pc=0x0000020e000523a3 sp=0x0000001b569fb200 mode 2
Event: 40.479 Thread 0x0000020e71231e50 Uncommon trap: trap_request=0xffffffc6 fr.pc=0x0000020e0833f1e0 relative=0x0000000000000620
Event: 40.479 Thread 0x0000020e71231e50 Uncommon trap: reason=bimorphic_or_optimized_type_check action=maybe_recompile pc=0x0000020e0833f1e0 method=java.util.Collections$UnmodifiableMap$UnmodifiableEntrySet$1.next()Ljava/util/Map$Entry; @ 8 c2
Event: 40.479 Thread 0x0000020e71231e50 DEOPT PACKING pc=0x0000020e0833f1e0 sp=0x0000001b569fa810
Event: 40.479 Thread 0x0000020e71231e50 DEOPT UNPACKING pc=0x0000020e000523a3 sp=0x0000001b569fa778 mode 2
Event: 40.479 Thread 0x0000020e71231e50 Uncommon trap: trap_request=0xffffffc6 fr.pc=0x0000020e0833f1e0 relative=0x0000000000000620
Event: 40.479 Thread 0x0000020e71231e50 Uncommon trap: reason=bimorphic_or_optimized_type_check action=maybe_recompile pc=0x0000020e0833f1e0 method=java.util.Collections$UnmodifiableMap$UnmodifiableEntrySet$1.next()Ljava/util/Map$Entry; @ 8 c2
Event: 40.479 Thread 0x0000020e71231e50 DEOPT PACKING pc=0x0000020e0833f1e0 sp=0x0000001b569fa810
Event: 40.479 Thread 0x0000020e71231e50 DEOPT UNPACKING pc=0x0000020e000523a3 sp=0x0000001b569fa778 mode 2
Event: 40.479 Thread 0x0000020e71231e50 Uncommon trap: trap_request=0xffffffc6 fr.pc=0x0000020e0833f1e0 relative=0x0000000000000620
Event: 40.479 Thread 0x0000020e71231e50 Uncommon trap: reason=bimorphic_or_optimized_type_check action=maybe_recompile pc=0x0000020e0833f1e0 method=java.util.Collections$UnmodifiableMap$UnmodifiableEntrySet$1.next()Ljava/util/Map$Entry; @ 8 c2
Event: 40.479 Thread 0x0000020e71231e50 DEOPT PACKING pc=0x0000020e0833f1e0 sp=0x0000001b569fa810
Event: 40.479 Thread 0x0000020e71231e50 DEOPT UNPACKING pc=0x0000020e000523a3 sp=0x0000001b569fa778 mode 2
Event: 40.479 Thread 0x0000020e71231e50 Uncommon trap: trap_request=0xffffffc6 fr.pc=0x0000020e0833f1e0 relative=0x0000000000000620
Event: 40.479 Thread 0x0000020e71231e50 Uncommon trap: reason=bimorphic_or_optimized_type_check action=maybe_recompile pc=0x0000020e0833f1e0 method=java.util.Collections$UnmodifiableMap$UnmodifiableEntrySet$1.next()Ljava/util/Map$Entry; @ 8 c2
Event: 40.479 Thread 0x0000020e71231e50 DEOPT PACKING pc=0x0000020e0833f1e0 sp=0x0000001b569fa810
Event: 40.479 Thread 0x0000020e71231e50 DEOPT UNPACKING pc=0x0000020e000523a3 sp=0x0000001b569fa778 mode 2

Classes loaded (20 events):
Event: 38.932 Loading class jdk/internal/icu/text/NormalizerBase
Event: 38.932 Loading class jdk/internal/icu/text/NormalizerBase done
Event: 38.932 Loading class jdk/internal/icu/text/NormalizerBase$NONEMode
Event: 38.932 Loading class jdk/internal/icu/text/NormalizerBase$NONEMode done
Event: 38.932 Loading class jdk/internal/icu/text/NormalizerBase$NFDMode
Event: 38.932 Loading class jdk/internal/icu/text/NormalizerBase$NFDMode done
Event: 38.933 Loading class jdk/internal/icu/text/NormalizerBase$NFKDMode
Event: 38.933 Loading class jdk/internal/icu/text/NormalizerBase$NFKDMode done
Event: 38.933 Loading class jdk/internal/icu/text/NormalizerBase$NFCMode
Event: 38.933 Loading class jdk/internal/icu/text/NormalizerBase$NFCMode done
Event: 38.933 Loading class jdk/internal/icu/text/NormalizerBase$NFKCMode
Event: 38.933 Loading class jdk/internal/icu/text/NormalizerBase$NFKCMode done
Event: 38.934 Loading class jdk/internal/icu/text/UCharacterIterator
Event: 38.934 Loading class jdk/internal/icu/text/UCharacterIterator done
Event: 38.934 Loading class jdk/internal/icu/impl/ReplaceableUCharacterIterator
Event: 38.934 Loading class jdk/internal/icu/impl/ReplaceableUCharacterIterator done
Event: 38.934 Loading class jdk/internal/icu/text/ReplaceableString
Event: 38.934 Loading class jdk/internal/icu/text/Replaceable
Event: 38.934 Loading class jdk/internal/icu/text/Replaceable done
Event: 38.934 Loading class jdk/internal/icu/text/ReplaceableString done

Classes unloaded (0 events):
No events

Classes redefined (0 events):
No events

Internal exceptions (20 events):
Event: 39.173 Thread 0x0000020e71231e50 Exception <a 'java/lang/NoSuchMethodError'{0x00000006236a3778}: 'java.lang.Object java.lang.invoke.DirectMethodHandle$Holder.invokeStatic(java.lang.Object, java.lang.Object, java.lang.Object, java.lang.Object, java.lang.Object, java.lang.Object, int)'> (0x00000006236a3778) 
thrown [s\open\src\hotspot\share\interpreter\linkResolver.cpp, line 759]
Event: 39.310 Thread 0x0000020e71231e50 Exception <a 'sun/nio/fs/WindowsException'{0x0000000622b747d8}> (0x0000000622b747d8) 
thrown [s\open\src\hotspot\share\prims\jni.cpp, line 516]
Event: 39.359 Thread 0x0000020e71231e50 Exception <a 'java/lang/ClassNotFoundException'{0x0000000622506140}: org/mapstruct/ap/internal/model/assignment/SetterWrapperForCollectionsAndMapsBeanInfo> (0x0000000622506140) 
thrown [s\open\src\hotspot\share\classfile\systemDictionary.cpp, line 255]
Event: 39.359 Thread 0x0000020e71231e50 Exception <a 'java/lang/ClassNotFoundException'{0x000000062250f6a8}: org/mapstruct/ap/internal/model/assignment/WrapperForCollectionsAndMapsBeanInfo> (0x000000062250f6a8) 
thrown [s\open\src\hotspot\share\classfile\systemDictionary.cpp, line 255]
Event: 39.360 Thread 0x0000020e71231e50 Exception <a 'java/lang/ClassNotFoundException'{0x00000006225186d0}: org/mapstruct/ap/internal/model/assignment/WrapperForCollectionsAndMapsCustomizer> (0x00000006225186d0) 
thrown [s\open\src\hotspot\share\classfile\systemDictionary.cpp, line 255]
Event: 39.362 Thread 0x0000020e71231e50 Exception <a 'java/lang/ClassNotFoundException'{0x0000000622528dc8}: org/mapstruct/ap/internal/model/assignment/SetterWrapperForCollectionsAndMapsCustomizer> (0x0000000622528dc8) 
thrown [s\open\src\hotspot\share\classfile\systemDictionary.cpp, line 255]
Event: 40.273 Thread 0x0000020e71231e50 Exception <a 'sun/nio/fs/WindowsException'{0x00000006470f4ad0}> (0x00000006470f4ad0) 
thrown [s\open\src\hotspot\share\prims\jni.cpp, line 516]
Event: 40.695 Thread 0x0000020e71231e50 Exception <a 'sun/nio/fs/WindowsException'{0x0000000644440d50}> (0x0000000644440d50) 
thrown [s\open\src\hotspot\share\prims\jni.cpp, line 516]
Event: 40.853 Thread 0x0000020e71231e50 Exception <a 'sun/nio/fs/WindowsException'{0x0000000643423ef0}> (0x0000000643423ef0) 
thrown [s\open\src\hotspot\share\prims\jni.cpp, line 516]
Event: 40.913 Thread 0x0000020e71231e50 Exception <a 'sun/nio/fs/WindowsException'{0x00000006431c26b0}> (0x00000006431c26b0) 
thrown [s\open\src\hotspot\share\prims\jni.cpp, line 516]
Event: 40.959 Thread 0x0000020e71231e50 Exception <a 'sun/nio/fs/WindowsException'{0x000000064282d8a8}> (0x000000064282d8a8) 
thrown [s\open\src\hotspot\share\prims\jni.cpp, line 516]
Event: 41.062 Thread 0x0000020e71231e50 Exception <a 'sun/nio/fs/WindowsException'{0x0000000641d4d020}> (0x0000000641d4d020) 
thrown [s\open\src\hotspot\share\prims\jni.cpp, line 516]
Event: 41.134 Thread 0x0000020e71231e50 Exception <a 'sun/nio/fs/WindowsException'{0x0000000641487480}> (0x0000000641487480) 
thrown [s\open\src\hotspot\share\prims\jni.cpp, line 516]
Event: 41.146 Thread 0x0000020e71231e50 Exception <a 'java/lang/ClassNotFoundException'{0x000000064156e890}: org/mapstruct/ap/internal/model/NestedPropertyMappingMethodBeanInfo> (0x000000064156e890) 
thrown [s\open\src\hotspot\share\classfile\systemDictionary.cpp, line 255]
Event: 41.146 Thread 0x0000020e71231e50 Exception <a 'java/lang/ClassNotFoundException'{0x0000000641574988}: org/mapstruct/ap/internal/model/NestedPropertyMappingMethodCustomizer> (0x0000000641574988) 
thrown [s\open\src\hotspot\share\classfile\systemDictionary.cpp, line 255]
Event: 41.157 Thread 0x0000020e71231e50 Exception <a 'java/lang/ClassNotFoundException'{0x00000006415c9700}: org/mapstruct/ap/internal/model/NestedPropertyMappingMethod$SafePropertyEntryBeanInfo> (0x00000006415c9700) 
thrown [s\open\src\hotspot\share\classfile\systemDictionary.cpp, line 255]
Event: 41.157 Thread 0x0000020e71231e50 Exception <a 'java/lang/ClassNotFoundException'{0x00000006415d13f0}: org/mapstruct/ap/internal/model/NestedPropertyMappingMethod$SafePropertyEntryCustomizer> (0x00000006415d13f0) 
thrown [s\open\src\hotspot\share\classfile\systemDictionary.cpp, line 255]
Event: 41.189 Thread 0x0000020e71231e50 Exception <a 'sun/nio/fs/WindowsException'{0x00000006410ed028}> (0x00000006410ed028) 
thrown [s\open\src\hotspot\share\prims\jni.cpp, line 516]
Event: 41.224 Thread 0x0000020e71231e50 Exception <a 'sun/nio/fs/WindowsException'{0x0000000640c74638}> (0x0000000640c74638) 
thrown [s\open\src\hotspot\share\prims\jni.cpp, line 516]
Event: 41.262 Thread 0x0000020e71231e50 Exception <a 'sun/nio/fs/WindowsException'{0x00000006408167b8}> (0x00000006408167b8) 
thrown [s\open\src\hotspot\share\prims\jni.cpp, line 516]

VM Operations (20 events):
Event: 38.779 Executing VM operation: HandshakeAllThreads
Event: 38.779 Executing VM operation: HandshakeAllThreads done
Event: 38.834 Executing VM operation: HandshakeAllThreads
Event: 38.834 Executing VM operation: HandshakeAllThreads done
Event: 38.850 Executing VM operation: ICBufferFull
Event: 38.851 Executing VM operation: ICBufferFull done
Event: 38.916 Executing VM operation: HandshakeAllThreads
Event: 38.916 Executing VM operation: HandshakeAllThreads done
Event: 38.918 Executing VM operation: HandshakeAllThreads
Event: 38.918 Executing VM operation: HandshakeAllThreads done
Event: 39.094 Executing VM operation: ICBufferFull
Event: 39.094 Executing VM operation: ICBufferFull done
Event: 39.199 Executing VM operation: ICBufferFull
Event: 39.200 Executing VM operation: ICBufferFull done
Event: 39.664 Executing VM operation: ICBufferFull
Event: 39.665 Executing VM operation: ICBufferFull done
Event: 40.196 Executing VM operation: G1CollectForAllocation
Event: 40.219 Executing VM operation: G1CollectForAllocation done
Event: 40.591 Executing VM operation: ICBufferFull
Event: 40.591 Executing VM operation: ICBufferFull done

Events (20 events):
Event: 30.954 Thread 0x0000020e22d52860 flushing nmethod 0x0000020e01624b90
Event: 30.954 Thread 0x0000020e22d52860 flushing nmethod 0x0000020e01625610
Event: 30.954 Thread 0x0000020e22d52860 flushing nmethod 0x0000020e0163ea10
Event: 30.954 Thread 0x0000020e22d52860 flushing nmethod 0x0000020e0163f590
Event: 30.954 Thread 0x0000020e22d52860 flushing nmethod 0x0000020e01643490
Event: 30.954 Thread 0x0000020e22d52860 flushing nmethod 0x0000020e01648c10
Event: 30.954 Thread 0x0000020e22d52860 flushing nmethod 0x0000020e0164f810
Event: 31.177 Thread 0x0000020e241667a0 Thread exited: 0x0000020e241667a0
Event: 31.228 Thread 0x0000020e24877d80 Thread exited: 0x0000020e24877d80
Event: 32.146 Thread 0x0000020e24ab1300 Thread added: 0x0000020e24ab1300
Event: 32.728 Thread 0x0000020e24ab1300 Thread exited: 0x0000020e24ab1300
Event: 32.804 Thread 0x0000020e241667a0 Thread added: 0x0000020e241667a0
Event: 33.198 Thread 0x0000020e241667a0 Thread exited: 0x0000020e241667a0
Event: 33.232 Thread 0x0000020e241667a0 Thread added: 0x0000020e241667a0
Event: 34.396 Thread 0x0000020e241667a0 Thread exited: 0x0000020e241667a0
Event: 37.771 Thread 0x0000020e23a94810 Thread added: 0x0000020e23a94810
Event: 37.788 Thread 0x0000020e2412b7c0 Thread added: 0x0000020e2412b7c0
Event: 38.028 Thread 0x0000020e22d52860 flushing nmethod 0x0000020e08033110
Event: 38.031 Thread 0x0000020e22d52860 flushing nmethod 0x0000020e0073c410
Event: 38.031 Thread 0x0000020e22d52860 flushing nmethod 0x0000020e00754c10


Dynamic libraries:
0x00007ff76b760000 - 0x00007ff76b770000 	C:\Program Files\Java\jdk-18.0.2.1\bin\java.exe
0x00007ffae5680000 - 0x00007ffae58e8000 	C:\WINDOWS\SYSTEM32\ntdll.dll
0x00007ffae3b80000 - 0x00007ffae3c49000 	C:\WINDOWS\System32\KERNEL32.DLL
0x00007ffae2990000 - 0x00007ffae2d82000 	C:\WINDOWS\System32\KERNELBASE.dll
0x00007ffae2d90000 - 0x00007ffae2edb000 	C:\WINDOWS\System32\ucrtbase.dll
0x00007ffad0900000 - 0x00007ffad091a000 	C:\Program Files\Java\jdk-18.0.2.1\bin\VCRUNTIME140.dll
0x00007ffad0610000 - 0x00007ffad0628000 	C:\Program Files\Java\jdk-18.0.2.1\bin\jli.dll
0x00007ffae3740000 - 0x00007ffae37f4000 	C:\WINDOWS\System32\ADVAPI32.dll
0x00007ffae39a0000 - 0x00007ffae3a49000 	C:\WINDOWS\System32\msvcrt.dll
0x00007ffae34d0000 - 0x00007ffae3576000 	C:\WINDOWS\System32\sechost.dll
0x00007ffae4700000 - 0x00007ffae4818000 	C:\WINDOWS\System32\RPCRT4.dll
0x00007ffae4530000 - 0x00007ffae46f5000 	C:\WINDOWS\System32\USER32.dll
0x00007ffabbba0000 - 0x00007ffabbe33000 	C:\WINDOWS\WinSxS\amd64_microsoft.windows.common-controls_6595b64144ccf1df_6.0.26100.6899_none_3e0efeeae32e88c1\COMCTL32.dll
0x00007ffae31a0000 - 0x00007ffae31c7000 	C:\WINDOWS\System32\win32u.dll
0x00007ffae38a0000 - 0x00007ffae38cb000 	C:\WINDOWS\System32\GDI32.dll
0x00007ffae3280000 - 0x00007ffae33ad000 	C:\WINDOWS\System32\gdi32full.dll
0x00007ffae31d0000 - 0x00007ffae3273000 	C:\WINDOWS\System32\msvcp_win.dll
0x00007ffac37c0000 - 0x00007ffac37cb000 	C:\WINDOWS\SYSTEM32\VERSION.dll
0x00007ffae5600000 - 0x00007ffae562f000 	C:\WINDOWS\System32\IMM32.DLL
0x00007ffad05d0000 - 0x00007ffad05dc000 	C:\Program Files\Java\jdk-18.0.2.1\bin\vcruntime140_1.dll
0x00007ffacf4f0000 - 0x00007ffacf57d000 	C:\Program Files\Java\jdk-18.0.2.1\bin\msvcp140.dll
0x00007ffa79ce0000 - 0x00007ffa7a8f1000 	C:\Program Files\Java\jdk-18.0.2.1\bin\server\jvm.dll
0x00007ffae3810000 - 0x00007ffae3818000 	C:\WINDOWS\System32\PSAPI.DLL
0x00007ffacf2a0000 - 0x00007ffacf2d5000 	C:\WINDOWS\SYSTEM32\WINMM.dll
0x00007ffab73c0000 - 0x00007ffab73ca000 	C:\WINDOWS\SYSTEM32\WSOCK32.dll
0x00007ffae3b00000 - 0x00007ffae3b74000 	C:\WINDOWS\System32\WS2_32.dll
0x00007ffae15a0000 - 0x00007ffae15bb000 	C:\WINDOWS\SYSTEM32\kernel.appcore.dll
0x00007ffad05b0000 - 0x00007ffad05ba000 	C:\Program Files\Java\jdk-18.0.2.1\bin\jimage.dll
0x00007ffadfe60000 - 0x00007ffae00a2000 	C:\WINDOWS\SYSTEM32\DBGHELP.DLL
0x00007ffae4b10000 - 0x00007ffae4e8b000 	C:\WINDOWS\System32\combase.dll
0x00007ffae4a20000 - 0x00007ffae4af7000 	C:\WINDOWS\System32\OLEAUT32.dll
0x00007ffac0410000 - 0x00007ffac044c000 	C:\WINDOWS\SYSTEM32\dbgcore.DLL
0x00007ffae33b0000 - 0x00007ffae3448000 	C:\WINDOWS\System32\bcryptPrimitives.dll
0x00007ffad05a0000 - 0x00007ffad05ae000 	C:\Program Files\Java\jdk-18.0.2.1\bin\instrument.dll
0x00007ffad02b0000 - 0x00007ffad02d5000 	C:\Program Files\Java\jdk-18.0.2.1\bin\java.dll
0x00007ffab1f00000 - 0x00007ffab1fd6000 	C:\Program Files\Java\jdk-18.0.2.1\bin\jsvml.dll
0x00007ffae3c50000 - 0x00007ffae439d000 	C:\WINDOWS\System32\SHELL32.dll
0x00007ffae2f70000 - 0x00007ffae30db000 	C:\WINDOWS\System32\wintypes.dll
0x00007ffae0420000 - 0x00007ffae0c7d000 	C:\WINDOWS\SYSTEM32\windows.storage.dll
0x00007ffae5070000 - 0x00007ffae5162000 	C:\WINDOWS\System32\SHCORE.dll
0x00007ffae38d0000 - 0x00007ffae3932000 	C:\WINDOWS\System32\shlwapi.dll
0x00007ffae2730000 - 0x00007ffae2759000 	C:\WINDOWS\SYSTEM32\profapi.dll
0x00007ffad0440000 - 0x00007ffad0458000 	C:\Program Files\Java\jdk-18.0.2.1\bin\zip.dll
0x00007ffad0370000 - 0x00007ffad0383000 	C:\Program Files\java\jdk-18.0.2.1\bin\net.dll
0x00007ffadc030000 - 0x00007ffadc14f000 	C:\WINDOWS\SYSTEM32\WINHTTP.dll
0x00007ffae1af0000 - 0x00007ffae1b5b000 	C:\WINDOWS\system32\mswsock.dll
0x00007ffad0290000 - 0x00007ffad02a6000 	C:\Program Files\java\jdk-18.0.2.1\bin\nio.dll
0x00007ffacf650000 - 0x00007ffacf674000 	C:\Users\DELL\AppData\Local\Temp\jansi-2.4.1-927f7a3ecf5dfe43-jansi.dll
0x00007ffad0590000 - 0x00007ffad05a0000 	C:\Program Files\Java\jdk-18.0.2.1\bin\verify.dll

dbghelp: loaded successfully - version: 4.0.5 - missing functions: none
symbol engine: initialized successfully - sym options: 0x614 - pdb path: .;C:\Program Files\Java\jdk-18.0.2.1\bin;C:\WINDOWS\SYSTEM32;C:\WINDOWS\WinSxS\amd64_microsoft.windows.common-controls_6595b64144ccf1df_6.0.26100.6899_none_3e0efeeae32e88c1;C:\Program Files\Java\jdk-18.0.2.1\bin\server;C:\Users\DELL\AppData\Local\Temp

VM Arguments:
jvm_args: -Dmaven.multiModuleProjectDirectory=C:\WebgramProjet\projet-dgpsn\Dgpsn-backend -Djansi.passthrough=true -Dmaven.home=C:\Users\DELL\.m2\wrapper\dists\apache-maven-3.9.9-bin\4nf9hui3q3djbarqar9g711ggc\apache-maven-3.9.9 -Dclassworlds.conf=C:\Users\DELL\.m2\wrapper\dists\apache-maven-3.9.9-bin\4nf9hui3q3djbarqar9g711ggc\apache-maven-3.9.9\bin\m2.conf -Dmaven.ext.class.path=C:\Program Files\JetBrains\IntelliJ IDEA 2024.3.5\plugins\maven\lib\maven-event-listener.jar -javaagent:C:\Program Files\JetBrains\IntelliJ IDEA 2024.3.5\lib\idea_rt.jar=62750 -Dfile.encoding=UTF-8 -Dsun.stdout.encoding=UTF-8 -Dsun.stderr.encoding=UTF-8 
java_command: org.codehaus.classworlds.Launcher -Didea.version=2024.3.5 compile
java_class_path (initial): C:\Users\DELL\.m2\wrapper\dists\apache-maven-3.9.9-bin\4nf9hui3q3djbarqar9g711ggc\apache-maven-3.9.9\boot\plexus-classworlds-2.8.0.jar;C:\Users\DELL\.m2\wrapper\dists\apache-maven-3.9.9-bin\4nf9hui3q3djbarqar9g711ggc\apache-maven-3.9.9\boot\plexus-classworlds.license
Launcher Type: SUN_STANDARD

[Global flags]
     intx CICompilerCount                          = 4                                         {product} {ergonomic}
     uint ConcGCThreads                            = 3                                         {product} {ergonomic}
     uint G1ConcRefinementThreads                  = 11                                        {product} {ergonomic}
   size_t G1HeapRegionSize                         = 4194304                                   {product} {ergonomic}
    uintx GCDrainStackTargetSize                   = 64                                        {product} {ergonomic}
   size_t InitialHeapSize                          = 528482304                                 {product} {ergonomic}
   size_t MarkStackSize                            = 4194304                                   {product} {ergonomic}
   size_t MaxHeapSize                              = 8447328256                                {product} {ergonomic}
   size_t MaxNewSize                               = 5066719232                                {product} {ergonomic}
   size_t MinHeapDeltaBytes                        = 4194304                                   {product} {ergonomic}
   size_t MinHeapSize                              = 8388608                                   {product} {ergonomic}
    uintx NonNMethodCodeHeapSize                   = 5839372                                {pd product} {ergonomic}
    uintx NonProfiledCodeHeapSize                  = 122909434                              {pd product} {ergonomic}
    uintx ProfiledCodeHeapSize                     = 122909434                              {pd product} {ergonomic}
    uintx ReservedCodeCacheSize                    = 251658240                              {pd product} {ergonomic}
     bool SegmentedCodeCache                       = true                                      {product} {ergonomic}
   size_t SoftMaxHeapSize                          = 8447328256                             {manageable} {ergonomic}
     bool UseCompressedClassPointers               = true                           {product lp64_product} {ergonomic}
     bool UseCompressedOops                        = true                           {product lp64_product} {ergonomic}
     bool UseG1GC                                  = true                                      {product} {ergonomic}
     bool UseLargePagesIndividualAllocation        = false                                  {pd product} {ergonomic}

Logging:
Log output configuration:
 #0: stdout all=warning uptime,level,tags foldmultilines=false
 #1: stderr all=off uptime,level,tags foldmultilines=false

Environment Variables:
JAVA_HOME=C:\Program Files\java\jdk-18.0.2.1
PATH=C:\Program Files\Common Files\Oracle\Java\javapath;C:\WINDOWS\system32;C:\WINDOWS;C:\WINDOWS\System32\Wbem;C:\WINDOWS\System32\WindowsPowerShell\v1.0\;C:\WINDOWS\System32\OpenSSH\;C:\Program Files\PuTTY\;C:\Program Files\nodejs;C:\Program Files\java\jdk-18.0.2.1\bin;C:\Program Files\Maven\apache-maven-3.9.3\bin;C:\Program Files\nodejs\;C:\Program Files\Docker\Docker\resources\bin;C:\ProgramData\chocolatey\bin;C:\Program Files\Git\cmd;C:\flutter\bin;C:\Users\DELL\AppData\Local\Programs\Python\Python313\Scripts\;C:\Users\DELL\AppData\Local\Programs\Python\Python313\;C:\Users\DELL\AppData\Local\Microsoft\WindowsApps;C:\Users\DELL\AppData\Local\Programs\Microsoft VS Code\bin;C:\Program Files\JetBrains\IntelliJ IDEA 2024.3.5\bin;;C:\Users\DELL\AppData\Roaming\npm;C:\Program Files\JetBrains\PyCharm 2024.3.5\bin;;C:\Program Files\Heroku\bin;C:\newProjet-flutter\flutter\bin;C:\Users\DELL\AppData\Local\Programs\cursor\resources\app\bin
USERNAME=DELL
OS=Windows_NT
PROCESSOR_IDENTIFIER=Intel64 Family 6 Model 170 Stepping 4, GenuineIntel



---------------  S Y S T E M  ---------------

OS:
 Windows 11 , 64 bit Build 26100 (10.0.26100.6725)
OS uptime: 8 days 6:32 hours
Hyper-V role detected

CPU: total 14 (initial active 14) (7 cores per cpu, 2 threads per core) family 6 model 170 stepping 4 microcode 0x24, cx8, cmov, fxsr, ht, mmx, 3dnowpref, sse, sse2, sse3, ssse3, sse4.1, sse4.2, popcnt, lzcnt, tsc, tscinvbit, avx, avx2, aes, erms, clmul, bmi1, bmi2, adx, sha, fma, vzeroupper, clflush, clflushopt, clwb, hv, serialize

Memory: 4k page, system-wide physical 32212M (1045M free)
TotalPageFile size 93137M (AvailPageFile size 5M)
current process WorkingSet (physical memory assigned to process): 1006M, peak: 1006M
current process commit charge ("private bytes"): 1280M, peak: 1281M

vm_info: Java HotSpot(TM) 64-Bit Server VM (18.0.2.1+1-1) for windows-amd64 JRE (18.0.2.1+1-1), built on Aug 16 2022 01:46:33 by "mach5one" with MS VC++ 16.8 / 16.9 (VS2019)

END.
