#
# There is insufficient memory for the Java Runtime Environment to continue.
# Native memory allocation (malloc) failed to allocate 1072656 bytes for Chunk::new
# Possible reasons:
#   The system is out of physical RAM or swap space
#   The process is running with CompressedOops enabled, and the Java Heap may be blocking the growth of the native heap
# Possible solutions:
#   Reduce memory load on the system
#   Increase physical memory or swap space
#   Check if swap backing store is full
#   Decrease Java heap size (-Xmx/-Xms)
#   Decrease number of Java threads
#   Decrease Java thread stack sizes (-Xss)
#   Set larger code cache with -XX:ReservedCodeCacheSize=
#   JVM is running with Zero Based Compressed Oops mode in which the Java heap is
#     placed in the first 32GB address space. The Java Heap base address is the
#     maximum limit for the native heap growth. Please use -XX:HeapBaseMinAddress
#     to set the Java Heap base and to place the Java Heap above 32GB virtual address.
# This output file may be truncated or incomplete.
#
#  Out of Memory Error (arena.cpp:184), pid=8532, tid=54720
#
# JRE version: Java(TM) SE Runtime Environment (18.0.2.1+1) (build 18.0.2.1+1-1)
# Java VM: Java HotSpot(TM) 64-Bit Server VM (18.0.2.1+1-1, mixed mode, sharing, tiered, compressed oops, compressed class ptrs, g1 gc, windows-amd64)
# No core dump will be written. Minidumps are not enabled by default on client versions of Windows
#

---------------  S U M M A R Y ------------

Command Line: -Dclassworlds.conf=C:\Program Files\Maven\apache-maven-3.9.3\bin\m2.conf -Dmaven.home=C:\Program Files\Maven\apache-maven-3.9.3 -Dlibrary.jansi.path=C:\Program Files\Maven\apache-maven-3.9.3\lib\jansi-native -Dmaven.multiModuleProjectDirectory=C:\WebgramProjet\projet-dgpsn\Dgpsn-backend org.codehaus.plexus.classworlds.launcher.Launcher clean package

Host: Intel(R) Core(TM) Ultra 7 165U, 14 cores, 31G,  Windows 11 , 64 bit Build 26100 (10.0.26100.6725)
Time: Tue Nov  4 18:58:11 2025 Greenwich elapsed time: 130.436107 seconds (0d 0h 2m 10s)

---------------  T H R E A D  ---------------

Current thread (0x000002f2183b4b10):  JavaThread "C2 CompilerThread2" daemon [_thread_in_native, id=54720, stack(0x000000fa78c00000,0x000000fa78d00000)]


Current CompileTask:
C2: 130436 19410       4       org.codehaus.plexus.util.xml.pull.MXParser::parseAttribute (1429 bytes)

Stack: [0x000000fa78c00000,0x000000fa78d00000]
Native frames: (J=compiled Java code, j=interpreted, Vv=VM code, C=native code)
V  [jvm.dll+0x6993aa]
V  [jvm.dll+0x7f46dd]
V  [jvm.dll+0x7f5fee]
V  [jvm.dll+0x7f66a3]
V  [jvm.dll+0x25cf1f]
V  [jvm.dll+0xb8c2f]
V  [jvm.dll+0xb8fa5]
V  [jvm.dll+0x386091]
V  [jvm.dll+0x34fe71]
V  [jvm.dll+0x34f30a]
V  [jvm.dll+0x230101]
V  [jvm.dll+0x22f4d1]
V  [jvm.dll+0x1ba01c]
V  [jvm.dll+0x23ee0a]
V  [jvm.dll+0x23d0f5]
V  [jvm.dll+0x7a6dd1]
V  [jvm.dll+0x7a120a]
V  [jvm.dll+0x698255]
C  [ucrtbase.dll+0x37b0]
C  [KERNEL32.DLL+0x2e8d7]
C  [ntdll.dll+0x8c53c]


---------------  P R O C E S S  ---------------

Threads class SMR info:
_java_thread_list=0x000002f2192fc230, length=14, elements={
0x000002f2653d1a40, 0x000002f27fcd53b0, 0x000002f27fcd6d60, 0x000002f216815ad0,
0x000002f216816380, 0x000002f216816d20, 0x000002f2168176c0, 0x000002f216818390,
0x000002f216831cb0, 0x000002f2168332e0, 0x000002f21696e4d0, 0x000002f216971010,
0x000002f2183b2cb0, 0x000002f2183b4b10
}

Java Threads: ( => current thread )
  0x000002f2653d1a40 JavaThread "main" [_thread_in_native, id=2196, stack(0x000000fa75900000,0x000000fa75a00000)]
  0x000002f27fcd53b0 JavaThread "Reference Handler" daemon [_thread_blocked, id=19936, stack(0x000000fa76000000,0x000000fa76100000)]
  0x000002f27fcd6d60 JavaThread "Finalizer" daemon [_thread_blocked, id=26604, stack(0x000000fa76100000,0x000000fa76200000)]
  0x000002f216815ad0 JavaThread "Signal Dispatcher" daemon [_thread_blocked, id=56028, stack(0x000000fa76200000,0x000000fa76300000)]
  0x000002f216816380 JavaThread "Attach Listener" daemon [_thread_blocked, id=17744, stack(0x000000fa76300000,0x000000fa76400000)]
  0x000002f216816d20 JavaThread "Service Thread" daemon [_thread_blocked, id=7256, stack(0x000000fa76400000,0x000000fa76500000)]
  0x000002f2168176c0 JavaThread "Monitor Deflation Thread" daemon [_thread_blocked, id=36480, stack(0x000000fa76500000,0x000000fa76600000)]
  0x000002f216818390 JavaThread "C2 CompilerThread0" daemon [_thread_blocked, id=50628, stack(0x000000fa76600000,0x000000fa76700000)]
  0x000002f216831cb0 JavaThread "C1 CompilerThread0" daemon [_thread_blocked, id=19488, stack(0x000000fa76700000,0x000000fa76800000)]
  0x000002f2168332e0 JavaThread "Sweeper thread" daemon [_thread_blocked, id=52040, stack(0x000000fa76800000,0x000000fa76900000)]
  0x000002f21696e4d0 JavaThread "Notification Thread" daemon [_thread_blocked, id=37776, stack(0x000000fa76900000,0x000000fa76a00000)]
  0x000002f216971010 JavaThread "Common-Cleaner" daemon [_thread_blocked, id=16984, stack(0x000000fa76b00000,0x000000fa76c00000)]
  0x000002f2183b2cb0 JavaThread "C2 CompilerThread1" daemon [_thread_blocked, id=13372, stack(0x000000fa78b00000,0x000000fa78c00000)]
=>0x000002f2183b4b10 JavaThread "C2 CompilerThread2" daemon [_thread_in_native, id=54720, stack(0x000000fa78c00000,0x000000fa78d00000)]

Other Threads:
  0x000002f26548db90 VMThread "VM Thread" [stack: 0x000000fa75f00000,0x000000fa76000000] [id=22488]
  0x000002f21696f9a0 WatcherThread "VM Periodic Task Thread" [stack: 0x000000fa76a00000,0x000000fa76b00000] [id=24988]
  0x000002f265486640 WorkerThread "GC Thread#0" [stack: 0x000000fa75a00000,0x000000fa75b00000] [id=36308]
  0x000002f216a973e0 WorkerThread "GC Thread#1" [stack: 0x000000fa76e00000,0x000000fa76f00000] [id=29736]
  0x000002f217407080 WorkerThread "GC Thread#2" [stack: 0x000000fa76f00000,0x000000fa77000000] [id=49420]
  0x000002f217407320 WorkerThread "GC Thread#3" [stack: 0x000000fa77000000,0x000000fa77100000] [id=43196]
  0x000002f2175b6b90 WorkerThread "GC Thread#4" [stack: 0x000000fa77100000,0x000000fa77200000] [id=55132]
  0x000002f2175b6e30 WorkerThread "GC Thread#5" [stack: 0x000000fa77200000,0x000000fa77300000] [id=4672]
  0x000002f2175b70d0 WorkerThread "GC Thread#6" [stack: 0x000000fa77300000,0x000000fa77400000] [id=21024]
  0x000002f217454420 WorkerThread "GC Thread#7" [stack: 0x000000fa77400000,0x000000fa77500000] [id=48260]
  0x000002f2174546c0 WorkerThread "GC Thread#8" [stack: 0x000000fa77500000,0x000000fa77600000] [id=41992]
  0x000002f217454960 WorkerThread "GC Thread#9" [stack: 0x000000fa77600000,0x000000fa77700000] [id=27348]
  0x000002f2174f2c20 WorkerThread "GC Thread#10" [stack: 0x000000fa77700000,0x000000fa77800000] [id=16144]
  0x000002f27faec8e0 ConcurrentGCThread "G1 Main Marker" [stack: 0x000000fa75b00000,0x000000fa75c00000] [id=56100]
  0x000002f26548b8f0 WorkerThread "G1 Conc#0" [stack: 0x000000fa75c00000,0x000000fa75d00000] [id=44920]
  0x000002f218524b20 WorkerThread "G1 Conc#1" [stack: 0x000000fa77800000,0x000000fa77900000] [id=47648]
  0x000002f218525060 WorkerThread "G1 Conc#2" [stack: 0x000000fa77900000,0x000000fa77a00000] [id=46792]
  0x000002f27fb8fb10 ConcurrentGCThread "G1 Refine#0" [stack: 0x000000fa75d00000,0x000000fa75e00000] [id=32548]
  0x000002f21783f760 ConcurrentGCThread "G1 Refine#1" [stack: 0x000000fa77a00000,0x000000fa77b00000] [id=52516]
  0x000002f21783f490 ConcurrentGCThread "G1 Refine#2" [stack: 0x000000fa77b00000,0x000000fa77c00000] [id=48304]
  0x000002f21783ffd0 ConcurrentGCThread "G1 Refine#3" [stack: 0x000000fa77c00000,0x000000fa77d00000] [id=51460]
  0x000002f217840b10 ConcurrentGCThread "G1 Refine#4" [stack: 0x000000fa77d00000,0x000000fa77e00000] [id=23928]
  0x000002f217840de0 ConcurrentGCThread "G1 Refine#5" [stack: 0x000000fa77e00000,0x000000fa77f00000] [id=11756]
  0x000002f2197f8fd0 ConcurrentGCThread "G1 Refine#6" [stack: 0x000000fa77f00000,0x000000fa78000000] [id=27256]
  0x000002f2197f9570 ConcurrentGCThread "G1 Refine#7" [stack: 0x000000fa75800000,0x000000fa75900000] [id=41572]
  0x000002f2197f7ef0 ConcurrentGCThread "G1 Refine#8" [stack: 0x000000fa75700000,0x000000fa75800000] [id=19724]
  0x000002f27fb912d0 ConcurrentGCThread "G1 Service" [stack: 0x000000fa75e00000,0x000000fa75f00000] [id=24148]

Threads with active compile tasks:
C2 CompilerThread2   130497 19410       4       org.codehaus.plexus.util.xml.pull.MXParser::parseAttribute (1429 bytes)

VM state: not at safepoint (normal execution)

VM Mutex/Monitor currently owned by a thread: None

Heap address: 0x0000000608800000, size: 8056 MB, Compressed Oops mode: Zero based, Oop shift amount: 3

CDS archive(s) mapped at: [0x0000000800000000-0x0000000800ba0000-0x0000000800ba0000), size 12189696, SharedBaseAddress: 0x0000000800000000, ArchiveRelocationMode: 0.
Compressed class space mapped at: 0x0000000800c00000-0x0000000840c00000, reserved size: 1073741824
Narrow klass base: 0x0000000800000000, Narrow klass shift: 0, Narrow klass range: 0x100000000

GC Precious Log:
 CardTable entry size: 512
 Card Set container configuration: InlinePtr #cards 4 size 8 Array Of Cards #cards 32 size 80 Howl #buckets 8 coarsen threshold 7372 Howl Bitmap #cards 1024 size 144 coarsen threshold 921 Card regions per heap region 1 cards per card region 8192
 CPUs: 14 total, 14 available
 Memory: 32212M
 Large Page Support: Disabled
 NUMA Support: Disabled
 Compressed Oops: Enabled (Zero based)
 Heap Region Size: 4M
 Heap Min Capacity: 8M
 Heap Initial Capacity: 504M
 Heap Max Capacity: 8056M
 Pre-touch: Disabled
 Parallel Workers: 11
 Concurrent Workers: 3
 Concurrent Refinement Workers: 11
 Periodic GC: Disabled

Heap:
 garbage-first heap   total 1228800K, used 660610K [0x0000000608800000, 0x0000000800000000)
  region size 4096K, 75 young (307200K), 12 survivors (49152K)
 Metaspace       used 47188K, committed 47936K, reserved 1114112K
  class space    used 4984K, committed 5312K, reserved 1048576K

Heap Regions: E=young(eden), S=young(survivor), O=old, HS=humongous(starts), HC=humongous(continues), CS=collection set, F=free, OA=open archive, CA=closed archive, TAMS=top-at-mark-start (previous, next)
|   0|0x0000000608800000, 0x0000000608bd1a00, 0x0000000608c00000| 95%| O|  |TAMS 0x0000000608bd1a00, 0x0000000608bd1a00| Untracked 
|   1|0x0000000608c00000, 0x0000000609000000, 0x0000000609000000|100%| O|  |TAMS 0x0000000609000000, 0x0000000609000000| Untracked 
|   2|0x0000000609000000, 0x0000000609400000, 0x0000000609400000|100%| O|  |TAMS 0x0000000609400000, 0x0000000609400000| Untracked 
|   3|0x0000000609400000, 0x0000000609800000, 0x0000000609800000|100%| O|  |TAMS 0x0000000609800000, 0x0000000609800000| Untracked 
|   4|0x0000000609800000, 0x0000000609c00000, 0x0000000609c00000|100%| O|  |TAMS 0x0000000609c00000, 0x0000000609c00000| Untracked 
|   5|0x0000000609c00000, 0x000000060a000000, 0x000000060a000000|100%| O|  |TAMS 0x000000060a000000, 0x000000060a000000| Untracked 
|   6|0x000000060a000000, 0x000000060a400000, 0x000000060a400000|100%| O|  |TAMS 0x000000060a400000, 0x000000060a400000| Untracked 
|   7|0x000000060a400000, 0x000000060a800000, 0x000000060a800000|100%| O|  |TAMS 0x000000060a800000, 0x000000060a800000| Untracked 
|   8|0x000000060a800000, 0x000000060ac00000, 0x000000060ac00000|100%| O|  |TAMS 0x000000060ac00000, 0x000000060ac00000| Untracked 
|   9|0x000000060ac00000, 0x000000060b000000, 0x000000060b000000|100%| O|  |TAMS 0x000000060b000000, 0x000000060b000000| Untracked 
|  10|0x000000060b000000, 0x000000060b400000, 0x000000060b400000|100%| O|  |TAMS 0x000000060b400000, 0x000000060b400000| Untracked 
|  11|0x000000060b400000, 0x000000060b800000, 0x000000060b800000|100%| O|  |TAMS 0x000000060b800000, 0x000000060b800000| Untracked 
|  12|0x000000060b800000, 0x000000060bc00000, 0x000000060bc00000|100%| O|  |TAMS 0x000000060bc00000, 0x000000060bc00000| Untracked 
|  13|0x000000060bc00000, 0x000000060c000000, 0x000000060c000000|100%| O|  |TAMS 0x000000060c000000, 0x000000060c000000| Untracked 
|  14|0x000000060c000000, 0x000000060c400000, 0x000000060c400000|100%| O|  |TAMS 0x000000060c400000, 0x000000060c400000| Untracked 
|  15|0x000000060c400000, 0x000000060c800000, 0x000000060c800000|100%| O|  |TAMS 0x000000060c800000, 0x000000060c800000| Untracked 
|  16|0x000000060c800000, 0x000000060cc00000, 0x000000060cc00000|100%| O|  |TAMS 0x000000060cc00000, 0x000000060cc00000| Untracked 
|  17|0x000000060cc00000, 0x000000060d000000, 0x000000060d000000|100%| O|  |TAMS 0x000000060d000000, 0x000000060d000000| Untracked 
|  18|0x000000060d000000, 0x000000060d400000, 0x000000060d400000|100%| O|  |TAMS 0x000000060d400000, 0x000000060d400000| Untracked 
|  19|0x000000060d400000, 0x000000060d800000, 0x000000060d800000|100%| O|  |TAMS 0x000000060d800000, 0x000000060d800000| Untracked 
|  20|0x000000060d800000, 0x000000060dc00000, 0x000000060dc00000|100%| O|  |TAMS 0x000000060dc00000, 0x000000060dc00000| Untracked 
|  21|0x000000060dc00000, 0x000000060e000000, 0x000000060e000000|100%| O|  |TAMS 0x000000060e000000, 0x000000060e000000| Untracked 
|  22|0x000000060e000000, 0x000000060e400000, 0x000000060e400000|100%| O|  |TAMS 0x000000060e400000, 0x000000060e400000| Untracked 
|  23|0x000000060e400000, 0x000000060e800000, 0x000000060e800000|100%| O|  |TAMS 0x000000060e800000, 0x000000060e800000| Untracked 
|  24|0x000000060e800000, 0x000000060ec00000, 0x000000060ec00000|100%| O|  |TAMS 0x000000060ec00000, 0x000000060ec00000| Untracked 
|  25|0x000000060ec00000, 0x000000060f000000, 0x000000060f000000|100%| O|  |TAMS 0x000000060f000000, 0x000000060f000000| Untracked 
|  26|0x000000060f000000, 0x000000060f400000, 0x000000060f400000|100%| O|  |TAMS 0x000000060f400000, 0x000000060f400000| Untracked 
|  27|0x000000060f400000, 0x000000060f800000, 0x000000060f800000|100%| O|  |TAMS 0x000000060f400000, 0x000000060f800000| Untracked 
|  28|0x000000060f800000, 0x000000060fc00000, 0x000000060fc00000|100%| O|  |TAMS 0x000000060f800000, 0x000000060fc00000| Untracked 
|  29|0x000000060fc00000, 0x0000000610000000, 0x0000000610000000|100%| O|  |TAMS 0x000000060fc00000, 0x0000000610000000| Untracked 
|  30|0x0000000610000000, 0x0000000610400000, 0x0000000610400000|100%| O|  |TAMS 0x0000000610000000, 0x0000000610400000| Untracked 
|  31|0x0000000610400000, 0x0000000610800000, 0x0000000610800000|100%| O|  |TAMS 0x0000000610400000, 0x0000000610800000| Untracked 
|  32|0x0000000610800000, 0x0000000610c00000, 0x0000000610c00000|100%| O|  |TAMS 0x0000000610800000, 0x0000000610c00000| Untracked 
|  33|0x0000000610c00000, 0x0000000611000000, 0x0000000611000000|100%| O|  |TAMS 0x0000000610c00000, 0x0000000610e98600| Untracked 
|  34|0x0000000611000000, 0x0000000611400000, 0x0000000611400000|100%| O|  |TAMS 0x0000000611000000, 0x0000000611000000| Untracked 
|  35|0x0000000611400000, 0x0000000611800000, 0x0000000611800000|100%| O|  |TAMS 0x0000000611400000, 0x0000000611400000| Untracked 
|  36|0x0000000611800000, 0x0000000611c00000, 0x0000000611c00000|100%|HS|  |TAMS 0x0000000611800000, 0x0000000611800000| Complete 
|  37|0x0000000611c00000, 0x0000000612000000, 0x0000000612000000|100%| O|  |TAMS 0x0000000611c00000, 0x0000000611c00000| Untracked 
|  38|0x0000000612000000, 0x0000000612400000, 0x0000000612400000|100%| O|  |TAMS 0x0000000612000000, 0x0000000612000000| Untracked 
|  39|0x0000000612400000, 0x0000000612800000, 0x0000000612800000|100%| O|  |TAMS 0x0000000612400000, 0x0000000612400000| Untracked 
|  40|0x0000000612800000, 0x0000000612c00000, 0x0000000612c00000|100%| O|  |TAMS 0x0000000612800000, 0x0000000612800000| Untracked 
|  41|0x0000000612c00000, 0x0000000613000000, 0x0000000613000000|100%| O|  |TAMS 0x0000000612c00000, 0x0000000612c00000| Untracked 
|  42|0x0000000613000000, 0x0000000613400000, 0x0000000613400000|100%| O|  |TAMS 0x0000000613000000, 0x0000000613000000| Untracked 
|  43|0x0000000613400000, 0x0000000613800000, 0x0000000613800000|100%|HS|  |TAMS 0x0000000613400000, 0x0000000613400000| Complete 
|  44|0x0000000613800000, 0x0000000613c00000, 0x0000000613c00000|100%|HC|  |TAMS 0x0000000613800000, 0x0000000613800000| Complete 
|  45|0x0000000613c00000, 0x0000000614000000, 0x0000000614000000|100%| O|  |TAMS 0x0000000613c00000, 0x0000000613c00000| Untracked 
|  46|0x0000000614000000, 0x0000000614400000, 0x0000000614400000|100%| O|  |TAMS 0x0000000614000000, 0x0000000614000000| Untracked 
|  47|0x0000000614400000, 0x0000000614800000, 0x0000000614800000|100%| O|  |TAMS 0x0000000614400000, 0x0000000614400000| Untracked 
|  48|0x0000000614800000, 0x0000000614c00000, 0x0000000614c00000|100%| O|  |TAMS 0x0000000614800000, 0x0000000614800000| Untracked 
|  49|0x0000000614c00000, 0x0000000615000000, 0x0000000615000000|100%| O|  |TAMS 0x0000000614c00000, 0x0000000614c00000| Untracked 
|  50|0x0000000615000000, 0x0000000615400000, 0x0000000615400000|100%| O|  |TAMS 0x0000000615000000, 0x0000000615000000| Untracked 
|  51|0x0000000615400000, 0x0000000615800000, 0x0000000615800000|100%| O|  |TAMS 0x0000000615400000, 0x0000000615400000| Untracked 
|  52|0x0000000615800000, 0x0000000615c00000, 0x0000000615c00000|100%| O|  |TAMS 0x0000000615800000, 0x0000000615800000| Untracked 
|  53|0x0000000615c00000, 0x0000000616000000, 0x0000000616000000|100%| O|  |TAMS 0x0000000615c00000, 0x0000000615c00000| Untracked 
|  54|0x0000000616000000, 0x0000000616400000, 0x0000000616400000|100%| O|  |TAMS 0x0000000616000000, 0x0000000616000000| Untracked 
|  55|0x0000000616400000, 0x0000000616800000, 0x0000000616800000|100%| O|  |TAMS 0x0000000616400000, 0x0000000616400000| Untracked 
|  56|0x0000000616800000, 0x0000000616c00000, 0x0000000616c00000|100%| O|  |TAMS 0x0000000616800000, 0x0000000616800000| Untracked 
|  57|0x0000000616c00000, 0x0000000617000000, 0x0000000617000000|100%| O|  |TAMS 0x0000000616c00000, 0x0000000616c00000| Untracked 
|  58|0x0000000617000000, 0x0000000617400000, 0x0000000617400000|100%| O|  |TAMS 0x0000000617000000, 0x0000000617000000| Untracked 
|  59|0x0000000617400000, 0x0000000617800000, 0x0000000617800000|100%| O|  |TAMS 0x0000000617400000, 0x0000000617400000| Untracked 
|  60|0x0000000617800000, 0x0000000617c00000, 0x0000000617c00000|100%| O|  |TAMS 0x0000000617800000, 0x0000000617800000| Untracked 
|  61|0x0000000617c00000, 0x0000000618000000, 0x0000000618000000|100%| O|  |TAMS 0x0000000617c00000, 0x0000000617c00000| Untracked 
|  62|0x0000000618000000, 0x0000000618400000, 0x0000000618400000|100%| O|  |TAMS 0x0000000618000000, 0x0000000618000000| Untracked 
|  63|0x0000000618400000, 0x0000000618800000, 0x0000000618800000|100%| O|  |TAMS 0x0000000618400000, 0x0000000618400000| Untracked 
|  64|0x0000000618800000, 0x0000000618c00000, 0x0000000618c00000|100%| O|  |TAMS 0x0000000618800000, 0x0000000618800000| Untracked 
|  65|0x0000000618c00000, 0x0000000619000000, 0x0000000619000000|100%| O|  |TAMS 0x0000000618c00000, 0x0000000618c00000| Untracked 
|  66|0x0000000619000000, 0x0000000619400000, 0x0000000619400000|100%| O|  |TAMS 0x0000000619000000, 0x0000000619000000| Untracked 
|  67|0x0000000619400000, 0x0000000619800000, 0x0000000619800000|100%| O|  |TAMS 0x0000000619400000, 0x0000000619400000| Untracked 
|  68|0x0000000619800000, 0x0000000619c00000, 0x0000000619c00000|100%| O|  |TAMS 0x0000000619800000, 0x0000000619800000| Untracked 
|  69|0x0000000619c00000, 0x000000061a000000, 0x000000061a000000|100%| O|  |TAMS 0x0000000619c00000, 0x0000000619c00000| Untracked 
|  70|0x000000061a000000, 0x000000061a400000, 0x000000061a400000|100%| O|  |TAMS 0x000000061a000000, 0x000000061a000000| Untracked 
|  71|0x000000061a400000, 0x000000061a800000, 0x000000061a800000|100%| O|  |TAMS 0x000000061a400000, 0x000000061a400000| Untracked 
|  72|0x000000061a800000, 0x000000061ac00000, 0x000000061ac00000|100%| O|  |TAMS 0x000000061a800000, 0x000000061a800000| Untracked 
|  73|0x000000061ac00000, 0x000000061b000000, 0x000000061b000000|100%| O|  |TAMS 0x000000061ac00000, 0x000000061ac00000| Untracked 
|  74|0x000000061b000000, 0x000000061b400000, 0x000000061b400000|100%| O|  |TAMS 0x000000061b000000, 0x000000061b000000| Untracked 
|  75|0x000000061b400000, 0x000000061b800000, 0x000000061b800000|100%| O|  |TAMS 0x000000061b400000, 0x000000061b400000| Untracked 
|  76|0x000000061b800000, 0x000000061bc00000, 0x000000061bc00000|100%| O|  |TAMS 0x000000061b800000, 0x000000061b800000| Untracked 
|  77|0x000000061bc00000, 0x000000061c000000, 0x000000061c000000|100%| O|  |TAMS 0x000000061bc00000, 0x000000061bc00000| Untracked 
|  78|0x000000061c000000, 0x000000061c400000, 0x000000061c400000|100%| O|  |TAMS 0x000000061c000000, 0x000000061c000000| Untracked 
|  79|0x000000061c400000, 0x000000061c800000, 0x000000061c800000|100%| O|  |TAMS 0x000000061c400000, 0x000000061c400000| Untracked 
|  80|0x000000061c800000, 0x000000061cc00000, 0x000000061cc00000|100%| O|  |TAMS 0x000000061c800000, 0x000000061c800000| Untracked 
|  81|0x000000061cc00000, 0x000000061d000000, 0x000000061d000000|100%| O|  |TAMS 0x000000061cc00000, 0x000000061cc00000| Untracked 
|  82|0x000000061d000000, 0x000000061d400000, 0x000000061d400000|100%| O|  |TAMS 0x000000061d000000, 0x000000061d000000| Untracked 
|  83|0x000000061d400000, 0x000000061d800000, 0x000000061d800000|100%| O|  |TAMS 0x000000061d400000, 0x000000061d400000| Untracked 
|  84|0x000000061d800000, 0x000000061dc00000, 0x000000061dc00000|100%| O|  |TAMS 0x000000061d800000, 0x000000061d800000| Untracked 
|  85|0x000000061dc00000, 0x000000061e000000, 0x000000061e000000|100%| O|  |TAMS 0x000000061dc00000, 0x000000061dc00000| Untracked 
|  86|0x000000061e000000, 0x000000061e085c00, 0x000000061e400000| 13%| O|  |TAMS 0x000000061e000000, 0x000000061e000000| Untracked 
|  87|0x000000061e400000, 0x000000061e400000, 0x000000061e800000|  0%| F|  |TAMS 0x000000061e400000, 0x000000061e400000| Untracked 
|  88|0x000000061e800000, 0x000000061e800000, 0x000000061ec00000|  0%| F|  |TAMS 0x000000061e800000, 0x000000061e800000| Untracked 
|  89|0x000000061ec00000, 0x000000061ec00000, 0x000000061f000000|  0%| F|  |TAMS 0x000000061ec00000, 0x000000061ec00000| Untracked 
|  90|0x000000061f000000, 0x000000061f000000, 0x000000061f400000|  0%| F|  |TAMS 0x000000061f000000, 0x000000061f000000| Untracked 
|  91|0x000000061f400000, 0x000000061f400000, 0x000000061f800000|  0%| F|  |TAMS 0x000000061f400000, 0x000000061f400000| Untracked 
|  92|0x000000061f800000, 0x000000061f800000, 0x000000061fc00000|  0%| F|  |TAMS 0x000000061f800000, 0x000000061f800000| Untracked 
|  93|0x000000061fc00000, 0x000000061fc00000, 0x0000000620000000|  0%| F|  |TAMS 0x000000061fc00000, 0x000000061fc00000| Untracked 
|  94|0x0000000620000000, 0x0000000620000000, 0x0000000620400000|  0%| F|  |TAMS 0x0000000620000000, 0x0000000620000000| Untracked 
|  95|0x0000000620400000, 0x0000000620400000, 0x0000000620800000|  0%| F|  |TAMS 0x0000000620400000, 0x0000000620400000| Untracked 
|  96|0x0000000620800000, 0x0000000620800000, 0x0000000620c00000|  0%| F|  |TAMS 0x0000000620800000, 0x0000000620800000| Untracked 
|  97|0x0000000620c00000, 0x0000000620c00000, 0x0000000621000000|  0%| F|  |TAMS 0x0000000620c00000, 0x0000000620c00000| Untracked 
|  98|0x0000000621000000, 0x0000000621000000, 0x0000000621400000|  0%| F|  |TAMS 0x0000000621000000, 0x0000000621000000| Untracked 
|  99|0x0000000621400000, 0x0000000621400000, 0x0000000621800000|  0%| F|  |TAMS 0x0000000621400000, 0x0000000621400000| Untracked 
| 100|0x0000000621800000, 0x0000000621800000, 0x0000000621c00000|  0%| F|  |TAMS 0x0000000621800000, 0x0000000621800000| Untracked 
| 101|0x0000000621c00000, 0x0000000621c00000, 0x0000000622000000|  0%| F|  |TAMS 0x0000000621c00000, 0x0000000621c00000| Untracked 
| 102|0x0000000622000000, 0x0000000622000000, 0x0000000622400000|  0%| F|  |TAMS 0x0000000622000000, 0x0000000622000000| Untracked 
| 103|0x0000000622400000, 0x0000000622400000, 0x0000000622800000|  0%| F|  |TAMS 0x0000000622400000, 0x0000000622400000| Untracked 
| 104|0x0000000622800000, 0x0000000622800000, 0x0000000622c00000|  0%| F|  |TAMS 0x0000000622800000, 0x0000000622800000| Untracked 
| 105|0x0000000622c00000, 0x0000000622c00000, 0x0000000623000000|  0%| F|  |TAMS 0x0000000622c00000, 0x0000000622c00000| Untracked 
| 106|0x0000000623000000, 0x0000000623000000, 0x0000000623400000|  0%| F|  |TAMS 0x0000000623000000, 0x0000000623000000| Untracked 
| 107|0x0000000623400000, 0x0000000623400000, 0x0000000623800000|  0%| F|  |TAMS 0x0000000623400000, 0x0000000623400000| Untracked 
| 108|0x0000000623800000, 0x0000000623800000, 0x0000000623c00000|  0%| F|  |TAMS 0x0000000623800000, 0x0000000623800000| Untracked 
| 109|0x0000000623c00000, 0x0000000623c00000, 0x0000000624000000|  0%| F|  |TAMS 0x0000000623c00000, 0x0000000623c00000| Untracked 
| 110|0x0000000624000000, 0x0000000624000000, 0x0000000624400000|  0%| F|  |TAMS 0x0000000624000000, 0x0000000624000000| Untracked 
| 111|0x0000000624400000, 0x0000000624400000, 0x0000000624800000|  0%| F|  |TAMS 0x0000000624400000, 0x0000000624400000| Untracked 
| 112|0x0000000624800000, 0x0000000624800000, 0x0000000624c00000|  0%| F|  |TAMS 0x0000000624800000, 0x0000000624800000| Untracked 
| 113|0x0000000624c00000, 0x0000000624c00000, 0x0000000625000000|  0%| F|  |TAMS 0x0000000624c00000, 0x0000000624c00000| Untracked 
| 114|0x0000000625000000, 0x0000000625000000, 0x0000000625400000|  0%| F|  |TAMS 0x0000000625000000, 0x0000000625000000| Untracked 
| 115|0x0000000625400000, 0x0000000625400000, 0x0000000625800000|  0%| F|  |TAMS 0x0000000625400000, 0x0000000625400000| Untracked 
| 116|0x0000000625800000, 0x0000000625800000, 0x0000000625c00000|  0%| F|  |TAMS 0x0000000625800000, 0x0000000625800000| Untracked 
| 117|0x0000000625c00000, 0x0000000625c00000, 0x0000000626000000|  0%| F|  |TAMS 0x0000000625c00000, 0x0000000625c00000| Untracked 
| 118|0x0000000626000000, 0x0000000626000000, 0x0000000626400000|  0%| F|  |TAMS 0x0000000626000000, 0x0000000626000000| Untracked 
| 119|0x0000000626400000, 0x0000000626400000, 0x0000000626800000|  0%| F|  |TAMS 0x0000000626400000, 0x0000000626400000| Untracked 
| 120|0x0000000626800000, 0x00000006268c9490, 0x0000000626c00000| 19%| S|CS|TAMS 0x0000000626800000, 0x0000000626800000| Complete 
| 121|0x0000000626c00000, 0x0000000627000000, 0x0000000627000000|100%| S|CS|TAMS 0x0000000626c00000, 0x0000000626c00000| Complete 
| 122|0x0000000627000000, 0x0000000627000000, 0x0000000627400000|  0%| F|  |TAMS 0x0000000627000000, 0x0000000627000000| Untracked 
| 123|0x0000000627400000, 0x0000000627400000, 0x0000000627800000|  0%| F|  |TAMS 0x0000000627400000, 0x0000000627400000| Untracked 
| 124|0x0000000627800000, 0x0000000627800000, 0x0000000627c00000|  0%| F|  |TAMS 0x0000000627800000, 0x0000000627800000| Untracked 
| 125|0x0000000627c00000, 0x0000000627c00000, 0x0000000628000000|  0%| F|  |TAMS 0x0000000627c00000, 0x0000000627c00000| Untracked 
| 126|0x0000000628000000, 0x0000000628000000, 0x0000000628400000|  0%| F|  |TAMS 0x0000000628000000, 0x0000000628000000| Untracked 
| 127|0x0000000628400000, 0x0000000628400000, 0x0000000628800000|  0%| F|  |TAMS 0x0000000628400000, 0x0000000628400000| Untracked 
| 128|0x0000000628800000, 0x0000000628c00000, 0x0000000628c00000|100%| S|CS|TAMS 0x0000000628800000, 0x0000000628800000| Complete 
| 129|0x0000000628c00000, 0x0000000629000000, 0x0000000629000000|100%| S|CS|TAMS 0x0000000628c00000, 0x0000000628c00000| Complete 
| 130|0x0000000629000000, 0x0000000629000000, 0x0000000629400000|  0%| F|  |TAMS 0x0000000629000000, 0x0000000629000000| Untracked 
| 131|0x0000000629400000, 0x0000000629400000, 0x0000000629800000|  0%| F|  |TAMS 0x0000000629400000, 0x0000000629400000| Untracked 
| 132|0x0000000629800000, 0x0000000629800000, 0x0000000629c00000|  0%| F|  |TAMS 0x0000000629800000, 0x0000000629800000| Untracked 
| 133|0x0000000629c00000, 0x0000000629c00000, 0x000000062a000000|  0%| F|  |TAMS 0x0000000629c00000, 0x0000000629c00000| Untracked 
| 134|0x000000062a000000, 0x000000062a000000, 0x000000062a400000|  0%| F|  |TAMS 0x000000062a000000, 0x000000062a000000| Untracked 
| 135|0x000000062a400000, 0x000000062a400000, 0x000000062a800000|  0%| F|  |TAMS 0x000000062a400000, 0x000000062a400000| Untracked 
| 136|0x000000062a800000, 0x000000062a800000, 0x000000062ac00000|  0%| F|  |TAMS 0x000000062a800000, 0x000000062a800000| Untracked 
| 137|0x000000062ac00000, 0x000000062b000000, 0x000000062b000000|100%| S|CS|TAMS 0x000000062ac00000, 0x000000062ac00000| Complete 
| 138|0x000000062b000000, 0x000000062b400000, 0x000000062b400000|100%| S|CS|TAMS 0x000000062b000000, 0x000000062b000000| Complete 
| 139|0x000000062b400000, 0x000000062b800000, 0x000000062b800000|100%| S|CS|TAMS 0x000000062b400000, 0x000000062b400000| Complete 
| 140|0x000000062b800000, 0x000000062bc00000, 0x000000062bc00000|100%| S|CS|TAMS 0x000000062b800000, 0x000000062b800000| Complete 
| 141|0x000000062bc00000, 0x000000062c000000, 0x000000062c000000|100%| S|CS|TAMS 0x000000062bc00000, 0x000000062bc00000| Complete 
| 142|0x000000062c000000, 0x000000062c400000, 0x000000062c400000|100%| S|CS|TAMS 0x000000062c000000, 0x000000062c000000| Complete 
| 143|0x000000062c400000, 0x000000062c800000, 0x000000062c800000|100%| S|CS|TAMS 0x000000062c400000, 0x000000062c400000| Complete 
| 144|0x000000062c800000, 0x000000062cc00000, 0x000000062cc00000|100%| S|CS|TAMS 0x000000062c800000, 0x000000062c800000| Complete 
| 145|0x000000062cc00000, 0x000000062cc00000, 0x000000062d000000|  0%| F|  |TAMS 0x000000062cc00000, 0x000000062cc00000| Untracked 
| 146|0x000000062d000000, 0x000000062d000000, 0x000000062d400000|  0%| F|  |TAMS 0x000000062d000000, 0x000000062d000000| Untracked 
| 147|0x000000062d400000, 0x000000062d400000, 0x000000062d800000|  0%| F|  |TAMS 0x000000062d400000, 0x000000062d400000| Untracked 
| 148|0x000000062d800000, 0x000000062d800000, 0x000000062dc00000|  0%| F|  |TAMS 0x000000062d800000, 0x000000062d800000| Untracked 
| 149|0x000000062dc00000, 0x000000062dc00000, 0x000000062e000000|  0%| F|  |TAMS 0x000000062dc00000, 0x000000062dc00000| Untracked 
| 150|0x000000062e000000, 0x000000062e000000, 0x000000062e400000|  0%| F|  |TAMS 0x000000062e000000, 0x000000062e000000| Untracked 
| 151|0x000000062e400000, 0x000000062e400000, 0x000000062e800000|  0%| F|  |TAMS 0x000000062e400000, 0x000000062e400000| Untracked 
| 152|0x000000062e800000, 0x000000062e800000, 0x000000062ec00000|  0%| F|  |TAMS 0x000000062e800000, 0x000000062e800000| Untracked 
| 153|0x000000062ec00000, 0x000000062ec00000, 0x000000062f000000|  0%| F|  |TAMS 0x000000062ec00000, 0x000000062ec00000| Untracked 
| 154|0x000000062f000000, 0x000000062f000000, 0x000000062f400000|  0%| F|  |TAMS 0x000000062f000000, 0x000000062f000000| Untracked 
| 155|0x000000062f400000, 0x000000062f400000, 0x000000062f800000|  0%| F|  |TAMS 0x000000062f400000, 0x000000062f400000| Untracked 
| 156|0x000000062f800000, 0x000000062f800000, 0x000000062fc00000|  0%| F|  |TAMS 0x000000062f800000, 0x000000062f800000| Untracked 
| 157|0x000000062fc00000, 0x000000062fc00000, 0x0000000630000000|  0%| F|  |TAMS 0x000000062fc00000, 0x000000062fc00000| Untracked 
| 158|0x0000000630000000, 0x0000000630000000, 0x0000000630400000|  0%| F|  |TAMS 0x0000000630000000, 0x0000000630000000| Untracked 
| 159|0x0000000630400000, 0x0000000630400000, 0x0000000630800000|  0%| F|  |TAMS 0x0000000630400000, 0x0000000630400000| Untracked 
| 160|0x0000000630800000, 0x0000000630800000, 0x0000000630c00000|  0%| F|  |TAMS 0x0000000630800000, 0x0000000630800000| Untracked 
| 161|0x0000000630c00000, 0x0000000630c00000, 0x0000000631000000|  0%| F|  |TAMS 0x0000000630c00000, 0x0000000630c00000| Untracked 
| 162|0x0000000631000000, 0x0000000631000000, 0x0000000631400000|  0%| F|  |TAMS 0x0000000631000000, 0x0000000631000000| Untracked 
| 163|0x0000000631400000, 0x0000000631400000, 0x0000000631800000|  0%| F|  |TAMS 0x0000000631400000, 0x0000000631400000| Untracked 
| 164|0x0000000631800000, 0x0000000631800000, 0x0000000631c00000|  0%| F|  |TAMS 0x0000000631800000, 0x0000000631800000| Untracked 
| 165|0x0000000631c00000, 0x0000000631c00000, 0x0000000632000000|  0%| F|  |TAMS 0x0000000631c00000, 0x0000000631c00000| Untracked 
| 166|0x0000000632000000, 0x0000000632000000, 0x0000000632400000|  0%| F|  |TAMS 0x0000000632000000, 0x0000000632000000| Untracked 
| 167|0x0000000632400000, 0x0000000632400000, 0x0000000632800000|  0%| F|  |TAMS 0x0000000632400000, 0x0000000632400000| Untracked 
| 168|0x0000000632800000, 0x0000000632800000, 0x0000000632c00000|  0%| F|  |TAMS 0x0000000632800000, 0x0000000632800000| Untracked 
| 169|0x0000000632c00000, 0x0000000632c00000, 0x0000000633000000|  0%| F|  |TAMS 0x0000000632c00000, 0x0000000632c00000| Untracked 
| 170|0x0000000633000000, 0x0000000633000000, 0x0000000633400000|  0%| F|  |TAMS 0x0000000633000000, 0x0000000633000000| Untracked 
| 171|0x0000000633400000, 0x0000000633400000, 0x0000000633800000|  0%| F|  |TAMS 0x0000000633400000, 0x0000000633400000| Untracked 
| 172|0x0000000633800000, 0x0000000633800000, 0x0000000633c00000|  0%| F|  |TAMS 0x0000000633800000, 0x0000000633800000| Untracked 
| 173|0x0000000633c00000, 0x0000000633c00000, 0x0000000634000000|  0%| F|  |TAMS 0x0000000633c00000, 0x0000000633c00000| Untracked 
| 174|0x0000000634000000, 0x0000000634000000, 0x0000000634400000|  0%| F|  |TAMS 0x0000000634000000, 0x0000000634000000| Untracked 
| 175|0x0000000634400000, 0x0000000634400000, 0x0000000634800000|  0%| F|  |TAMS 0x0000000634400000, 0x0000000634400000| Untracked 
| 176|0x0000000634800000, 0x0000000634800000, 0x0000000634c00000|  0%| F|  |TAMS 0x0000000634800000, 0x0000000634800000| Untracked 
| 177|0x0000000634c00000, 0x0000000634c00000, 0x0000000635000000|  0%| F|  |TAMS 0x0000000634c00000, 0x0000000634c00000| Untracked 
| 178|0x0000000635000000, 0x0000000635000000, 0x0000000635400000|  0%| F|  |TAMS 0x0000000635000000, 0x0000000635000000| Untracked 
| 179|0x0000000635400000, 0x0000000635400000, 0x0000000635800000|  0%| F|  |TAMS 0x0000000635400000, 0x0000000635400000| Untracked 
| 180|0x0000000635800000, 0x0000000635800000, 0x0000000635c00000|  0%| F|  |TAMS 0x0000000635800000, 0x0000000635800000| Untracked 
| 181|0x0000000635c00000, 0x0000000635c00000, 0x0000000636000000|  0%| F|  |TAMS 0x0000000635c00000, 0x0000000635c00000| Untracked 
| 182|0x0000000636000000, 0x0000000636000000, 0x0000000636400000|  0%| F|  |TAMS 0x0000000636000000, 0x0000000636000000| Untracked 
| 183|0x0000000636400000, 0x0000000636400000, 0x0000000636800000|  0%| F|  |TAMS 0x0000000636400000, 0x0000000636400000| Untracked 
| 184|0x0000000636800000, 0x0000000636800000, 0x0000000636c00000|  0%| F|  |TAMS 0x0000000636800000, 0x0000000636800000| Untracked 
| 185|0x0000000636c00000, 0x0000000636c00000, 0x0000000637000000|  0%| F|  |TAMS 0x0000000636c00000, 0x0000000636c00000| Untracked 
| 186|0x0000000637000000, 0x0000000637000000, 0x0000000637400000|  0%| F|  |TAMS 0x0000000637000000, 0x0000000637000000| Untracked 
| 187|0x0000000637400000, 0x0000000637400000, 0x0000000637800000|  0%| F|  |TAMS 0x0000000637400000, 0x0000000637400000| Untracked 
| 188|0x0000000637800000, 0x0000000637800000, 0x0000000637c00000|  0%| F|  |TAMS 0x0000000637800000, 0x0000000637800000| Untracked 
| 189|0x0000000637c00000, 0x0000000637c00000, 0x0000000638000000|  0%| F|  |TAMS 0x0000000637c00000, 0x0000000637c00000| Untracked 
| 190|0x0000000638000000, 0x0000000638000000, 0x0000000638400000|  0%| F|  |TAMS 0x0000000638000000, 0x0000000638000000| Untracked 
| 191|0x0000000638400000, 0x0000000638400000, 0x0000000638800000|  0%| F|  |TAMS 0x0000000638400000, 0x0000000638400000| Untracked 
| 192|0x0000000638800000, 0x0000000638800000, 0x0000000638c00000|  0%| F|  |TAMS 0x0000000638800000, 0x0000000638800000| Untracked 
| 193|0x0000000638c00000, 0x0000000638c00000, 0x0000000639000000|  0%| F|  |TAMS 0x0000000638c00000, 0x0000000638c00000| Untracked 
| 194|0x0000000639000000, 0x0000000639000000, 0x0000000639400000|  0%| F|  |TAMS 0x0000000639000000, 0x0000000639000000| Untracked 
| 195|0x0000000639400000, 0x0000000639400000, 0x0000000639800000|  0%| F|  |TAMS 0x0000000639400000, 0x0000000639400000| Untracked 
| 196|0x0000000639800000, 0x0000000639800000, 0x0000000639c00000|  0%| F|  |TAMS 0x0000000639800000, 0x0000000639800000| Untracked 
| 197|0x0000000639c00000, 0x0000000639c00000, 0x000000063a000000|  0%| F|  |TAMS 0x0000000639c00000, 0x0000000639c00000| Untracked 
| 198|0x000000063a000000, 0x000000063a000000, 0x000000063a400000|  0%| F|  |TAMS 0x000000063a000000, 0x000000063a000000| Untracked 
| 199|0x000000063a400000, 0x000000063a400000, 0x000000063a800000|  0%| F|  |TAMS 0x000000063a400000, 0x000000063a400000| Untracked 
| 200|0x000000063a800000, 0x000000063a800000, 0x000000063ac00000|  0%| F|  |TAMS 0x000000063a800000, 0x000000063a800000| Untracked 
| 201|0x000000063ac00000, 0x000000063ac00000, 0x000000063b000000|  0%| F|  |TAMS 0x000000063ac00000, 0x000000063ac00000| Untracked 
| 202|0x000000063b000000, 0x000000063b000000, 0x000000063b400000|  0%| F|  |TAMS 0x000000063b000000, 0x000000063b000000| Untracked 
| 203|0x000000063b400000, 0x000000063b400000, 0x000000063b800000|  0%| F|  |TAMS 0x000000063b400000, 0x000000063b400000| Untracked 
| 204|0x000000063b800000, 0x000000063b800000, 0x000000063bc00000|  0%| F|  |TAMS 0x000000063b800000, 0x000000063b800000| Untracked 
| 205|0x000000063bc00000, 0x000000063bc00000, 0x000000063c000000|  0%| F|  |TAMS 0x000000063bc00000, 0x000000063bc00000| Untracked 
| 206|0x000000063c000000, 0x000000063c000000, 0x000000063c400000|  0%| F|  |TAMS 0x000000063c000000, 0x000000063c000000| Untracked 
| 207|0x000000063c400000, 0x000000063c400000, 0x000000063c800000|  0%| F|  |TAMS 0x000000063c400000, 0x000000063c400000| Untracked 
| 208|0x000000063c800000, 0x000000063c800000, 0x000000063cc00000|  0%| F|  |TAMS 0x000000063c800000, 0x000000063c800000| Untracked 
| 209|0x000000063cc00000, 0x000000063cc00000, 0x000000063d000000|  0%| F|  |TAMS 0x000000063cc00000, 0x000000063cc00000| Untracked 
| 210|0x000000063d000000, 0x000000063d000000, 0x000000063d400000|  0%| F|  |TAMS 0x000000063d000000, 0x000000063d000000| Untracked 
| 211|0x000000063d400000, 0x000000063d400000, 0x000000063d800000|  0%| F|  |TAMS 0x000000063d400000, 0x000000063d400000| Untracked 
| 212|0x000000063d800000, 0x000000063d800000, 0x000000063dc00000|  0%| F|  |TAMS 0x000000063d800000, 0x000000063d800000| Untracked 
| 213|0x000000063dc00000, 0x000000063dc00000, 0x000000063e000000|  0%| F|  |TAMS 0x000000063dc00000, 0x000000063dc00000| Untracked 
| 214|0x000000063e000000, 0x000000063e000000, 0x000000063e400000|  0%| F|  |TAMS 0x000000063e000000, 0x000000063e000000| Untracked 
| 215|0x000000063e400000, 0x000000063e400000, 0x000000063e800000|  0%| F|  |TAMS 0x000000063e400000, 0x000000063e400000| Untracked 
| 216|0x000000063e800000, 0x000000063e800000, 0x000000063ec00000|  0%| F|  |TAMS 0x000000063e800000, 0x000000063e800000| Untracked 
| 217|0x000000063ec00000, 0x000000063ec00000, 0x000000063f000000|  0%| F|  |TAMS 0x000000063ec00000, 0x000000063ec00000| Untracked 
| 218|0x000000063f000000, 0x000000063f000000, 0x000000063f400000|  0%| F|  |TAMS 0x000000063f000000, 0x000000063f000000| Untracked 
| 219|0x000000063f400000, 0x000000063f400000, 0x000000063f800000|  0%| F|  |TAMS 0x000000063f400000, 0x000000063f400000| Untracked 
| 220|0x000000063f800000, 0x000000063f800000, 0x000000063fc00000|  0%| F|  |TAMS 0x000000063f800000, 0x000000063f800000| Untracked 
| 221|0x000000063fc00000, 0x000000063fc00000, 0x0000000640000000|  0%| F|  |TAMS 0x000000063fc00000, 0x000000063fc00000| Untracked 
| 222|0x0000000640000000, 0x0000000640000000, 0x0000000640400000|  0%| F|  |TAMS 0x0000000640000000, 0x0000000640000000| Untracked 
| 223|0x0000000640400000, 0x0000000640400000, 0x0000000640800000|  0%| F|  |TAMS 0x0000000640400000, 0x0000000640400000| Untracked 
| 224|0x0000000640800000, 0x0000000640800000, 0x0000000640c00000|  0%| F|  |TAMS 0x0000000640800000, 0x0000000640800000| Untracked 
| 225|0x0000000640c00000, 0x0000000640c00000, 0x0000000641000000|  0%| F|  |TAMS 0x0000000640c00000, 0x0000000640c00000| Untracked 
| 226|0x0000000641000000, 0x0000000641000000, 0x0000000641400000|  0%| F|  |TAMS 0x0000000641000000, 0x0000000641000000| Untracked 
| 227|0x0000000641400000, 0x0000000641400000, 0x0000000641800000|  0%| F|  |TAMS 0x0000000641400000, 0x0000000641400000| Untracked 
| 228|0x0000000641800000, 0x0000000641800000, 0x0000000641c00000|  0%| F|  |TAMS 0x0000000641800000, 0x0000000641800000| Untracked 
| 229|0x0000000641c00000, 0x0000000641c00000, 0x0000000642000000|  0%| F|  |TAMS 0x0000000641c00000, 0x0000000641c00000| Untracked 
| 230|0x0000000642000000, 0x0000000642000000, 0x0000000642400000|  0%| F|  |TAMS 0x0000000642000000, 0x0000000642000000| Untracked 
| 231|0x0000000642400000, 0x0000000642400000, 0x0000000642800000|  0%| F|  |TAMS 0x0000000642400000, 0x0000000642400000| Untracked 
| 232|0x0000000642800000, 0x0000000642800000, 0x0000000642c00000|  0%| F|  |TAMS 0x0000000642800000, 0x0000000642800000| Untracked 
| 233|0x0000000642c00000, 0x0000000642c00000, 0x0000000643000000|  0%| F|  |TAMS 0x0000000642c00000, 0x0000000642c00000| Untracked 
| 234|0x0000000643000000, 0x0000000643000000, 0x0000000643400000|  0%| F|  |TAMS 0x0000000643000000, 0x0000000643000000| Untracked 
| 235|0x0000000643400000, 0x0000000643600800, 0x0000000643800000| 50%| E|  |TAMS 0x0000000643400000, 0x0000000643400000| Complete 
| 236|0x0000000643800000, 0x0000000643c00000, 0x0000000643c00000|100%| E|CS|TAMS 0x0000000643800000, 0x0000000643800000| Complete 
| 237|0x0000000643c00000, 0x0000000644000000, 0x0000000644000000|100%| E|CS|TAMS 0x0000000643c00000, 0x0000000643c00000| Complete 
| 238|0x0000000644000000, 0x0000000644400000, 0x0000000644400000|100%| E|CS|TAMS 0x0000000644000000, 0x0000000644000000| Complete 
| 239|0x0000000644400000, 0x0000000644800000, 0x0000000644800000|100%| E|CS|TAMS 0x0000000644400000, 0x0000000644400000| Complete 
| 240|0x0000000644800000, 0x0000000644c00000, 0x0000000644c00000|100%| E|CS|TAMS 0x0000000644800000, 0x0000000644800000| Complete 
| 241|0x0000000644c00000, 0x0000000645000000, 0x0000000645000000|100%| E|CS|TAMS 0x0000000644c00000, 0x0000000644c00000| Complete 
| 242|0x0000000645000000, 0x0000000645400000, 0x0000000645400000|100%| E|CS|TAMS 0x0000000645000000, 0x0000000645000000| Complete 
| 243|0x0000000645400000, 0x0000000645800000, 0x0000000645800000|100%| E|CS|TAMS 0x0000000645400000, 0x0000000645400000| Complete 
| 244|0x0000000645800000, 0x0000000645c00000, 0x0000000645c00000|100%| E|CS|TAMS 0x0000000645800000, 0x0000000645800000| Complete 
| 245|0x0000000645c00000, 0x0000000646000000, 0x0000000646000000|100%| E|CS|TAMS 0x0000000645c00000, 0x0000000645c00000| Complete 
| 246|0x0000000646000000, 0x0000000646400000, 0x0000000646400000|100%| E|CS|TAMS 0x0000000646000000, 0x0000000646000000| Complete 
| 247|0x0000000646400000, 0x0000000646800000, 0x0000000646800000|100%| E|CS|TAMS 0x0000000646400000, 0x0000000646400000| Complete 
| 248|0x0000000646800000, 0x0000000646c00000, 0x0000000646c00000|100%| E|CS|TAMS 0x0000000646800000, 0x0000000646800000| Complete 
| 249|0x0000000646c00000, 0x0000000647000000, 0x0000000647000000|100%| E|CS|TAMS 0x0000000646c00000, 0x0000000646c00000| Complete 
| 250|0x0000000647000000, 0x0000000647400000, 0x0000000647400000|100%| E|CS|TAMS 0x0000000647000000, 0x0000000647000000| Complete 
| 251|0x0000000647400000, 0x0000000647800000, 0x0000000647800000|100%| E|CS|TAMS 0x0000000647400000, 0x0000000647400000| Complete 
| 252|0x0000000647800000, 0x0000000647c00000, 0x0000000647c00000|100%| E|CS|TAMS 0x0000000647800000, 0x0000000647800000| Complete 
| 253|0x0000000647c00000, 0x0000000648000000, 0x0000000648000000|100%| E|CS|TAMS 0x0000000647c00000, 0x0000000647c00000| Complete 
| 254|0x0000000648000000, 0x0000000648400000, 0x0000000648400000|100%| E|CS|TAMS 0x0000000648000000, 0x0000000648000000| Complete 
| 255|0x0000000648400000, 0x0000000648800000, 0x0000000648800000|100%| E|CS|TAMS 0x0000000648400000, 0x0000000648400000| Complete 
| 256|0x0000000648800000, 0x0000000648c00000, 0x0000000648c00000|100%| E|CS|TAMS 0x0000000648800000, 0x0000000648800000| Complete 
| 257|0x0000000648c00000, 0x0000000649000000, 0x0000000649000000|100%| E|CS|TAMS 0x0000000648c00000, 0x0000000648c00000| Complete 
| 258|0x0000000649000000, 0x0000000649400000, 0x0000000649400000|100%| E|CS|TAMS 0x0000000649000000, 0x0000000649000000| Complete 
| 259|0x0000000649400000, 0x0000000649800000, 0x0000000649800000|100%| E|CS|TAMS 0x0000000649400000, 0x0000000649400000| Complete 
| 260|0x0000000649800000, 0x0000000649c00000, 0x0000000649c00000|100%| E|CS|TAMS 0x0000000649800000, 0x0000000649800000| Complete 
| 261|0x0000000649c00000, 0x000000064a000000, 0x000000064a000000|100%| E|CS|TAMS 0x0000000649c00000, 0x0000000649c00000| Complete 
| 262|0x000000064a000000, 0x000000064a400000, 0x000000064a400000|100%| E|CS|TAMS 0x000000064a000000, 0x000000064a000000| Complete 
| 263|0x000000064a400000, 0x000000064a800000, 0x000000064a800000|100%| E|CS|TAMS 0x000000064a400000, 0x000000064a400000| Complete 
| 264|0x000000064a800000, 0x000000064ac00000, 0x000000064ac00000|100%| E|CS|TAMS 0x000000064a800000, 0x000000064a800000| Complete 
| 265|0x000000064ac00000, 0x000000064b000000, 0x000000064b000000|100%| E|CS|TAMS 0x000000064ac00000, 0x000000064ac00000| Complete 
| 266|0x000000064b000000, 0x000000064b400000, 0x000000064b400000|100%| E|CS|TAMS 0x000000064b000000, 0x000000064b000000| Complete 
| 267|0x000000064b400000, 0x000000064b800000, 0x000000064b800000|100%| E|CS|TAMS 0x000000064b400000, 0x000000064b400000| Complete 
| 268|0x000000064b800000, 0x000000064bc00000, 0x000000064bc00000|100%| E|CS|TAMS 0x000000064b800000, 0x000000064b800000| Complete 
| 269|0x000000064bc00000, 0x000000064c000000, 0x000000064c000000|100%| E|CS|TAMS 0x000000064bc00000, 0x000000064bc00000| Complete 
| 270|0x000000064c000000, 0x000000064c400000, 0x000000064c400000|100%| E|CS|TAMS 0x000000064c000000, 0x000000064c000000| Complete 
| 271|0x000000064c400000, 0x000000064c800000, 0x000000064c800000|100%| E|CS|TAMS 0x000000064c400000, 0x000000064c400000| Complete 
| 272|0x000000064c800000, 0x000000064cc00000, 0x000000064cc00000|100%| E|CS|TAMS 0x000000064c800000, 0x000000064c800000| Complete 
| 273|0x000000064cc00000, 0x000000064d000000, 0x000000064d000000|100%| E|CS|TAMS 0x000000064cc00000, 0x000000064cc00000| Complete 
| 274|0x000000064d000000, 0x000000064d400000, 0x000000064d400000|100%| E|CS|TAMS 0x000000064d000000, 0x000000064d000000| Complete 
| 275|0x000000064d400000, 0x000000064d800000, 0x000000064d800000|100%| E|CS|TAMS 0x000000064d400000, 0x000000064d400000| Complete 
| 276|0x000000064d800000, 0x000000064dc00000, 0x000000064dc00000|100%| E|CS|TAMS 0x000000064d800000, 0x000000064d800000| Complete 
| 277|0x000000064dc00000, 0x000000064e000000, 0x000000064e000000|100%| E|CS|TAMS 0x000000064dc00000, 0x000000064dc00000| Complete 
| 278|0x000000064e000000, 0x000000064e400000, 0x000000064e400000|100%| E|CS|TAMS 0x000000064e000000, 0x000000064e000000| Complete 
| 279|0x000000064e400000, 0x000000064e800000, 0x000000064e800000|100%| E|CS|TAMS 0x000000064e400000, 0x000000064e400000| Complete 
| 280|0x000000064e800000, 0x000000064ec00000, 0x000000064ec00000|100%| E|CS|TAMS 0x000000064e800000, 0x000000064e800000| Complete 
| 281|0x000000064ec00000, 0x000000064f000000, 0x000000064f000000|100%| E|CS|TAMS 0x000000064ec00000, 0x000000064ec00000| Complete 
| 282|0x000000064f000000, 0x000000064f400000, 0x000000064f400000|100%| E|CS|TAMS 0x000000064f000000, 0x000000064f000000| Complete 
| 283|0x000000064f400000, 0x000000064f800000, 0x000000064f800000|100%| E|CS|TAMS 0x000000064f400000, 0x000000064f400000| Complete 
| 284|0x000000064f800000, 0x000000064fc00000, 0x000000064fc00000|100%| E|CS|TAMS 0x000000064f800000, 0x000000064f800000| Complete 
| 285|0x000000064fc00000, 0x0000000650000000, 0x0000000650000000|100%| E|CS|TAMS 0x000000064fc00000, 0x000000064fc00000| Complete 
| 286|0x0000000650000000, 0x0000000650400000, 0x0000000650400000|100%| E|CS|TAMS 0x0000000650000000, 0x0000000650000000| Complete 
| 287|0x0000000650400000, 0x0000000650800000, 0x0000000650800000|100%| E|CS|TAMS 0x0000000650400000, 0x0000000650400000| Complete 
| 288|0x0000000650800000, 0x0000000650c00000, 0x0000000650c00000|100%| E|CS|TAMS 0x0000000650800000, 0x0000000650800000| Complete 
| 289|0x0000000650c00000, 0x0000000651000000, 0x0000000651000000|100%| E|CS|TAMS 0x0000000650c00000, 0x0000000650c00000| Complete 
| 290|0x0000000651000000, 0x0000000651400000, 0x0000000651400000|100%| E|CS|TAMS 0x0000000651000000, 0x0000000651000000| Complete 
| 291|0x0000000651400000, 0x0000000651800000, 0x0000000651800000|100%| E|CS|TAMS 0x0000000651400000, 0x0000000651400000| Complete 
| 292|0x0000000651800000, 0x0000000651c00000, 0x0000000651c00000|100%| E|CS|TAMS 0x0000000651800000, 0x0000000651800000| Complete 
| 293|0x0000000651c00000, 0x0000000652000000, 0x0000000652000000|100%| E|CS|TAMS 0x0000000651c00000, 0x0000000651c00000| Complete 
| 294|0x0000000652000000, 0x0000000652400000, 0x0000000652400000|100%| E|CS|TAMS 0x0000000652000000, 0x0000000652000000| Complete 
| 295|0x0000000652400000, 0x0000000652800000, 0x0000000652800000|100%| E|CS|TAMS 0x0000000652400000, 0x0000000652400000| Complete 
| 296|0x0000000652800000, 0x0000000652c00000, 0x0000000652c00000|100%| E|CS|TAMS 0x0000000652800000, 0x0000000652800000| Complete 
| 297|0x0000000652c00000, 0x0000000653000000, 0x0000000653000000|100%| E|CS|TAMS 0x0000000652c00000, 0x0000000652c00000| Complete 
|2012|0x00000007ff800000, 0x00000007ffc00000, 0x00000007ffc00000|100%| O|  |TAMS 0x00000007ffc00000, 0x00000007ffc00000| Untracked 
|2013|0x00000007ffc00000, 0x00000007fffffff8, 0x0000000800000000| 99%| O|  |TAMS 0x00000007fffffff8, 0x00000007fffffff8| Untracked 

Card table byte_map: [0x000002f27da90000,0x000002f27ea50000] _byte_map_base: 0x000002f27aa4c000

Marking Bits (Prev, Next): (CMBitMap*) 0x000002f265486c40, (CMBitMap*) 0x000002f265486c80
 Prev Bits: [0x000002f200000000, 0x000002f207de0000)
 Next Bits: [0x000002f207de0000, 0x000002f20fbc0000)

Polling page: 0x000002f265490000

Metaspace:

Usage:
  Non-class:     41.22 MB used.
      Class:      4.87 MB used.
       Both:     46.08 MB used.

Virtual space:
  Non-class space:       64.00 MB reserved,      41.62 MB ( 65%) committed,  1 nodes.
      Class space:        1.00 GB reserved,       5.19 MB ( <1%) committed,  1 nodes.
             Both:        1.06 GB reserved,      46.81 MB (  4%) committed. 

Chunk freelists:
   Non-Class:  2.17 MB
       Class:  2.77 MB
        Both:  4.94 MB

MaxMetaspaceSize: unlimited
CompressedClassSpaceSize: 1.00 GB
Initial GC threshold: 21.00 MB
Current GC threshold: 49.19 MB
CDS: on
MetaspaceReclaimPolicy: balanced
 - commit_granule_bytes: 65536.
 - commit_granule_words: 8192.
 - virtual_space_node_default_size: 8388608.
 - enlarge_chunks_in_place: 1.
 - new_chunks_are_fully_committed: 0.
 - uncommit_free_chunks: 1.
 - use_allocation_guard: 0.


Internal statistics:

num_allocs_failed_limit: 3.
num_arena_births: 992.
num_arena_deaths: 0.
num_vsnodes_births: 2.
num_vsnodes_deaths: 0.
num_space_committed: 748.
num_space_uncommitted: 0.
num_chunks_returned_to_freelist: 3.
num_chunks_taken_from_freelist: 3062.
num_chunk_merges: 3.
num_chunk_splits: 2035.
num_chunks_enlarged: 1351.
num_inconsistent_stats: 0.

CodeHeap 'non-profiled nmethods': size=120000Kb used=17565Kb max_used=17565Kb free=102434Kb
 bounds [0x000002f274810000, 0x000002f275940000, 0x000002f27bd40000]
CodeHeap 'profiled nmethods': size=120000Kb used=28168Kb max_used=28168Kb free=91832Kb
 bounds [0x000002f26d2e0000, 0x000002f26ee70000, 0x000002f274810000]
CodeHeap 'non-nmethods': size=5760Kb used=1289Kb max_used=1352Kb free=4470Kb
 bounds [0x000002f26cd40000, 0x000002f26cfb0000, 0x000002f26d2e0000]
 total_blobs=14380 nmethods=13788 adapters=503
 compilation: enabled
              stopped_count=0, restarted_count=0
 full_count=0

Compilation events (20 events):
Event: 129.384 Thread 0x000002f216831cb0 nmethod 19412 0x000002f26ee53f90 code [0x000002f26ee54120, 0x000002f26ee54268]
Event: 129.394 Thread 0x000002f2183b2cb0 19413       4       org.apache.maven.model.PluginContainer::getLocation (118 bytes)
Event: 129.402 Thread 0x000002f216831cb0 19414   !   3       org.apache.maven.model.building.DefaultModelBuilder::replaceWithInterpolatedValue (186 bytes)
Event: 129.403 Thread 0x000002f2183b2cb0 nmethod 19413 0x000002f275933b90 code [0x000002f275933d80, 0x000002f2759341e0]
Event: 129.404 Thread 0x000002f216831cb0 nmethod 19414 0x000002f26ee54310 code [0x000002f26ee546a0, 0x000002f26ee55b38]
Event: 129.404 Thread 0x000002f216831cb0 19415       3       org.apache.maven.model.merge.ModelMerger::mergeDistributionManagement_Status (43 bytes)
Event: 129.405 Thread 0x000002f216831cb0 nmethod 19415 0x000002f26ee56310 code [0x000002f26ee564e0, 0x000002f26ee56838]
Event: 129.405 Thread 0x000002f216831cb0 19416       3       org.apache.maven.model.merge.ModelMerger::mergeDistributionManagement_DownloadUrl (43 bytes)
Event: 129.405 Thread 0x000002f216831cb0 nmethod 19416 0x000002f26ee56990 code [0x000002f26ee56b60, 0x000002f26ee56eb8]
Event: 129.415 Thread 0x000002f216831cb0 19417       1       org.apache.maven.building.FileSource::getFile (5 bytes)
Event: 129.415 Thread 0x000002f216831cb0 nmethod 19417 0x000002f275934610 code [0x000002f2759347a0, 0x000002f275934878]
Event: 129.452 Thread 0x000002f216818390 19418       4       java.util.concurrent.ConcurrentHashMap::size (31 bytes)
Event: 129.453 Thread 0x000002f216818390 nmethod 19418 0x000002f275934910 code [0x000002f275934a80, 0x000002f275934b78]
Event: 129.483 Thread 0x000002f216831cb0 19419       3       org.eclipse.aether.util.graph.selector.ExclusionDependencySelector::matches (23 bytes)
Event: 129.484 Thread 0x000002f216831cb0 nmethod 19419 0x000002f26ee57010 code [0x000002f26ee571c0, 0x000002f26ee573f8]
Event: 129.494 Thread 0x000002f216818390 19422       4       java.lang.Enum::valueOf (73 bytes)
Event: 129.653 Thread 0x000002f2183b2cb0 19428       4       java.util.concurrent.locks.AbstractQueuedSynchronizer::signalNext (34 bytes)
Event: 129.654 Thread 0x000002f2183b2cb0 nmethod 19428 0x000002f275934c90 code [0x000002f275934e20, 0x000002f275934ef8]
Event: 129.654 Thread 0x000002f2183b2cb0 19429       4       java.lang.Boolean::parseBoolean (7 bytes)
Event: 130.425 Thread 0x000002f216831cb0 19420       3       java.io.FileInputStream::<init> (107 bytes)

GC Heap History (20 events):
Event: 91.536 GC heap before
{Heap before GC invocations=52 (full 0):
 garbage-first heap   total 933888K, used 780331K [0x0000000608800000, 0x0000000800000000)
  region size 4096K, 108 young (442368K), 3 survivors (12288K)
 Metaspace       used 39930K, committed 40640K, reserved 1114112K
  class space    used 4267K, committed 4608K, reserved 1048576K
}
Event: 91.541 GC heap after
{Heap after GC invocations=53 (full 0):
 garbage-first heap   total 933888K, used 343452K [0x0000000608800000, 0x0000000800000000)
  region size 4096K, 1 young (4096K), 1 survivors (4096K)
 Metaspace       used 39930K, committed 40640K, reserved 1114112K
  class space    used 4267K, committed 4608K, reserved 1048576K
}
Event: 92.831 GC heap before
{Heap before GC invocations=53 (full 0):
 garbage-first heap   total 933888K, used 789916K [0x0000000608800000, 0x0000000800000000)
  region size 4096K, 110 young (450560K), 1 survivors (4096K)
 Metaspace       used 39950K, committed 40640K, reserved 1114112K
  class space    used 4267K, committed 4608K, reserved 1048576K
}
Event: 92.842 GC heap after
{Heap after GC invocations=54 (full 0):
 garbage-first heap   total 933888K, used 347471K [0x0000000608800000, 0x0000000800000000)
  region size 4096K, 2 young (8192K), 2 survivors (8192K)
 Metaspace       used 39950K, committed 40640K, reserved 1114112K
  class space    used 4267K, committed 4608K, reserved 1048576K
}
Event: 93.883 GC heap before
{Heap before GC invocations=54 (full 0):
 garbage-first heap   total 933888K, used 793935K [0x0000000608800000, 0x0000000800000000)
  region size 4096K, 111 young (454656K), 2 survivors (8192K)
 Metaspace       used 39951K, committed 40640K, reserved 1114112K
  class space    used 4267K, committed 4608K, reserved 1048576K
}
Event: 93.944 GC heap after
{Heap after GC invocations=55 (full 0):
 garbage-first heap   total 933888K, used 383489K [0x0000000608800000, 0x0000000800000000)
  region size 4096K, 11 young (45056K), 11 survivors (45056K)
 Metaspace       used 39951K, committed 40640K, reserved 1114112K
  class space    used 4267K, committed 4608K, reserved 1048576K
}
Event: 94.816 GC heap before
{Heap before GC invocations=55 (full 0):
 garbage-first heap   total 933888K, used 780801K [0x0000000608800000, 0x0000000800000000)
  region size 4096K, 108 young (442368K), 11 survivors (45056K)
 Metaspace       used 39960K, committed 40640K, reserved 1114112K
  class space    used 4267K, committed 4608K, reserved 1048576K
}
Event: 94.843 GC heap after
{Heap after GC invocations=56 (full 0):
 garbage-first heap   total 1228800K, used 355509K [0x0000000608800000, 0x0000000800000000)
  region size 4096K, 4 young (16384K), 4 survivors (16384K)
 Metaspace       used 39960K, committed 40640K, reserved 1114112K
  class space    used 4267K, committed 4608K, reserved 1048576K
}
Event: 96.593 GC heap before
{Heap before GC invocations=56 (full 0):
 garbage-first heap   total 1228800K, used 1010869K [0x0000000608800000, 0x0000000800000000)
  region size 4096K, 164 young (671744K), 4 survivors (16384K)
 Metaspace       used 39981K, committed 40704K, reserved 1114112K
  class space    used 4267K, committed 4608K, reserved 1048576K
}
Event: 96.632 GC heap after
{Heap after GC invocations=57 (full 0):
 garbage-first heap   total 1228800K, used 377717K [0x0000000608800000, 0x0000000800000000)
  region size 4096K, 9 young (36864K), 9 survivors (36864K)
 Metaspace       used 39981K, committed 40704K, reserved 1114112K
  class space    used 4267K, committed 4608K, reserved 1048576K
}
Event: 98.868 GC heap before
{Heap before GC invocations=57 (full 0):
 garbage-first heap   total 1228800K, used 1000309K [0x0000000608800000, 0x0000000800000000)
  region size 4096K, 161 young (659456K), 9 survivors (36864K)
 Metaspace       used 39996K, committed 40704K, reserved 1114112K
  class space    used 4267K, committed 4608K, reserved 1048576K
}
Event: 98.948 GC heap after
{Heap after GC invocations=58 (full 0):
 garbage-first heap   total 1228800K, used 385114K [0x0000000608800000, 0x0000000800000000)
  region size 4096K, 11 young (45056K), 11 survivors (45056K)
 Metaspace       used 39996K, committed 40704K, reserved 1114112K
  class space    used 4267K, committed 4608K, reserved 1048576K
}
Event: 100.944 GC heap before
{Heap before GC invocations=58 (full 0):
 garbage-first heap   total 1228800K, used 999514K [0x0000000608800000, 0x0000000800000000)
  region size 4096K, 161 young (659456K), 11 survivors (45056K)
 Metaspace       used 39999K, committed 40704K, reserved 1114112K
  class space    used 4267K, committed 4608K, reserved 1048576K
}
Event: 101.023 GC heap after
{Heap after GC invocations=59 (full 0):
 garbage-first heap   total 1228800K, used 381561K [0x0000000608800000, 0x0000000800000000)
  region size 4096K, 10 young (40960K), 10 survivors (40960K)
 Metaspace       used 39999K, committed 40704K, reserved 1114112K
  class space    used 4267K, committed 4608K, reserved 1048576K
}
Event: 108.087 GC heap before
{Heap before GC invocations=59 (full 0):
 garbage-first heap   total 1228800K, used 995961K [0x0000000608800000, 0x0000000800000000)
  region size 4096K, 160 young (655360K), 10 survivors (40960K)
 Metaspace       used 42640K, committed 43328K, reserved 1114112K
  class space    used 4501K, committed 4800K, reserved 1048576K
}
Event: 108.125 GC heap after
{Heap after GC invocations=60 (full 0):
 garbage-first heap   total 1228800K, used 380176K [0x0000000608800000, 0x0000000800000000)
  region size 4096K, 10 young (40960K), 10 survivors (40960K)
 Metaspace       used 42640K, committed 43328K, reserved 1114112K
  class space    used 4501K, committed 4800K, reserved 1048576K
}
Event: 118.206 GC heap before
{Heap before GC invocations=60 (full 0):
 garbage-first heap   total 1228800K, used 1006864K [0x0000000608800000, 0x0000000800000000)
  region size 4096K, 163 young (667648K), 10 survivors (40960K)
 Metaspace       used 43010K, committed 43712K, reserved 1114112K
  class space    used 4521K, committed 4864K, reserved 1048576K
}
Event: 118.253 GC heap after
{Heap after GC invocations=61 (full 0):
 garbage-first heap   total 1228800K, used 393098K [0x0000000608800000, 0x0000000800000000)
  region size 4096K, 13 young (53248K), 13 survivors (53248K)
 Metaspace       used 43010K, committed 43712K, reserved 1114112K
  class space    used 4521K, committed 4864K, reserved 1048576K
}
Event: 123.664 GC heap before
{Heap before GC invocations=61 (full 0):
 garbage-first heap   total 1228800K, used 1019786K [0x0000000608800000, 0x0000000800000000)
  region size 4096K, 166 young (679936K), 13 survivors (53248K)
 Metaspace       used 43283K, committed 43968K, reserved 1114112K
  class space    used 4532K, committed 4864K, reserved 1048576K
}
Event: 123.717 GC heap after
{Heap after GC invocations=62 (full 0):
 garbage-first heap   total 1228800K, used 406658K [0x0000000608800000, 0x0000000800000000)
  region size 4096K, 12 young (49152K), 12 survivors (49152K)
 Metaspace       used 43283K, committed 43968K, reserved 1114112K
  class space    used 4532K, committed 4864K, reserved 1048576K
}

Deoptimization events (20 events):
Event: 129.200 Thread 0x000002f21849bbb0 Uncommon trap: trap_request=0xffffffc6 fr.pc=0x000002f275918f48 relative=0x0000000000000228
Event: 129.200 Thread 0x000002f218c373b0 DEOPT PACKING pc=0x000002f275918f48 sp=0x000000fa756feef0
Event: 129.200 Thread 0x000002f21849e700 Uncommon trap: trap_request=0xffffffc6 fr.pc=0x000002f275918f48 relative=0x0000000000000228
Event: 129.200 Thread 0x000002f218c373b0 DEOPT UNPACKING pc=0x000002f26cd923a3 sp=0x000000fa756feeb8 mode 2
Event: 129.200 Thread 0x000002f21849dd60 Uncommon trap: reason=bimorphic_or_optimized_type_check action=maybe_recompile pc=0x000002f275918f48 method=java.util.concurrent.locks.AbstractQueuedSynchronizer.acquire(I)V @ 2 c2
Event: 129.200 Thread 0x000002f21849d3c0 Uncommon trap: trap_request=0xffffffc6 fr.pc=0x000002f275918f48 relative=0x0000000000000228
Event: 129.200 Thread 0x000002f21849cef0 Uncommon trap: reason=bimorphic_or_optimized_type_check action=maybe_recompile pc=0x000002f275918f48 method=java.util.concurrent.locks.AbstractQueuedSynchronizer.acquire(I)V @ 2 c2
Event: 129.201 Thread 0x000002f21849bbb0 Uncommon trap: reason=bimorphic_or_optimized_type_check action=maybe_recompile pc=0x000002f275918f48 method=java.util.concurrent.locks.AbstractQueuedSynchronizer.acquire(I)V @ 2 c2
Event: 129.201 Thread 0x000002f21849e700 Uncommon trap: reason=bimorphic_or_optimized_type_check action=maybe_recompile pc=0x000002f275918f48 method=java.util.concurrent.locks.AbstractQueuedSynchronizer.acquire(I)V @ 2 c2
Event: 129.201 Thread 0x000002f21849d3c0 Uncommon trap: reason=bimorphic_or_optimized_type_check action=maybe_recompile pc=0x000002f275918f48 method=java.util.concurrent.locks.AbstractQueuedSynchronizer.acquire(I)V @ 2 c2
Event: 129.201 Thread 0x000002f21849dd60 DEOPT PACKING pc=0x000002f275918f48 sp=0x000000fa76dff4f0
Event: 129.201 Thread 0x000002f21849dd60 DEOPT UNPACKING pc=0x000002f26cd923a3 sp=0x000000fa76dff4b8 mode 2
Event: 129.201 Thread 0x000002f21849cef0 DEOPT PACKING pc=0x000002f275918f48 sp=0x000000fa783ff0c0
Event: 129.201 Thread 0x000002f21849cef0 DEOPT UNPACKING pc=0x000002f26cd923a3 sp=0x000000fa783ff088 mode 2
Event: 129.201 Thread 0x000002f21849bbb0 DEOPT PACKING pc=0x000002f275918f48 sp=0x000000fa784ff460
Event: 129.201 Thread 0x000002f21849bbb0 DEOPT UNPACKING pc=0x000002f26cd923a3 sp=0x000000fa784ff428 mode 2
Event: 129.202 Thread 0x000002f21849e700 DEOPT PACKING pc=0x000002f275918f48 sp=0x000000fa786ff5c0
Event: 129.202 Thread 0x000002f21849e700 DEOPT UNPACKING pc=0x000002f26cd923a3 sp=0x000000fa786ff588 mode 2
Event: 129.202 Thread 0x000002f21849d3c0 DEOPT PACKING pc=0x000002f275918f48 sp=0x000000fa789ff3a0
Event: 129.202 Thread 0x000002f21849d3c0 DEOPT UNPACKING pc=0x000002f26cd923a3 sp=0x000000fa789ff368 mode 2

Classes loaded (20 events):
Event: 128.838 Loading class java/util/zip/Deflater$DeflaterZStreamRef
Event: 128.838 Loading class java/util/zip/Deflater$DeflaterZStreamRef done
Event: 128.841 Loading class java/io/SequenceInputStream
Event: 128.841 Loading class java/io/SequenceInputStream done
Event: 128.884 Loading class java/util/concurrent/ThreadPoolExecutor$Worker
Event: 128.885 Loading class java/util/concurrent/ThreadPoolExecutor$Worker done
Event: 128.916 Loading class java/util/concurrent/locks/AbstractQueuedSynchronizer$ExclusiveNode
Event: 128.916 Loading class java/util/concurrent/locks/AbstractQueuedSynchronizer$ExclusiveNode done
Event: 128.966 Loading class java/util/concurrent/ConcurrentLinkedQueue$Itr
Event: 128.967 Loading class java/util/concurrent/ConcurrentLinkedQueue$Itr done
Event: 128.973 Loading class java/nio/StringCharBuffer
Event: 128.974 Loading class java/nio/StringCharBuffer done
Event: 128.975 Loading class java/lang/StrictMath
Event: 128.976 Loading class java/lang/StrictMath done
Event: 128.981 Loading class java/util/concurrent/ConcurrentLinkedDeque$Itr
Event: 128.982 Loading class java/util/concurrent/ConcurrentLinkedDeque$AbstractItr
Event: 128.982 Loading class java/util/concurrent/ConcurrentLinkedDeque$AbstractItr done
Event: 128.982 Loading class java/util/concurrent/ConcurrentLinkedDeque$Itr done
Event: 129.195 Loading class java/util/concurrent/locks/AbstractQueuedSynchronizer$ConditionNode
Event: 129.196 Loading class java/util/concurrent/locks/AbstractQueuedSynchronizer$ConditionNode done

Classes unloaded (0 events):
No events

Classes redefined (0 events):
No events

Internal exceptions (20 events):
Event: 124.662 Thread 0x000002f2653d1a40 Exception <a 'sun/nio/fs/WindowsException'{0x000000064bca9cd0}> (0x000000064bca9cd0) 
thrown [s\open\src\hotspot\share\prims\jni.cpp, line 516]
Event: 124.662 Thread 0x000002f2653d1a40 Exception <a 'sun/nio/fs/WindowsException'{0x000000064bcaa5a0}> (0x000000064bcaa5a0) 
thrown [s\open\src\hotspot\share\prims\jni.cpp, line 516]
Event: 124.666 Thread 0x000002f2653d1a40 Exception <a 'sun/nio/fs/WindowsException'{0x000000064bd65788}> (0x000000064bd65788) 
thrown [s\open\src\hotspot\share\prims\jni.cpp, line 516]
Event: 124.666 Thread 0x000002f2653d1a40 Exception <a 'sun/nio/fs/WindowsException'{0x000000064bd65e58}> (0x000000064bd65e58) 
thrown [s\open\src\hotspot\share\prims\jni.cpp, line 516]
Event: 124.666 Thread 0x000002f2653d1a40 Exception <a 'sun/nio/fs/WindowsException'{0x000000064bd66730}> (0x000000064bd66730) 
thrown [s\open\src\hotspot\share\prims\jni.cpp, line 516]
Event: 124.673 Thread 0x000002f2653d1a40 Exception <a 'sun/nio/fs/WindowsException'{0x000000064be379c0}> (0x000000064be379c0) 
thrown [s\open\src\hotspot\share\prims\jni.cpp, line 516]
Event: 124.673 Thread 0x000002f2653d1a40 Exception <a 'sun/nio/fs/WindowsException'{0x000000064be38098}> (0x000000064be38098) 
thrown [s\open\src\hotspot\share\prims\jni.cpp, line 516]
Event: 124.673 Thread 0x000002f2653d1a40 Exception <a 'sun/nio/fs/WindowsException'{0x000000064be389c0}> (0x000000064be389c0) 
thrown [s\open\src\hotspot\share\prims\jni.cpp, line 516]
Event: 125.640 Thread 0x000002f2653d1a40 Implicit null exception at 0x000002f274bf82d0 to 0x000002f274bf8530
Event: 125.773 Thread 0x000002f218c373b0 Exception <a 'java/lang/NoSuchMethodError'{0x000000064a689ba8}: 'java.lang.Object java.lang.invoke.DirectMethodHandle$Holder.invokeStatic(java.lang.Object, java.lang.Object, long, java.lang.Object)'> (0x000000064a689ba8) 
thrown [s\open\src\hotspot\share\interpreter\linkResolver.cpp, line 759]
Event: 125.774 Thread 0x000002f218c373b0 Exception <a 'java/lang/NoSuchMethodError'{0x000000064a68d0d0}: 'java.lang.Object java.lang.invoke.DirectMethodHandle$Holder.invokeStaticInit(java.lang.Object, java.lang.Object, long, java.lang.Object)'> (0x000000064a68d0d0) 
thrown [s\open\src\hotspot\share\interpreter\linkResolver.cpp, line 759]
Event: 125.774 Thread 0x000002f218c373b0 Exception <a 'java/lang/NoSuchMethodError'{0x000000064a6934f0}: 'java.lang.Object java.lang.invoke.DirectMethodHandle$Holder.newInvokeSpecial(java.lang.Object, java.lang.Object, long)'> (0x000000064a6934f0) 
thrown [s\open\src\hotspot\share\interpreter\linkResolver.cpp, line 759]
Event: 125.774 Thread 0x000002f218c373b0 Exception <a 'java/lang/NoSuchMethodError'{0x000000064a696f38}: 'java.lang.Object java.lang.invoke.Invokers$Holder.linkToTargetMethod(java.lang.Object, long, java.lang.Object)'> (0x000000064a696f38) 
thrown [s\open\src\hotspot\share\interpreter\linkResolver.cpp, line 759]
Event: 125.777 Thread 0x000002f218c373b0 Exception <a 'java/lang/NoSuchMethodError'{0x000000064a69aa38}: 'long java.lang.invoke.DirectMethodHandle$Holder.invokeInterface(java.lang.Object, java.lang.Object)'> (0x000000064a69aa38) 
thrown [s\open\src\hotspot\share\interpreter\linkResolver.cpp, line 759]
Event: 125.777 Thread 0x000002f218c373b0 Exception <a 'java/lang/NoSuchMethodError'{0x000000064a69e1e8}: 'long java.lang.invoke.DelegatingMethodHandle$Holder.reinvoke_L(java.lang.Object, java.lang.Object)'> (0x000000064a69e1e8) 
thrown [s\open\src\hotspot\share\interpreter\linkResolver.cpp, line 759]
Event: 128.886 Thread 0x000002f218c373b0 Implicit null exception at 0x000002f275589c15 to 0x000002f27558acf0
Event: 128.887 Thread 0x000002f218c37880 Implicit null exception at 0x000002f274addcd0 to 0x000002f274ade274
Event: 128.887 Thread 0x000002f21849d890 Implicit null exception at 0x000002f274adbefc to 0x000002f274adc078
Event: 128.888 Thread 0x000002f21849b6e0 Implicit null exception at 0x000002f274adc683 to 0x000002f274adc7fc
Event: 128.893 Thread 0x000002f218c373b0 Implicit null exception at 0x000002f274adeb9f to 0x000002f274aded14

VM Operations (20 events):
Event: 126.244 Executing VM operation: HandshakeAllThreads done
Event: 126.683 Executing VM operation: HandshakeAllThreads
Event: 126.683 Executing VM operation: HandshakeAllThreads done
Event: 126.717 Executing VM operation: HandshakeAllThreads
Event: 126.717 Executing VM operation: HandshakeAllThreads done
Event: 126.717 Executing VM operation: Cleanup
Event: 126.717 Executing VM operation: Cleanup done
Event: 127.722 Executing VM operation: Cleanup
Event: 127.723 Executing VM operation: Cleanup done
Event: 128.729 Executing VM operation: Cleanup
Event: 128.729 Executing VM operation: Cleanup done
Event: 128.834 Executing VM operation: HandshakeAllThreads
Event: 128.834 Executing VM operation: HandshakeAllThreads done
Event: 128.858 Executing VM operation: HandshakeAllThreads
Event: 128.858 Executing VM operation: HandshakeAllThreads done
Event: 128.964 Executing VM operation: HandshakeAllThreads
Event: 128.964 Executing VM operation: HandshakeAllThreads done
Event: 129.200 Executing VM operation: HandshakeAllThreads
Event: 129.200 Executing VM operation: HandshakeAllThreads done
Event: 130.200 Executing VM operation: Cleanup

Events (20 events):
Event: 128.888 Thread 0x000002f21849e230 Thread added: 0x000002f21849e230
Event: 128.888 Thread 0x000002f21849c550 Thread added: 0x000002f21849c550
Event: 128.889 Thread 0x000002f21849d3c0 Thread added: 0x000002f21849d3c0
Event: 128.889 Thread 0x000002f21849ad40 Thread added: 0x000002f21849ad40
Event: 128.895 Thread 0x000002f2183b2cb0 Thread added: 0x000002f2183b2cb0
Event: 128.906 Thread 0x000002f2183b4b10 Thread added: 0x000002f2183b4b10
Event: 129.201 Thread 0x000002f21849c550 Thread exited: 0x000002f21849c550
Event: 129.201 Thread 0x000002f21849b210 Thread exited: 0x000002f21849b210
Event: 129.201 Thread 0x000002f21849d890 Thread exited: 0x000002f21849d890
Event: 129.201 Thread 0x000002f21849b6e0 Thread exited: 0x000002f21849b6e0
Event: 129.201 Thread 0x000002f21849ad40 Thread exited: 0x000002f21849ad40
Event: 129.201 Thread 0x000002f218c37880 Thread exited: 0x000002f218c37880
Event: 129.201 Thread 0x000002f21849c080 Thread exited: 0x000002f21849c080
Event: 129.201 Thread 0x000002f218c373b0 Thread exited: 0x000002f218c373b0
Event: 129.201 Thread 0x000002f21849e230 Thread exited: 0x000002f21849e230
Event: 129.202 Thread 0x000002f21849dd60 Thread exited: 0x000002f21849dd60
Event: 129.202 Thread 0x000002f21849cef0 Thread exited: 0x000002f21849cef0
Event: 129.202 Thread 0x000002f21849bbb0 Thread exited: 0x000002f21849bbb0
Event: 129.202 Thread 0x000002f21849e700 Thread exited: 0x000002f21849e700
Event: 129.202 Thread 0x000002f21849d3c0 Thread exited: 0x000002f21849d3c0


Dynamic libraries:
0x00007ff76b760000 - 0x00007ff76b770000 	C:\Program Files\java\jdk-18.0.2.1\bin\java.exe
0x00007ffae5680000 - 0x00007ffae58e8000 	C:\WINDOWS\SYSTEM32\ntdll.dll
0x00007ffae3b80000 - 0x00007ffae3c49000 	C:\WINDOWS\System32\KERNEL32.DLL
0x00007ffae2990000 - 0x00007ffae2d82000 	C:\WINDOWS\System32\KERNELBASE.dll
0x00007ffae2d90000 - 0x00007ffae2edb000 	C:\WINDOWS\System32\ucrtbase.dll
0x00007ffad0900000 - 0x00007ffad091a000 	C:\Program Files\java\jdk-18.0.2.1\bin\VCRUNTIME140.dll
0x00007ffad0610000 - 0x00007ffad0628000 	C:\Program Files\java\jdk-18.0.2.1\bin\jli.dll
0x00007ffae3740000 - 0x00007ffae37f4000 	C:\WINDOWS\System32\ADVAPI32.dll
0x00007ffae39a0000 - 0x00007ffae3a49000 	C:\WINDOWS\System32\msvcrt.dll
0x00007ffae34d0000 - 0x00007ffae3576000 	C:\WINDOWS\System32\sechost.dll
0x00007ffae4700000 - 0x00007ffae4818000 	C:\WINDOWS\System32\RPCRT4.dll
0x00007ffae4530000 - 0x00007ffae46f5000 	C:\WINDOWS\System32\USER32.dll
0x00007ffabbba0000 - 0x00007ffabbe33000 	C:\WINDOWS\WinSxS\amd64_microsoft.windows.common-controls_6595b64144ccf1df_6.0.26100.6899_none_3e0efeeae32e88c1\COMCTL32.dll
0x00007ffae31a0000 - 0x00007ffae31c7000 	C:\WINDOWS\System32\win32u.dll
0x00007ffae38a0000 - 0x00007ffae38cb000 	C:\WINDOWS\System32\GDI32.dll
0x00007ffae3280000 - 0x00007ffae33ad000 	C:\WINDOWS\System32\gdi32full.dll
0x00007ffae31d0000 - 0x00007ffae3273000 	C:\WINDOWS\System32\msvcp_win.dll
0x00007ffac37c0000 - 0x00007ffac37cb000 	C:\WINDOWS\SYSTEM32\VERSION.dll
0x00007ffae5600000 - 0x00007ffae562f000 	C:\WINDOWS\System32\IMM32.DLL
0x00007ffad05d0000 - 0x00007ffad05dc000 	C:\Program Files\java\jdk-18.0.2.1\bin\vcruntime140_1.dll
0x00007ffacf4f0000 - 0x00007ffacf57d000 	C:\Program Files\java\jdk-18.0.2.1\bin\msvcp140.dll
0x00007ffa79ce0000 - 0x00007ffa7a8f1000 	C:\Program Files\java\jdk-18.0.2.1\bin\server\jvm.dll
0x00007ffae3810000 - 0x00007ffae3818000 	C:\WINDOWS\System32\PSAPI.DLL
0x00007ffacf2a0000 - 0x00007ffacf2d5000 	C:\WINDOWS\SYSTEM32\WINMM.dll
0x00007ffab73c0000 - 0x00007ffab73ca000 	C:\WINDOWS\SYSTEM32\WSOCK32.dll
0x00007ffae3b00000 - 0x00007ffae3b74000 	C:\WINDOWS\System32\WS2_32.dll
0x00007ffae15a0000 - 0x00007ffae15bb000 	C:\WINDOWS\SYSTEM32\kernel.appcore.dll
0x00007ffad05b0000 - 0x00007ffad05ba000 	C:\Program Files\java\jdk-18.0.2.1\bin\jimage.dll
0x00007ffadfe60000 - 0x00007ffae00a2000 	C:\WINDOWS\SYSTEM32\DBGHELP.DLL
0x00007ffae4b10000 - 0x00007ffae4e8b000 	C:\WINDOWS\System32\combase.dll
0x00007ffae4a20000 - 0x00007ffae4af7000 	C:\WINDOWS\System32\OLEAUT32.dll
0x00007ffac0410000 - 0x00007ffac044c000 	C:\WINDOWS\SYSTEM32\dbgcore.DLL
0x00007ffae33b0000 - 0x00007ffae3448000 	C:\WINDOWS\System32\bcryptPrimitives.dll
0x00007ffad02b0000 - 0x00007ffad02d5000 	C:\Program Files\java\jdk-18.0.2.1\bin\java.dll
0x00007ffab1f00000 - 0x00007ffab1fd6000 	C:\Program Files\java\jdk-18.0.2.1\bin\jsvml.dll
0x00007ffae3c50000 - 0x00007ffae439d000 	C:\WINDOWS\System32\SHELL32.dll
0x00007ffae2f70000 - 0x00007ffae30db000 	C:\WINDOWS\System32\wintypes.dll
0x00007ffae0420000 - 0x00007ffae0c7d000 	C:\WINDOWS\SYSTEM32\windows.storage.dll
0x00007ffae5070000 - 0x00007ffae5162000 	C:\WINDOWS\System32\SHCORE.dll
0x00007ffae38d0000 - 0x00007ffae3932000 	C:\WINDOWS\System32\shlwapi.dll
0x00007ffae2730000 - 0x00007ffae2759000 	C:\WINDOWS\SYSTEM32\profapi.dll
0x00007ffad0370000 - 0x00007ffad0383000 	C:\Program Files\java\jdk-18.0.2.1\bin\net.dll
0x00007ffadc030000 - 0x00007ffadc14f000 	C:\WINDOWS\SYSTEM32\WINHTTP.dll
0x00007ffae1af0000 - 0x00007ffae1b5b000 	C:\WINDOWS\system32\mswsock.dll
0x00007ffad0290000 - 0x00007ffad02a6000 	C:\Program Files\java\jdk-18.0.2.1\bin\nio.dll
0x00007ffad0440000 - 0x00007ffad0458000 	C:\Program Files\java\jdk-18.0.2.1\bin\zip.dll
0x0000000069ac0000 - 0x0000000069ae4000 	C:\Program Files\Maven\apache-maven-3.9.3\lib\jansi-native\Windows\x86_64\jansi.dll
0x00007ffad0590000 - 0x00007ffad05a0000 	C:\Program Files\java\jdk-18.0.2.1\bin\verify.dll

dbghelp: loaded successfully - version: 4.0.5 - missing functions: none
symbol engine: initialized successfully - sym options: 0x614 - pdb path: .;C:\Program Files\java\jdk-18.0.2.1\bin;C:\WINDOWS\SYSTEM32;C:\WINDOWS\WinSxS\amd64_microsoft.windows.common-controls_6595b64144ccf1df_6.0.26100.6899_none_3e0efeeae32e88c1;C:\Program Files\java\jdk-18.0.2.1\bin\server;C:\Program Files\Maven\apache-maven-3.9.3\lib\jansi-native\Windows\x86_64

VM Arguments:
jvm_args: -Dclassworlds.conf=C:\Program Files\Maven\apache-maven-3.9.3\bin\m2.conf -Dmaven.home=C:\Program Files\Maven\apache-maven-3.9.3 -Dlibrary.jansi.path=C:\Program Files\Maven\apache-maven-3.9.3\lib\jansi-native -Dmaven.multiModuleProjectDirectory=C:\WebgramProjet\projet-dgpsn\Dgpsn-backend 
java_command: org.codehaus.plexus.classworlds.launcher.Launcher clean package
java_class_path (initial): C:\Program Files\Maven\apache-maven-3.9.3\boot\plexus-classworlds-2.7.0.jar
Launcher Type: SUN_STANDARD

[Global flags]
     intx CICompilerCount                          = 4                                         {product} {ergonomic}
     uint ConcGCThreads                            = 3                                         {product} {ergonomic}
     uint G1ConcRefinementThreads                  = 11                                        {product} {ergonomic}
   size_t G1HeapRegionSize                         = 4194304                                   {product} {ergonomic}
    uintx GCDrainStackTargetSize                   = 64                                        {product} {ergonomic}
   size_t InitialHeapSize                          = 528482304                                 {product} {ergonomic}
   size_t MarkStackSize                            = 4194304                                   {product} {ergonomic}
   size_t MaxHeapSize                              = 8447328256                                {product} {ergonomic}
   size_t MaxNewSize                               = 5066719232                                {product} {ergonomic}
   size_t MinHeapDeltaBytes                        = 4194304                                   {product} {ergonomic}
   size_t MinHeapSize                              = 8388608                                   {product} {ergonomic}
    uintx NonNMethodCodeHeapSize                   = 5839372                                {pd product} {ergonomic}
    uintx NonProfiledCodeHeapSize                  = 122909434                              {pd product} {ergonomic}
    uintx ProfiledCodeHeapSize                     = 122909434                              {pd product} {ergonomic}
    uintx ReservedCodeCacheSize                    = 251658240                              {pd product} {ergonomic}
     bool SegmentedCodeCache                       = true                                      {product} {ergonomic}
   size_t SoftMaxHeapSize                          = 8447328256                             {manageable} {ergonomic}
     bool UseCompressedClassPointers               = true                           {product lp64_product} {ergonomic}
     bool UseCompressedOops                        = true                           {product lp64_product} {ergonomic}
     bool UseG1GC                                  = true                                      {product} {ergonomic}
     bool UseLargePagesIndividualAllocation        = false                                  {pd product} {ergonomic}

Logging:
Log output configuration:
 #0: stdout all=warning uptime,level,tags foldmultilines=false
 #1: stderr all=off uptime,level,tags foldmultilines=false

Environment Variables:
JAVA_HOME=C:\Program Files\java\jdk-18.0.2.1
PATH=C:\Program Files\Common Files\Oracle\Java\javapath;C:\WINDOWS\system32;C:\WINDOWS;C:\WINDOWS\System32\Wbem;C:\WINDOWS\System32\WindowsPowerShell\v1.0\;C:\WINDOWS\System32\OpenSSH\;C:\Program Files\PuTTY\;C:\Program Files\nodejs;C:\Program Files\java\jdk-18.0.2.1\bin;C:\Program Files\Maven\apache-maven-3.9.3\bin;C:\Program Files\nodejs\;C:\Program Files\Docker\Docker\resources\bin;C:\ProgramData\chocolatey\bin;C:\Program Files\Git\cmd;C:\flutter\bin;C:\Users\DELL\AppData\Local\Programs\Python\Python313\Scripts\;C:\Users\DELL\AppData\Local\Programs\Python\Python313\;C:\Users\DELL\AppData\Local\Microsoft\WindowsApps;C:\Users\DELL\AppData\Local\Programs\Microsoft VS Code\bin;C:\Program Files\JetBrains\IntelliJ IDEA 2024.3.5\bin;;C:\Users\DELL\AppData\Roaming\npm;C:\Program Files\JetBrains\PyCharm 2024.3.5\bin;;C:\Program Files\Heroku\bin;C:\newProjet-flutter\flutter\bin;C:\Users\DELL\AppData\Local\Programs\cursor\resources\app\bin
USERNAME=DELL
OS=Windows_NT
PROCESSOR_IDENTIFIER=Intel64 Family 6 Model 170 Stepping 4, GenuineIntel



---------------  S Y S T E M  ---------------

OS:
 Windows 11 , 64 bit Build 26100 (10.0.26100.6725)
OS uptime: 12 days 8:34 hours
Hyper-V role detected

CPU: total 14 (initial active 14) (7 cores per cpu, 2 threads per core) family 6 model 170 stepping 4 microcode 0x24, cx8, cmov, fxsr, ht, mmx, 3dnowpref, sse, sse2, sse3, ssse3, sse4.1, sse4.2, popcnt, lzcnt, tsc, tscinvbit, avx, avx2, aes, erms, clmul, bmi1, bmi2, adx, sha, fma, vzeroupper, clflush, clflushopt, clwb, hv, serialize

Memory: 4k page, system-wide physical 32212M (1426M free)
TotalPageFile size 93137M (AvailPageFile size 2M)
current process WorkingSet (physical memory assigned to process): 1435M, peak: 1438M
current process commit charge ("private bytes"): 1497M, peak: 1503M

vm_info: Java HotSpot(TM) 64-Bit Server VM (18.0.2.1+1-1) for windows-amd64 JRE (18.0.2.1+1-1), built on Aug 16 2022 01:46:33 by "mach5one" with MS VC++ 16.8 / 16.9 (VS2019)

END.
