#
# There is insufficient memory for the Java Runtime Environment to continue.
# Native memory allocation (mmap) failed to map 125829120 bytes for G1 virtual space
# Possible reasons:
#   The system is out of physical RAM or swap space
#   The process is running with CompressedOops enabled, and the Java Heap may be blocking the growth of the native heap
# Possible solutions:
#   Reduce memory load on the system
#   Increase physical memory or swap space
#   Check if swap backing store is full
#   Decrease Java heap size (-Xmx/-Xms)
#   Decrease number of Java threads
#   Decrease Java thread stack sizes (-Xss)
#   Set larger code cache with -XX:ReservedCodeCacheSize=
#   JVM is running with Zero Based Compressed Oops mode in which the Java heap is
#     placed in the first 32GB address space. The Java Heap base address is the
#     maximum limit for the native heap growth. Please use -XX:HeapBaseMinAddress
#     to set the Java Heap base and to place the Java Heap above 32GB virtual address.
# This output file may be truncated or incomplete.
#
#  Out of Memory Error (os_windows.cpp:3530), pid=43308, tid=53328
#
# JRE version: Java(TM) SE Runtime Environment (18.0.2.1+1) (build 18.0.2.1+1-1)
# Java VM: Java HotSpot(TM) 64-Bit Server VM (18.0.2.1+1-1, mixed mode, sharing, tiered, compressed oops, compressed class ptrs, g1 gc, windows-amd64)
# No core dump will be written. Minidumps are not enabled by default on client versions of Windows
#

---------------  S U M M A R Y ------------

Command Line: -Dclassworlds.conf=C:\Program Files\Maven\apache-maven-3.9.3\bin\m2.conf -Dmaven.home=C:\Program Files\Maven\apache-maven-3.9.3 -Dlibrary.jansi.path=C:\Program Files\Maven\apache-maven-3.9.3\lib\jansi-native -Dmaven.multiModuleProjectDirectory=C:\WebgramProjet\projet-dgpsn\Dgpsn-backend org.codehaus.plexus.classworlds.launcher.Launcher clean package

Host: Intel(R) Core(TM) Ultra 7 165U, 14 cores, 31G,  Windows 11 , 64 bit Build 26100 (10.0.26100.6725)
Time: Tue Nov  4 18:59:24 2025 Greenwich elapsed time: 52.687039 seconds (0d 0h 0m 52s)

---------------  T H R E A D  ---------------

Current thread (0x000001c37d281070):  VMThread "VM Thread" [stack: 0x0000002f87e00000,0x0000002f87f00000] [id=53328]

Stack: [0x0000002f87e00000,0x0000002f87f00000]
Native frames: (J=compiled Java code, j=interpreted, Vv=VM code, C=native code)
V  [jvm.dll+0x6993aa]
V  [jvm.dll+0x7f46dd]
V  [jvm.dll+0x7f5fee]
V  [jvm.dll+0x7f66a3]
V  [jvm.dll+0x25cf1f]
V  [jvm.dll+0x6962f9]
V  [jvm.dll+0x68ae2a]
V  [jvm.dll+0x32255b]
V  [jvm.dll+0x329f36]
V  [jvm.dll+0x37eade]
V  [jvm.dll+0x37ed0f]
V  [jvm.dll+0x2fa2da]
V  [jvm.dll+0x2fa387]
V  [jvm.dll+0x33e8c2]
V  [jvm.dll+0x33ce64]
V  [jvm.dll+0x2f9ab0]
V  [jvm.dll+0x33c43b]
V  [jvm.dll+0x7fb48b]
V  [jvm.dll+0x7fc224]
V  [jvm.dll+0x7fc75c]
V  [jvm.dll+0x7fcbb4]
V  [jvm.dll+0x7fcc77]
V  [jvm.dll+0x7a120a]
V  [jvm.dll+0x698255]
C  [ucrtbase.dll+0x37b0]
C  [KERNEL32.DLL+0x2e8d7]
C  [ntdll.dll+0x8c53c]

VM_Operation (0x0000002f878fc5a0): G1CollectForAllocation, mode: safepoint, requested by thread 0x000001c36a5b1c80


---------------  P R O C E S S  ---------------

Threads class SMR info:
_java_thread_list=0x000001c31b8c4860, length=12, elements={
0x000001c36a5b1c80, 0x000001c37d425b60, 0x000001c37d428080, 0x000001c37d446830,
0x000001c37d4470e0, 0x000001c37d4485f0, 0x000001c37d449b00, 0x000001c37d44cf60,
0x000001c37d455560, 0x000001c37d456a70, 0x000001c31b25bf00, 0x000001c31b25e640
}

Java Threads: ( => current thread )
  0x000001c36a5b1c80 JavaThread "main" [_thread_blocked, id=27524, stack(0x0000002f87800000,0x0000002f87900000)]
  0x000001c37d425b60 JavaThread "Reference Handler" daemon [_thread_blocked, id=31172, stack(0x0000002f87f00000,0x0000002f88000000)]
  0x000001c37d428080 JavaThread "Finalizer" daemon [_thread_blocked, id=6048, stack(0x0000002f88000000,0x0000002f88100000)]
  0x000001c37d446830 JavaThread "Signal Dispatcher" daemon [_thread_blocked, id=27184, stack(0x0000002f88100000,0x0000002f88200000)]
  0x000001c37d4470e0 JavaThread "Attach Listener" daemon [_thread_blocked, id=50380, stack(0x0000002f88200000,0x0000002f88300000)]
  0x000001c37d4485f0 JavaThread "Service Thread" daemon [_thread_blocked, id=28968, stack(0x0000002f88300000,0x0000002f88400000)]
  0x000001c37d449b00 JavaThread "Monitor Deflation Thread" daemon [_thread_blocked, id=12208, stack(0x0000002f88400000,0x0000002f88500000)]
  0x000001c37d44cf60 JavaThread "C2 CompilerThread0" daemon [_thread_blocked, id=33380, stack(0x0000002f88500000,0x0000002f88600000)]
  0x000001c37d455560 JavaThread "C1 CompilerThread0" daemon [_thread_blocked, id=40708, stack(0x0000002f88600000,0x0000002f88700000)]
  0x000001c37d456a70 JavaThread "Sweeper thread" daemon [_thread_blocked, id=34164, stack(0x0000002f88700000,0x0000002f88800000)]
  0x000001c31b25bf00 JavaThread "Notification Thread" daemon [_thread_blocked, id=56056, stack(0x0000002f88800000,0x0000002f88900000)]
  0x000001c31b25e640 JavaThread "Common-Cleaner" daemon [_thread_blocked, id=48080, stack(0x0000002f88a00000,0x0000002f88b00000)]

Other Threads:
=>0x000001c37d281070 VMThread "VM Thread" [stack: 0x0000002f87e00000,0x0000002f87f00000] [id=53328]
  0x000001c31b25e3d0 WatcherThread "VM Periodic Task Thread" [stack: 0x0000002f88900000,0x0000002f88a00000] [id=42972]
  0x000001c36a6659d0 WorkerThread "GC Thread#0" [stack: 0x0000002f87900000,0x0000002f87a00000] [id=41032]
  0x000001c31b9e0f80 WorkerThread "GC Thread#1" [stack: 0x0000002f88d00000,0x0000002f88e00000] [id=48792]
  0x000001c31bea9d60 WorkerThread "GC Thread#2" [stack: 0x0000002f88e00000,0x0000002f88f00000] [id=49256]
  0x000001c31beaa610 WorkerThread "GC Thread#3" [stack: 0x0000002f88f00000,0x0000002f89000000] [id=28380]
  0x000001c31beaa8b0 WorkerThread "GC Thread#4" [stack: 0x0000002f89000000,0x0000002f89100000] [id=53356]
  0x000001c31beaaf60 WorkerThread "GC Thread#5" [stack: 0x0000002f89100000,0x0000002f89200000] [id=49800]
  0x000001c31bce0ed0 WorkerThread "GC Thread#6" [stack: 0x0000002f89200000,0x0000002f89300000] [id=21580]
  0x000001c31c075580 WorkerThread "GC Thread#7" [stack: 0x0000002f89300000,0x0000002f89400000] [id=7228]
  0x000001c31c075040 WorkerThread "GC Thread#8" [stack: 0x0000002f89400000,0x0000002f89500000] [id=20144]
  0x000001c31c075ac0 WorkerThread "GC Thread#9" [stack: 0x0000002f89500000,0x0000002f89600000] [id=49120]
  0x000001c31c075820 WorkerThread "GC Thread#10" [stack: 0x0000002f89600000,0x0000002f89700000] [id=5500]
  0x000001c36a66e6d0 ConcurrentGCThread "G1 Main Marker" [stack: 0x0000002f87a00000,0x0000002f87b00000] [id=51192]
  0x000001c37d278c50 WorkerThread "G1 Conc#0" [stack: 0x0000002f87b00000,0x0000002f87c00000] [id=24140]
  0x000001c31d07f1e0 WorkerThread "G1 Conc#1" [stack: 0x0000002f89700000,0x0000002f89800000] [id=22708]
  0x000001c31d07d500 WorkerThread "G1 Conc#2" [stack: 0x0000002f89800000,0x0000002f89900000] [id=49268]
  0x000001c37d2de330 ConcurrentGCThread "G1 Refine#0" [stack: 0x0000002f87c00000,0x0000002f87d00000] [id=27596]
  0x000001c31c350360 ConcurrentGCThread "G1 Refine#1" [stack: 0x0000002f89900000,0x0000002f89a00000] [id=40524]
  0x000001c31c34faf0 ConcurrentGCThread "G1 Refine#2" [stack: 0x0000002f89a00000,0x0000002f89b00000] [id=24552]
  0x000001c31c351440 ConcurrentGCThread "G1 Refine#3" [stack: 0x0000002f89b00000,0x0000002f89c00000] [id=31284]
  0x000001c31c6b5650 ConcurrentGCThread "G1 Refine#4" [stack: 0x0000002f89c00000,0x0000002f89d00000] [id=22716]
  0x000001c37d2dfaf0 ConcurrentGCThread "G1 Service" [stack: 0x0000002f87d00000,0x0000002f87e00000] [id=32480]

Threads with active compile tasks:

VM state: at safepoint (normal execution)

VM Mutex/Monitor currently owned by a thread:  ([mutex/lock_event])
[0x000001c36a5b0bc0] Threads_lock - owner thread: 0x000001c37d281070
[0x000001c36a5b0e00] Heap_lock - owner thread: 0x000001c36a5b1c80

Heap address: 0x0000000608800000, size: 8056 MB, Compressed Oops mode: Zero based, Oop shift amount: 3

CDS archive(s) mapped at: [0x0000000800000000-0x0000000800ba0000-0x0000000800ba0000), size 12189696, SharedBaseAddress: 0x0000000800000000, ArchiveRelocationMode: 0.
Compressed class space mapped at: 0x0000000800c00000-0x0000000840c00000, reserved size: 1073741824
Narrow klass base: 0x0000000800000000, Narrow klass shift: 0, Narrow klass range: 0x100000000

GC Precious Log:
 CardTable entry size: 512
 Card Set container configuration: InlinePtr #cards 4 size 8 Array Of Cards #cards 32 size 80 Howl #buckets 8 coarsen threshold 7372 Howl Bitmap #cards 1024 size 144 coarsen threshold 921 Card regions per heap region 1 cards per card region 8192
 CPUs: 14 total, 14 available
 Memory: 32212M
 Large Page Support: Disabled
 NUMA Support: Disabled
 Compressed Oops: Enabled (Zero based)
 Heap Region Size: 4M
 Heap Min Capacity: 8M
 Heap Initial Capacity: 504M
 Heap Max Capacity: 8056M
 Pre-touch: Disabled
 Parallel Workers: 11
 Concurrent Workers: 3
 Concurrent Refinement Workers: 11
 Periodic GC: Disabled

Heap:
 garbage-first heap   total 524288K, used 172920K [0x0000000608800000, 0x0000000800000000)
  region size 4096K, 2 young (8192K), 2 survivors (8192K)
 Metaspace       used 30925K, committed 31424K, reserved 1114112K
  class space    used 3306K, committed 3584K, reserved 1048576K

Heap Regions: E=young(eden), S=young(survivor), O=old, HS=humongous(starts), HC=humongous(continues), CS=collection set, F=free, OA=open archive, CA=closed archive, TAMS=top-at-mark-start (previous, next)
|   0|0x0000000608800000, 0x0000000608bdee00, 0x0000000608c00000| 96%| O|  |TAMS 0x0000000608bdee00, 0x0000000608bdee00| Untracked 
|   1|0x0000000608c00000, 0x0000000609000000, 0x0000000609000000|100%| O|  |TAMS 0x0000000609000000, 0x0000000609000000| Untracked 
|   2|0x0000000609000000, 0x0000000609400000, 0x0000000609400000|100%| O|  |TAMS 0x0000000609400000, 0x0000000609400000| Untracked 
|   3|0x0000000609400000, 0x0000000609800000, 0x0000000609800000|100%| O|  |TAMS 0x0000000609800000, 0x0000000609800000| Untracked 
|   4|0x0000000609800000, 0x0000000609c00000, 0x0000000609c00000|100%| O|  |TAMS 0x0000000609c00000, 0x0000000609c00000| Untracked 
|   5|0x0000000609c00000, 0x000000060a000000, 0x000000060a000000|100%| O|  |TAMS 0x000000060a000000, 0x000000060a000000| Untracked 
|   6|0x000000060a000000, 0x000000060a400000, 0x000000060a400000|100%| O|  |TAMS 0x000000060a400000, 0x000000060a400000| Untracked 
|   7|0x000000060a400000, 0x000000060a800000, 0x000000060a800000|100%| O|  |TAMS 0x000000060a800000, 0x000000060a800000| Untracked 
|   8|0x000000060a800000, 0x000000060ac00000, 0x000000060ac00000|100%| O|  |TAMS 0x000000060ac00000, 0x000000060ac00000| Untracked 
|   9|0x000000060ac00000, 0x000000060b000000, 0x000000060b000000|100%| O|  |TAMS 0x000000060b000000, 0x000000060b000000| Untracked 
|  10|0x000000060b000000, 0x000000060b400000, 0x000000060b400000|100%| O|  |TAMS 0x000000060b400000, 0x000000060b400000| Untracked 
|  11|0x000000060b400000, 0x000000060b800000, 0x000000060b800000|100%| O|  |TAMS 0x000000060b800000, 0x000000060b800000| Untracked 
|  12|0x000000060b800000, 0x000000060bc00000, 0x000000060bc00000|100%| O|  |TAMS 0x000000060bc00000, 0x000000060bc00000| Untracked 
|  13|0x000000060bc00000, 0x000000060c000000, 0x000000060c000000|100%| O|  |TAMS 0x000000060c000000, 0x000000060c000000| Untracked 
|  14|0x000000060c000000, 0x000000060c400000, 0x000000060c400000|100%| O|  |TAMS 0x000000060c400000, 0x000000060c400000| Untracked 
|  15|0x000000060c400000, 0x000000060c800000, 0x000000060c800000|100%| O|  |TAMS 0x000000060c800000, 0x000000060c800000| Untracked 
|  16|0x000000060c800000, 0x000000060cc00000, 0x000000060cc00000|100%| O|  |TAMS 0x000000060cc00000, 0x000000060cc00000| Untracked 
|  17|0x000000060cc00000, 0x000000060d000000, 0x000000060d000000|100%| O|  |TAMS 0x000000060d000000, 0x000000060d000000| Untracked 
|  18|0x000000060d000000, 0x000000060d400000, 0x000000060d400000|100%| O|  |TAMS 0x000000060d400000, 0x000000060d400000| Untracked 
|  19|0x000000060d400000, 0x000000060d800000, 0x000000060d800000|100%| O|  |TAMS 0x000000060d800000, 0x000000060d800000| Untracked 
|  20|0x000000060d800000, 0x000000060dc00000, 0x000000060dc00000|100%| O|  |TAMS 0x000000060dc00000, 0x000000060dc00000| Untracked 
|  21|0x000000060dc00000, 0x000000060e000000, 0x000000060e000000|100%| O|  |TAMS 0x000000060e000000, 0x000000060e000000| Untracked 
|  22|0x000000060e000000, 0x000000060e400000, 0x000000060e400000|100%| O|  |TAMS 0x000000060e400000, 0x000000060e400000| Untracked 
|  23|0x000000060e400000, 0x000000060e800000, 0x000000060e800000|100%| O|  |TAMS 0x000000060e800000, 0x000000060e800000| Untracked 
|  24|0x000000060e800000, 0x000000060ec00000, 0x000000060ec00000|100%| O|  |TAMS 0x000000060ec00000, 0x000000060ec00000| Untracked 
|  25|0x000000060ec00000, 0x000000060f000000, 0x000000060f000000|100%| O|  |TAMS 0x000000060f000000, 0x000000060f000000| Untracked 
|  26|0x000000060f000000, 0x000000060f400000, 0x000000060f400000|100%| O|  |TAMS 0x000000060f400000, 0x000000060f400000| Untracked 
|  27|0x000000060f400000, 0x000000060f800000, 0x000000060f800000|100%| O|  |TAMS 0x000000060f800000, 0x000000060f800000| Untracked 
|  28|0x000000060f800000, 0x000000060fc00000, 0x000000060fc00000|100%| O|  |TAMS 0x000000060fc00000, 0x000000060fc00000| Untracked 
|  29|0x000000060fc00000, 0x0000000610000000, 0x0000000610000000|100%| O|  |TAMS 0x0000000610000000, 0x0000000610000000| Untracked 
|  30|0x0000000610000000, 0x0000000610400000, 0x0000000610400000|100%| O|  |TAMS 0x0000000610400000, 0x0000000610400000| Untracked 
|  31|0x0000000610400000, 0x0000000610800000, 0x0000000610800000|100%| O|  |TAMS 0x0000000610800000, 0x0000000610800000| Untracked 
|  32|0x0000000610800000, 0x0000000610c00000, 0x0000000610c00000|100%| O|  |TAMS 0x0000000610c00000, 0x0000000610c00000| Untracked 
|  33|0x0000000610c00000, 0x0000000611000000, 0x0000000611000000|100%| O|  |TAMS 0x0000000610edb800, 0x0000000611000000| Untracked 
|  34|0x0000000611000000, 0x0000000611400000, 0x0000000611400000|100%| O|  |TAMS 0x0000000611000000, 0x0000000611400000| Untracked 
|  35|0x0000000611400000, 0x0000000611800000, 0x0000000611800000|100%| O|  |TAMS 0x0000000611400000, 0x0000000611800000| Untracked 
|  36|0x0000000611800000, 0x0000000611c00000, 0x0000000611c00000|100%|HS|  |TAMS 0x0000000611800000, 0x0000000611c00000| Complete 
|  37|0x0000000611c00000, 0x0000000612000000, 0x0000000612000000|100%| O|  |TAMS 0x0000000611c00000, 0x0000000611e51c00| Untracked 
|  38|0x0000000612000000, 0x000000061236aa00, 0x0000000612400000| 85%| O|  |TAMS 0x0000000612000000, 0x0000000612000000| Untracked 
|  39|0x0000000612400000, 0x0000000612400000, 0x0000000612800000|  0%| F|  |TAMS 0x0000000612400000, 0x0000000612400000| Untracked 
|  40|0x0000000612800000, 0x0000000612800000, 0x0000000612c00000|  0%| F|  |TAMS 0x0000000612800000, 0x0000000612800000| Untracked 
|  41|0x0000000612c00000, 0x0000000612c00000, 0x0000000613000000|  0%| F|  |TAMS 0x0000000612c00000, 0x0000000612c00000| Untracked 
|  42|0x0000000613000000, 0x0000000613000000, 0x0000000613400000|  0%| F|  |TAMS 0x0000000613000000, 0x0000000613000000| Untracked 
|  43|0x0000000613400000, 0x0000000613400000, 0x0000000613800000|  0%| F|  |TAMS 0x0000000613400000, 0x0000000613400000| Untracked 
|  44|0x0000000613800000, 0x0000000613800000, 0x0000000613c00000|  0%| F|  |TAMS 0x0000000613800000, 0x0000000613800000| Untracked 
|  45|0x0000000613c00000, 0x0000000613c00000, 0x0000000614000000|  0%| F|  |TAMS 0x0000000613c00000, 0x0000000613c00000| Untracked 
|  46|0x0000000614000000, 0x0000000614000000, 0x0000000614400000|  0%| F|  |TAMS 0x0000000614000000, 0x0000000614000000| Untracked 
|  47|0x0000000614400000, 0x0000000614400000, 0x0000000614800000|  0%| F|  |TAMS 0x0000000614400000, 0x0000000614400000| Untracked 
|  48|0x0000000614800000, 0x0000000614994bb0, 0x0000000614c00000| 39%| S|CS|TAMS 0x0000000614800000, 0x0000000614800000| Complete 
|  49|0x0000000614c00000, 0x0000000615000000, 0x0000000615000000|100%| S|CS|TAMS 0x0000000614c00000, 0x0000000614c00000| Complete 
|  50|0x0000000615000000, 0x0000000615000000, 0x0000000615400000|  0%| F|  |TAMS 0x0000000615000000, 0x0000000615000000| Untracked 
|  51|0x0000000615400000, 0x0000000615400000, 0x0000000615800000|  0%| F|  |TAMS 0x0000000615400000, 0x0000000615400000| Untracked 
|  52|0x0000000615800000, 0x0000000615800000, 0x0000000615c00000|  0%| F|  |TAMS 0x0000000615800000, 0x0000000615800000| Untracked 
|  53|0x0000000615c00000, 0x0000000615c00000, 0x0000000616000000|  0%| F|  |TAMS 0x0000000615c00000, 0x0000000615c00000| Untracked 
|  54|0x0000000616000000, 0x0000000616000000, 0x0000000616400000|  0%| F|  |TAMS 0x0000000616000000, 0x0000000616000000| Untracked 
|  55|0x0000000616400000, 0x0000000616400000, 0x0000000616800000|  0%| F|  |TAMS 0x0000000616400000, 0x0000000616400000| Untracked 
|  56|0x0000000616800000, 0x0000000616800000, 0x0000000616c00000|  0%| F|  |TAMS 0x0000000616800000, 0x0000000616800000| Untracked 
|  57|0x0000000616c00000, 0x0000000616c00000, 0x0000000617000000|  0%| F|  |TAMS 0x0000000616c00000, 0x0000000616c00000| Untracked 
|  58|0x0000000617000000, 0x0000000617000000, 0x0000000617400000|  0%| F|  |TAMS 0x0000000617000000, 0x0000000617000000| Untracked 
|  59|0x0000000617400000, 0x0000000617400000, 0x0000000617800000|  0%| F|  |TAMS 0x0000000617400000, 0x0000000617400000| Untracked 
|  60|0x0000000617800000, 0x0000000617800000, 0x0000000617c00000|  0%| F|  |TAMS 0x0000000617800000, 0x0000000617800000| Untracked 
|  61|0x0000000617c00000, 0x0000000617c00000, 0x0000000618000000|  0%| F|  |TAMS 0x0000000617c00000, 0x0000000617c00000| Untracked 
|  62|0x0000000618000000, 0x0000000618000000, 0x0000000618400000|  0%| F|  |TAMS 0x0000000618000000, 0x0000000618000000| Untracked 
|  63|0x0000000618400000, 0x0000000618400000, 0x0000000618800000|  0%| F|  |TAMS 0x0000000618400000, 0x0000000618400000| Untracked 
|  64|0x0000000618800000, 0x0000000618800000, 0x0000000618c00000|  0%| F|  |TAMS 0x0000000618800000, 0x0000000618800000| Untracked 
|  65|0x0000000618c00000, 0x0000000618c00000, 0x0000000619000000|  0%| F|  |TAMS 0x0000000618c00000, 0x0000000618c00000| Untracked 
|  66|0x0000000619000000, 0x0000000619000000, 0x0000000619400000|  0%| F|  |TAMS 0x0000000619000000, 0x0000000619000000| Untracked 
|  67|0x0000000619400000, 0x0000000619400000, 0x0000000619800000|  0%| F|  |TAMS 0x0000000619400000, 0x0000000619400000| Untracked 
|  68|0x0000000619800000, 0x0000000619800000, 0x0000000619c00000|  0%| F|  |TAMS 0x0000000619800000, 0x0000000619800000| Untracked 
|  69|0x0000000619c00000, 0x0000000619c00000, 0x000000061a000000|  0%| F|  |TAMS 0x0000000619c00000, 0x0000000619c00000| Untracked 
|  70|0x000000061a000000, 0x000000061a000000, 0x000000061a400000|  0%| F|  |TAMS 0x000000061a000000, 0x000000061a000000| Untracked 
|  71|0x000000061a400000, 0x000000061a400000, 0x000000061a800000|  0%| F|  |TAMS 0x000000061a400000, 0x000000061a400000| Untracked 
|  72|0x000000061a800000, 0x000000061a800000, 0x000000061ac00000|  0%| F|  |TAMS 0x000000061a800000, 0x000000061a800000| Untracked 
|  73|0x000000061ac00000, 0x000000061ac00000, 0x000000061b000000|  0%| F|  |TAMS 0x000000061ac00000, 0x000000061ac00000| Untracked 
|  74|0x000000061b000000, 0x000000061b000000, 0x000000061b400000|  0%| F|  |TAMS 0x000000061b000000, 0x000000061b000000| Untracked 
|  75|0x000000061b400000, 0x000000061b400000, 0x000000061b800000|  0%| F|  |TAMS 0x000000061b400000, 0x000000061b400000| Untracked 
|  76|0x000000061b800000, 0x000000061b800000, 0x000000061bc00000|  0%| F|  |TAMS 0x000000061b800000, 0x000000061b800000| Untracked 
|  77|0x000000061bc00000, 0x000000061bc00000, 0x000000061c000000|  0%| F|  |TAMS 0x000000061bc00000, 0x000000061bc00000| Untracked 
|  78|0x000000061c000000, 0x000000061c000000, 0x000000061c400000|  0%| F|  |TAMS 0x000000061c000000, 0x000000061c000000| Untracked 
|  79|0x000000061c400000, 0x000000061c400000, 0x000000061c800000|  0%| F|  |TAMS 0x000000061c400000, 0x000000061c400000| Untracked 
|  80|0x000000061c800000, 0x000000061c800000, 0x000000061cc00000|  0%| F|  |TAMS 0x000000061c800000, 0x000000061c800000| Untracked 
|  81|0x000000061cc00000, 0x000000061cc00000, 0x000000061d000000|  0%| F|  |TAMS 0x000000061cc00000, 0x000000061cc00000| Untracked 
|  82|0x000000061d000000, 0x000000061d000000, 0x000000061d400000|  0%| F|  |TAMS 0x000000061d000000, 0x000000061d000000| Untracked 
|  83|0x000000061d400000, 0x000000061d400000, 0x000000061d800000|  0%| F|  |TAMS 0x000000061d400000, 0x000000061d400000| Untracked 
|  84|0x000000061d800000, 0x000000061d800000, 0x000000061dc00000|  0%| F|  |TAMS 0x000000061d800000, 0x000000061d800000| Untracked 
|  85|0x000000061dc00000, 0x000000061dc00000, 0x000000061e000000|  0%| F|  |TAMS 0x000000061dc00000, 0x000000061dc00000| Untracked 
|  86|0x000000061e000000, 0x000000061e000000, 0x000000061e400000|  0%| F|  |TAMS 0x000000061e000000, 0x000000061e000000| Untracked 
|  87|0x000000061e400000, 0x000000061e400000, 0x000000061e800000|  0%| F|  |TAMS 0x000000061e400000, 0x000000061e400000| Untracked 
|  88|0x000000061e800000, 0x000000061e800000, 0x000000061ec00000|  0%| F|  |TAMS 0x000000061e800000, 0x000000061e800000| Untracked 
|  89|0x000000061ec00000, 0x000000061ec00000, 0x000000061f000000|  0%| F|  |TAMS 0x000000061ec00000, 0x000000061ec00000| Untracked 
|  90|0x000000061f000000, 0x000000061f000000, 0x000000061f400000|  0%| F|  |TAMS 0x000000061f000000, 0x000000061f000000| Untracked 
|  91|0x000000061f400000, 0x000000061f400000, 0x000000061f800000|  0%| F|  |TAMS 0x000000061f400000, 0x000000061f400000| Untracked 
|  92|0x000000061f800000, 0x000000061f800000, 0x000000061fc00000|  0%| F|  |TAMS 0x000000061f800000, 0x000000061f800000| Untracked 
|  93|0x000000061fc00000, 0x000000061fc00000, 0x0000000620000000|  0%| F|  |TAMS 0x000000061fc00000, 0x000000061fc00000| Untracked 
|  94|0x0000000620000000, 0x0000000620000000, 0x0000000620400000|  0%| F|  |TAMS 0x0000000620000000, 0x0000000620000000| Untracked 
|  95|0x0000000620400000, 0x0000000620400000, 0x0000000620800000|  0%| F|  |TAMS 0x0000000620400000, 0x0000000620400000| Untracked 
|  96|0x0000000620800000, 0x0000000620800000, 0x0000000620c00000|  0%| F|  |TAMS 0x0000000620800000, 0x0000000620800000| Untracked 
|  97|0x0000000620c00000, 0x0000000620c00000, 0x0000000621000000|  0%| F|  |TAMS 0x0000000620c00000, 0x0000000620c00000| Untracked 
|  98|0x0000000621000000, 0x0000000621000000, 0x0000000621400000|  0%| F|  |TAMS 0x0000000621000000, 0x0000000621000000| Untracked 
|  99|0x0000000621400000, 0x0000000621400000, 0x0000000621800000|  0%| F|  |TAMS 0x0000000621400000, 0x0000000621400000| Untracked 
| 100|0x0000000621800000, 0x0000000621800000, 0x0000000621c00000|  0%| F|  |TAMS 0x0000000621800000, 0x0000000621800000| Untracked 
| 101|0x0000000621c00000, 0x0000000621c00000, 0x0000000622000000|  0%| F|  |TAMS 0x0000000621c00000, 0x0000000621c00000| Untracked 
| 102|0x0000000622000000, 0x0000000622000000, 0x0000000622400000|  0%| F|  |TAMS 0x0000000622000000, 0x0000000622000000| Untracked 
| 103|0x0000000622400000, 0x0000000622400000, 0x0000000622800000|  0%| F|  |TAMS 0x0000000622400000, 0x0000000622400000| Untracked 
| 104|0x0000000622800000, 0x0000000622800000, 0x0000000622c00000|  0%| F|  |TAMS 0x0000000622800000, 0x0000000622800000| Untracked 
| 105|0x0000000622c00000, 0x0000000622c00000, 0x0000000623000000|  0%| F|  |TAMS 0x0000000622c00000, 0x0000000622c00000| Untracked 
| 106|0x0000000623000000, 0x0000000623000000, 0x0000000623400000|  0%| F|  |TAMS 0x0000000623000000, 0x0000000623000000| Untracked 
| 107|0x0000000623400000, 0x0000000623400000, 0x0000000623800000|  0%| F|  |TAMS 0x0000000623400000, 0x0000000623400000| Untracked 
| 108|0x0000000623800000, 0x0000000623800000, 0x0000000623c00000|  0%| F|  |TAMS 0x0000000623800000, 0x0000000623800000| Untracked 
| 109|0x0000000623c00000, 0x0000000623c00000, 0x0000000624000000|  0%| F|  |TAMS 0x0000000623c00000, 0x0000000623c00000| Untracked 
| 110|0x0000000624000000, 0x0000000624000000, 0x0000000624400000|  0%| F|  |TAMS 0x0000000624000000, 0x0000000624000000| Untracked 
| 111|0x0000000624400000, 0x0000000624400000, 0x0000000624800000|  0%| F|  |TAMS 0x0000000624400000, 0x0000000624400000| Untracked 
| 112|0x0000000624800000, 0x0000000624800000, 0x0000000624c00000|  0%| F|  |TAMS 0x0000000624800000, 0x0000000624800000| Untracked 
| 113|0x0000000624c00000, 0x0000000624c00000, 0x0000000625000000|  0%| F|  |TAMS 0x0000000624c00000, 0x0000000624c00000| Untracked 
| 114|0x0000000625000000, 0x0000000625000000, 0x0000000625400000|  0%| F|  |TAMS 0x0000000625000000, 0x0000000625000000| Untracked 
| 115|0x0000000625400000, 0x0000000625400000, 0x0000000625800000|  0%| F|  |TAMS 0x0000000625400000, 0x0000000625400000| Untracked 
| 116|0x0000000625800000, 0x0000000625800000, 0x0000000625c00000|  0%| F|  |TAMS 0x0000000625800000, 0x0000000625800000| Untracked 
| 117|0x0000000625c00000, 0x0000000625c00000, 0x0000000626000000|  0%| F|  |TAMS 0x0000000625c00000, 0x0000000625c00000| Untracked 
| 118|0x0000000626000000, 0x0000000626000000, 0x0000000626400000|  0%| F|  |TAMS 0x0000000626000000, 0x0000000626000000| Untracked 
| 119|0x0000000626400000, 0x0000000626400000, 0x0000000626800000|  0%| F|  |TAMS 0x0000000626400000, 0x0000000626400000| Untracked 
| 120|0x0000000626800000, 0x0000000626800000, 0x0000000626c00000|  0%| F|  |TAMS 0x0000000626800000, 0x0000000626800000| Untracked 
| 121|0x0000000626c00000, 0x0000000626c00000, 0x0000000627000000|  0%| F|  |TAMS 0x0000000626c00000, 0x0000000626c00000| Untracked 
| 122|0x0000000627000000, 0x0000000627000000, 0x0000000627400000|  0%| F|  |TAMS 0x0000000627000000, 0x0000000627000000| Untracked 
| 123|0x0000000627400000, 0x0000000627400000, 0x0000000627800000|  0%| F|  |TAMS 0x0000000627400000, 0x0000000627400000| Untracked 
| 124|0x0000000627800000, 0x0000000627800000, 0x0000000627c00000|  0%| F|  |TAMS 0x0000000627800000, 0x0000000627800000| Untracked 
| 125|0x0000000627c00000, 0x0000000627c00000, 0x0000000628000000|  0%| F|  |TAMS 0x0000000627c00000, 0x0000000627c00000| Untracked 
|2012|0x00000007ff800000, 0x00000007ffc00000, 0x00000007ffc00000|100%| O|  |TAMS 0x00000007ffc00000, 0x00000007ffc00000| Untracked 
|2013|0x00000007ffc00000, 0x0000000800000000, 0x0000000800000000|100%| O|  |TAMS 0x0000000800000000, 0x0000000800000000| Untracked 

Card table byte_map: [0x000001c373510000,0x000001c3744d0000] _byte_map_base: 0x000001c3704cc000

Marking Bits (Prev, Next): (CMBitMap*) 0x000001c36a665fe0, (CMBitMap*) 0x000001c36a666020
 Prev Bits: [0x000001c375490000, 0x000001c37d270000)
 Next Bits: [0x000001c30f000000, 0x000001c316de0000)

Polling page: 0x000001c368500000

Metaspace:

Usage:
  Non-class:     26.97 MB used.
      Class:      3.23 MB used.
       Both:     30.20 MB used.

Virtual space:
  Non-class space:       64.00 MB reserved,      27.19 MB ( 42%) committed,  1 nodes.
      Class space:        1.00 GB reserved,       3.50 MB ( <1%) committed,  1 nodes.
             Both:        1.06 GB reserved,      30.69 MB (  3%) committed. 

Chunk freelists:
   Non-Class:  773.00 KB
       Class:  490.00 KB
        Both:  1.23 MB

MaxMetaspaceSize: unlimited
CompressedClassSpaceSize: 1.00 GB
Initial GC threshold: 21.00 MB
Current GC threshold: 51.19 MB
CDS: on
MetaspaceReclaimPolicy: balanced
 - commit_granule_bytes: 65536.
 - commit_granule_words: 8192.
 - virtual_space_node_default_size: 8388608.
 - enlarge_chunks_in_place: 1.
 - new_chunks_are_fully_committed: 0.
 - uncommit_free_chunks: 1.
 - use_allocation_guard: 0.


Internal statistics:

num_allocs_failed_limit: 3.
num_arena_births: 576.
num_arena_deaths: 0.
num_vsnodes_births: 2.
num_vsnodes_deaths: 0.
num_space_committed: 491.
num_space_uncommitted: 0.
num_chunks_returned_to_freelist: 3.
num_chunks_taken_from_freelist: 1841.
num_chunk_merges: 3.
num_chunk_splits: 1245.
num_chunks_enlarged: 868.
num_inconsistent_stats: 0.

CodeHeap 'non-profiled nmethods': size=120000Kb used=7154Kb max_used=7222Kb free=112845Kb
 bounds [0x000001c307ad0000, 0x000001c3081e0000, 0x000001c30f000000]
CodeHeap 'profiled nmethods': size=120000Kb used=15414Kb max_used=17098Kb free=104585Kb
 bounds [0x000001c3005a0000, 0x000001c301660000, 0x000001c307ad0000]
CodeHeap 'non-nmethods': size=5760Kb used=1235Kb max_used=1348Kb free=4524Kb
 bounds [0x000001c300000000, 0x000001c300270000, 0x000001c3005a0000]
 total_blobs=8028 nmethods=7500 adapters=440
 compilation: enabled
              stopped_count=0, restarted_count=0
 full_count=0

Compilation events (20 events):
Event: 49.699 Thread 0x000001c37d455560 9812       3       java.lang.invoke.LambdaForm$MH/0x0000000800f7e800::invoke (84 bytes)
Event: 49.700 Thread 0x000001c37d455560 nmethod 9812 0x000001c3012d8a10 code [0x000001c3012d8d20, 0x000001c3012da0b8]
Event: 49.716 Thread 0x000001c31b930350 9813       4       java.lang.Long::hashCode (8 bytes)
Event: 49.717 Thread 0x000001c31b930350 nmethod 9813 0x000001c3080a8f90 code [0x000001c3080a9100, 0x000001c3080a9198]
Event: 49.720 Thread 0x000001c31b930350 9814       4       java.lang.invoke.LambdaForm$MH/0x0000000800f68000::invoke (42 bytes)
Event: 49.721 Thread 0x000001c31b930350 nmethod 9814 0x000001c307f59b90 code [0x000001c307f59d00, 0x000001c307f59d98]
Event: 49.727 Thread 0x000001c37d455560 9815       3       java.lang.invoke.LambdaForm$MH/0x0000000800f69c00::invoke (42 bytes)
Event: 49.729 Thread 0x000001c37d455560 nmethod 9815 0x000001c300636810 code [0x000001c300636aa0, 0x000001c300637808]
Event: 49.729 Thread 0x000001c37d455560 9816       3       java.lang.invoke.LambdaForm$MH/0x0000000800f6a000::invoke (42 bytes)
Event: 49.730 Thread 0x000001c37d455560 nmethod 9816 0x000001c301172410 code [0x000001c3011726a0, 0x000001c3011734e8]
Event: 49.799 Thread 0x000001c31b930350 9817       4       java.lang.invoke.LambdaForm$MH/0x0000000800f68400::invoke (42 bytes)
Event: 49.800 Thread 0x000001c37d455560 9818       3       java.lang.invoke.LambdaForm$MH/0x0000000800f6a400::invoke (42 bytes)
Event: 49.801 Thread 0x000001c37d455560 nmethod 9818 0x000001c301293890 code [0x000001c301293b20, 0x000001c301294968]
Event: 49.801 Thread 0x000001c31b930350 nmethod 9817 0x000001c307f0be90 code [0x000001c307f0c000, 0x000001c307f0c098]
Event: 49.936 Thread 0x000001c37d455560 9819       3       java.lang.invoke.LambdaForm$MH/0x0000000800f6a800::invoke (42 bytes)
Event: 49.937 Thread 0x000001c37d455560 nmethod 9819 0x000001c300806690 code [0x000001c300806920, 0x000001c300807768]
Event: 49.937 Thread 0x000001c37d455560 9820       3       java.lang.invoke.LambdaForm$MH/0x0000000800f6ac00::invoke (42 bytes)
Event: 49.938 Thread 0x000001c37d455560 nmethod 9820 0x000001c30141f710 code [0x000001c30141f9a0, 0x000001c3014207e8]
Event: 49.969 Thread 0x000001c37d455560 9821       3       java.lang.invoke.LambdaForm$MH/0x0000000800f6b400::invoke (42 bytes)
Event: 49.970 Thread 0x000001c37d455560 nmethod 9821 0x000001c301323990 code [0x000001c301323c20, 0x000001c301324a68]

GC Heap History (20 events):
Event: 43.132 GC heap after
{Heap after GC invocations=26 (full 0):
 garbage-first heap   total 245760K, used 129983K [0x0000000608800000, 0x0000000800000000)
  region size 4096K, 2 young (8192K), 2 survivors (8192K)
 Metaspace       used 30152K, committed 30592K, reserved 1114112K
  class space    used 3240K, committed 3456K, reserved 1048576K
}
Event: 44.068 GC heap before
{Heap before GC invocations=26 (full 0):
 garbage-first heap   total 245760K, used 203711K [0x0000000608800000, 0x0000000800000000)
  region size 4096K, 20 young (81920K), 2 survivors (8192K)
 Metaspace       used 30520K, committed 31040K, reserved 1114112K
  class space    used 3282K, committed 3520K, reserved 1048576K
}
Event: 44.075 GC heap after
{Heap after GC invocations=27 (full 0):
 garbage-first heap   total 245760K, used 131149K [0x0000000608800000, 0x0000000800000000)
  region size 4096K, 2 young (8192K), 2 survivors (8192K)
 Metaspace       used 30520K, committed 31040K, reserved 1114112K
  class space    used 3282K, committed 3520K, reserved 1048576K
}
Event: 44.861 GC heap before
{Heap before GC invocations=28 (full 0):
 garbage-first heap   total 245760K, used 204877K [0x0000000608800000, 0x0000000800000000)
  region size 4096K, 20 young (81920K), 2 survivors (8192K)
 Metaspace       used 30625K, committed 31104K, reserved 1114112K
  class space    used 3284K, committed 3520K, reserved 1048576K
}
Event: 44.875 GC heap after
{Heap after GC invocations=29 (full 0):
 garbage-first heap   total 245760K, used 135807K [0x0000000608800000, 0x0000000800000000)
  region size 4096K, 3 young (12288K), 3 survivors (12288K)
 Metaspace       used 30625K, committed 31104K, reserved 1114112K
  class space    used 3284K, committed 3520K, reserved 1048576K
}
Event: 44.936 GC heap before
{Heap before GC invocations=29 (full 0):
 garbage-first heap   total 245760K, used 139903K [0x0000000608800000, 0x0000000800000000)
  region size 4096K, 4 young (16384K), 3 survivors (12288K)
 Metaspace       used 30629K, committed 31104K, reserved 1114112K
  class space    used 3285K, committed 3520K, reserved 1048576K
}
Event: 44.952 GC heap after
{Heap after GC invocations=30 (full 0):
 garbage-first heap   total 294912K, used 134098K [0x0000000608800000, 0x0000000800000000)
  region size 4096K, 1 young (4096K), 1 survivors (4096K)
 Metaspace       used 30629K, committed 31104K, reserved 1114112K
  class space    used 3285K, committed 3520K, reserved 1048576K
}
Event: 46.248 GC heap before
{Heap before GC invocations=30 (full 0):
 garbage-first heap   total 294912K, used 240594K [0x0000000608800000, 0x0000000800000000)
  region size 4096K, 27 young (110592K), 1 survivors (4096K)
 Metaspace       used 30728K, committed 31232K, reserved 1114112K
  class space    used 3288K, committed 3520K, reserved 1048576K
}
Event: 46.263 GC heap after
{Heap after GC invocations=31 (full 0):
 garbage-first heap   total 294912K, used 139528K [0x0000000608800000, 0x0000000800000000)
  region size 4096K, 2 young (8192K), 2 survivors (8192K)
 Metaspace       used 30728K, committed 31232K, reserved 1114112K
  class space    used 3288K, committed 3520K, reserved 1048576K
}
Event: 47.271 GC heap before
{Heap before GC invocations=32 (full 0):
 garbage-first heap   total 294912K, used 237832K [0x0000000608800000, 0x0000000800000000)
  region size 4096K, 27 young (110592K), 2 survivors (8192K)
 Metaspace       used 30733K, committed 31232K, reserved 1114112K
  class space    used 3288K, committed 3520K, reserved 1048576K
}
Event: 47.295 GC heap after
{Heap after GC invocations=33 (full 0):
 garbage-first heap   total 294912K, used 146555K [0x0000000608800000, 0x0000000800000000)
  region size 4096K, 4 young (16384K), 4 survivors (16384K)
 Metaspace       used 30733K, committed 31232K, reserved 1114112K
  class space    used 3288K, committed 3520K, reserved 1048576K
}
Event: 47.837 GC heap before
{Heap before GC invocations=33 (full 0):
 garbage-first heap   total 294912K, used 240763K [0x0000000608800000, 0x0000000800000000)
  region size 4096K, 27 young (110592K), 4 survivors (16384K)
 Metaspace       used 30757K, committed 31232K, reserved 1114112K
  class space    used 3288K, committed 3520K, reserved 1048576K
}
Event: 47.863 GC heap after
{Heap after GC invocations=34 (full 0):
 garbage-first heap   total 294912K, used 152883K [0x0000000608800000, 0x0000000800000000)
  region size 4096K, 4 young (16384K), 4 survivors (16384K)
 Metaspace       used 30757K, committed 31232K, reserved 1114112K
  class space    used 3288K, committed 3520K, reserved 1048576K
}
Event: 48.429 GC heap before
{Heap before GC invocations=35 (full 0):
 garbage-first heap   total 294912K, used 242995K [0x0000000608800000, 0x0000000800000000)
  region size 4096K, 26 young (106496K), 4 survivors (16384K)
 Metaspace       used 30757K, committed 31232K, reserved 1114112K
  class space    used 3288K, committed 3520K, reserved 1048576K
}
Event: 48.457 GC heap after
{Heap after GC invocations=36 (full 0):
 garbage-first heap   total 294912K, used 158035K [0x0000000608800000, 0x0000000800000000)
  region size 4096K, 3 young (12288K), 3 survivors (12288K)
 Metaspace       used 30757K, committed 31232K, reserved 1114112K
  class space    used 3288K, committed 3520K, reserved 1048576K
}
Event: 49.041 GC heap before
{Heap before GC invocations=36 (full 0):
 garbage-first heap   total 294912K, used 235859K [0x0000000608800000, 0x0000000800000000)
  region size 4096K, 23 young (94208K), 3 survivors (12288K)
 Metaspace       used 30915K, committed 31424K, reserved 1114112K
  class space    used 3306K, committed 3584K, reserved 1048576K
}
Event: 49.067 GC heap after
{Heap after GC invocations=37 (full 0):
 garbage-first heap   total 294912K, used 163054K [0x0000000608800000, 0x0000000800000000)
  region size 4096K, 3 young (12288K), 3 survivors (12288K)
 Metaspace       used 30915K, committed 31424K, reserved 1114112K
  class space    used 3306K, committed 3584K, reserved 1048576K
}
Event: 49.658 GC heap before
{Heap before GC invocations=38 (full 0):
 garbage-first heap   total 323584K, used 244974K [0x0000000608800000, 0x0000000800000000)
  region size 4096K, 22 young (90112K), 3 survivors (12288K)
 Metaspace       used 30916K, committed 31424K, reserved 1114112K
  class space    used 3306K, committed 3584K, reserved 1048576K
}
Event: 49.681 GC heap after
{Heap after GC invocations=39 (full 0):
 garbage-first heap   total 323584K, used 172213K [0x0000000608800000, 0x0000000800000000)
  region size 4096K, 3 young (12288K), 3 survivors (12288K)
 Metaspace       used 30916K, committed 31424K, reserved 1114112K
  class space    used 3306K, committed 3584K, reserved 1048576K
}
Event: 50.073 GC heap before
{Heap before GC invocations=39 (full 0):
 garbage-first heap   total 323584K, used 270517K [0x0000000608800000, 0x0000000800000000)
  region size 4096K, 27 young (110592K), 3 survivors (12288K)
 Metaspace       used 30925K, committed 31424K, reserved 1114112K
  class space    used 3306K, committed 3584K, reserved 1048576K
}

Deoptimization events (20 events):
Event: 49.460 Thread 0x000001c36a5b1c80 DEOPT PACKING pc=0x000001c307edc270 sp=0x0000002f878fcdf0
Event: 49.460 Thread 0x000001c36a5b1c80 DEOPT UNPACKING pc=0x000001c3000523a3 sp=0x0000002f878fcd90 mode 2
Event: 49.461 Thread 0x000001c36a5b1c80 Uncommon trap: trap_request=0xffffffde fr.pc=0x000001c307edc270 relative=0x00000000000005d0
Event: 49.461 Thread 0x000001c36a5b1c80 Uncommon trap: reason=class_check action=maybe_recompile pc=0x000001c307edc270 method=lombok.javac.handlers.JavacHandlerUtil.namePlusTypeParamsToTypeReference(Llombok/javac/JavacTreeMaker;Llombok/javac/JavacNode;Lcom/sun/tools/javac/util/Name;ZLcom/sun/to
Event: 49.461 Thread 0x000001c36a5b1c80 DEOPT PACKING pc=0x000001c307edc270 sp=0x0000002f878fcdf0
Event: 49.461 Thread 0x000001c36a5b1c80 DEOPT UNPACKING pc=0x000001c3000523a3 sp=0x0000002f878fcd90 mode 2
Event: 49.461 Thread 0x000001c36a5b1c80 Uncommon trap: trap_request=0xffffffde fr.pc=0x000001c307edc270 relative=0x00000000000005d0
Event: 49.461 Thread 0x000001c36a5b1c80 Uncommon trap: reason=class_check action=maybe_recompile pc=0x000001c307edc270 method=lombok.javac.handlers.JavacHandlerUtil.namePlusTypeParamsToTypeReference(Llombok/javac/JavacTreeMaker;Llombok/javac/JavacNode;Lcom/sun/tools/javac/util/Name;ZLcom/sun/to
Event: 49.461 Thread 0x000001c36a5b1c80 DEOPT PACKING pc=0x000001c307edc270 sp=0x0000002f878fcdf0
Event: 49.461 Thread 0x000001c36a5b1c80 DEOPT UNPACKING pc=0x000001c3000523a3 sp=0x0000002f878fcd90 mode 2
Event: 49.464 Thread 0x000001c36a5b1c80 Uncommon trap: trap_request=0xffffffde fr.pc=0x000001c307f8a790 relative=0x0000000000001610
Event: 49.464 Thread 0x000001c36a5b1c80 Uncommon trap: reason=class_check action=maybe_recompile pc=0x000001c307f8a790 method=com.sun.tools.javac.comp.Attr.attribTypeVariables(Lcom/sun/tools/javac/util/List;Lcom/sun/tools/javac/comp/Env;Z)V @ 213 c2
Event: 49.464 Thread 0x000001c36a5b1c80 DEOPT PACKING pc=0x000001c307f8a790 sp=0x0000002f878fcec0
Event: 49.464 Thread 0x000001c36a5b1c80 DEOPT UNPACKING pc=0x000001c3000523a3 sp=0x0000002f878fcdd0 mode 2
Event: 49.465 Thread 0x000001c36a5b1c80 Uncommon trap: trap_request=0xffffff45 fr.pc=0x000001c308189350 relative=0x0000000000001390
Event: 49.465 Thread 0x000001c36a5b1c80 Uncommon trap: reason=unstable_if action=reinterpret pc=0x000001c308189350 method=lombok.javac.handlers.JavacHandlerUtil.getAccessorsForField(Llombok/javac/JavacNode;)Llombok/core/AnnotationValues; @ 107 c2
Event: 49.465 Thread 0x000001c36a5b1c80 DEOPT PACKING pc=0x000001c308189350 sp=0x0000002f878fcbf0
Event: 49.466 Thread 0x000001c36a5b1c80 DEOPT UNPACKING pc=0x000001c3000523a3 sp=0x0000002f878fcbd0 mode 2
Event: 49.714 Thread 0x000001c36a5b1c80 DEOPT PACKING pc=0x000001c3014bec0e sp=0x0000002f878fdb00
Event: 49.714 Thread 0x000001c36a5b1c80 DEOPT UNPACKING pc=0x000001c300052b43 sp=0x0000002f878fd0c8 mode 0

Classes loaded (20 events):
Event: 38.719 Loading class java/io/PushbackInputStream
Event: 38.719 Loading class java/io/PushbackInputStream done
Event: 39.296 Loading class java/util/Collections$UnmodifiableSortedSet
Event: 39.296 Loading class java/util/Collections$UnmodifiableSortedSet done
Event: 39.428 Loading class java/util/IdentityHashMap$EntrySet
Event: 39.429 Loading class java/util/IdentityHashMap$EntrySet done
Event: 39.429 Loading class java/util/IdentityHashMap$EntryIterator
Event: 39.429 Loading class java/util/IdentityHashMap$EntryIterator done
Event: 39.429 Loading class java/util/IdentityHashMap$EntryIterator$Entry
Event: 39.429 Loading class java/util/IdentityHashMap$EntryIterator$Entry done
Event: 40.620 Loading class java/util/regex/Pattern$SliceI
Event: 40.621 Loading class java/util/regex/Pattern$SliceI done
Event: 43.432 Loading class java/util/regex/Pattern$Loop
Event: 43.432 Loading class java/util/regex/Pattern$Loop done
Event: 43.432 Loading class java/util/regex/Pattern$Prolog
Event: 43.432 Loading class java/util/regex/Pattern$Prolog done
Event: 43.550 Loading class java/util/regex/Pattern$LazyLoop
Event: 43.550 Loading class java/util/regex/Pattern$LazyLoop done
Event: 48.657 Loading class java/util/regex/Pattern$End
Event: 48.657 Loading class java/util/regex/Pattern$End done

Classes unloaded (0 events):
No events

Classes redefined (0 events):
No events

Internal exceptions (20 events):
Event: 40.728 Thread 0x000001c36a5b1c80 Exception <a 'java/lang/NoSuchMethodError'{0x00000006138adc50}: 'java.lang.Object java.lang.invoke.DirectMethodHandle$Holder.invokeVirtual(java.lang.Object, java.lang.Object, java.lang.Object, java.lang.Object)'> (0x00000006138adc50) 
thrown [s\open\src\hotspot\share\interpreter\linkResolver.cpp, line 759]
Event: 40.733 Thread 0x000001c36a5b1c80 Exception <a 'java/lang/NoSuchMethodError'{0x00000006138c2ea0}: 'java.lang.Object java.lang.invoke.DirectMethodHandle$Holder.invokeVirtual(java.lang.Object, java.lang.Object, java.lang.Object, java.lang.Object, java.lang.Object, java.lang.Object, java.lang.Object)'> (0x00000006138c2ea0) 
thrown [s\open\src\hotspot\share\interpreter\linkResolver.cpp, line 759]
Event: 40.739 Thread 0x000001c36a5b1c80 Exception <a 'java/lang/NoSuchMethodError'{0x00000006138d8ad0}: 'java.lang.Object java.lang.invoke.DirectMethodHandle$Holder.invokeStatic(java.lang.Object, java.lang.Object, int)'> (0x00000006138d8ad0) 
thrown [s\open\src\hotspot\share\interpreter\linkResolver.cpp, line 759]
Event: 40.742 Thread 0x000001c36a5b1c80 Exception <a 'java/lang/NoSuchMethodError'{0x00000006138dd2d8}: 'void java.lang.invoke.DirectMethodHandle$Holder.invokeStatic(java.lang.Object, java.lang.Object, int, java.lang.Object)'> (0x00000006138dd2d8) 
thrown [s\open\src\hotspot\share\interpreter\linkResolver.cpp, line 759]
Event: 40.745 Thread 0x000001c36a5b1c80 Exception <a 'java/lang/NoSuchMethodError'{0x00000006138e4bf8}: 'void java.lang.invoke.DelegatingMethodHandle$Holder.delegate(java.lang.Object, java.lang.Object, int, java.lang.Object)'> (0x00000006138e4bf8) 
thrown [s\open\src\hotspot\share\interpreter\linkResolver.cpp, line 759]
Event: 40.752 Thread 0x000001c36a5b1c80 Exception <a 'java/lang/NoSuchMethodError'{0x00000006138fcb70}: 'java.lang.Object java.lang.invoke.DirectMethodHandle$Holder.invokeVirtual(java.lang.Object, java.lang.Object, java.lang.Object, java.lang.Object, java.lang.Object, java.lang.Object, java.lang.Object, java.lang.Object, java.lang.Object, java.lang.Object)'> (0x00000006138fcb70) 
thrown [s\open\src\hotspot\share\interpreter\linkResolver.cpp, line 759]
Event: 40.753 Thread 0x000001c36a5b1c80 Exception <a 'java/lang/NoSuchMethodError'{0x0000000613901e90}: 'java.lang.Object java.lang.invoke.DirectMethodHandle$Holder.invokeSpecial(java.lang.Object, java.lang.Object, java.lang.Object, java.lang.Object, java.lang.Object, java.lang.Object, java.lang.Object, java.lang.Object, java.lang.Object, java.lang.Object, java.lang.Object)'> (0x0000000613901e90) 
thrown [s\open\src\hotspot\share\interpreter\linkResolver.cpp, line 759]
Event: 40.778 Thread 0x000001c36a5b1c80 Exception <a 'java/lang/NoSuchMethodError'{0x000000061393bcd8}: 'void java.lang.invoke.DirectMethodHandle$Holder.invokeInterface(java.lang.Object, java.lang.Object, java.lang.Object, int)'> (0x000000061393bcd8) 
thrown [s\open\src\hotspot\share\interpreter\linkResolver.cpp, line 759]
Event: 40.787 Thread 0x000001c36a5b1c80 Exception <a 'java/lang/NoSuchMethodError'{0x00000006139437e8}: 'void java.lang.invoke.DelegatingMethodHandle$Holder.reinvoke_L(java.lang.Object, java.lang.Object, java.lang.Object, int)'> (0x00000006139437e8) 
thrown [s\open\src\hotspot\share\interpreter\linkResolver.cpp, line 759]
Event: 40.854 Thread 0x000001c36a5b1c80 Exception <a 'java/lang/NoSuchMethodError'{0x000000061399f758}: 'void java.lang.invoke.DirectMethodHandle$Holder.invokeVirtual(java.lang.Object, java.lang.Object, java.lang.Object, java.lang.Object)'> (0x000000061399f758) 
thrown [s\open\src\hotspot\share\interpreter\linkResolver.cpp, line 759]
Event: 42.068 Thread 0x000001c36a5b1c80 Implicit null exception at 0x000001c307f5c820 to 0x000001c307f5e488
Event: 42.125 Thread 0x000001c36a5b1c80 Implicit null exception at 0x000001c3080dce92 to 0x000001c3080dd350
Event: 43.444 Thread 0x000001c36a5b1c80 Implicit null exception at 0x000001c308107cb0 to 0x000001c308107ce4
Event: 43.460 Thread 0x000001c36a5b1c80 Exception <a 'java/lang/NoSuchMethodError'{0x0000000613c90a70}: 'java.lang.Object java.lang.invoke.DirectMethodHandle$Holder.invokeVirtual(java.lang.Object, java.lang.Object, long)'> (0x0000000613c90a70) 
thrown [s\open\src\hotspot\share\interpreter\linkResolver.cpp, line 759]
Event: 43.462 Thread 0x000001c36a5b1c80 Exception <a 'java/lang/NoSuchMethodError'{0x0000000613c9e860}: 'java.lang.Object java.lang.invoke.DirectMethodHandle$Holder.invokeVirtual(java.lang.Object, java.lang.Object, java.lang.Object, java.lang.Object, java.lang.Object, java.lang.Object, java.lang.Object, java.lang.Object)'> (0x0000000613c9e860) 
thrown [s\open\src\hotspot\share\interpreter\linkResolver.cpp, line 759]
Event: 43.463 Thread 0x000001c36a5b1c80 Exception <a 'java/lang/NoSuchMethodError'{0x0000000613ca3df0}: 'java.lang.Object java.lang.invoke.DirectMethodHandle$Holder.invokeSpecial(java.lang.Object, java.lang.Object, java.lang.Object, java.lang.Object, java.lang.Object, java.lang.Object, java.lang.Object, java.lang.Object, java.lang.Object)'> (0x0000000613ca3df0) 
thrown [s\open\src\hotspot\share\interpreter\linkResolver.cpp, line 759]
Event: 43.472 Thread 0x000001c36a5b1c80 Exception <a 'java/lang/NoSuchMethodError'{0x0000000613ce5150}: 'java.lang.Object java.lang.invoke.DirectMethodHandle$Holder.invokeVirtual(java.lang.Object, java.lang.Object, java.lang.Object, java.lang.Object, java.lang.Object, java.lang.Object)'> (0x0000000613ce5150) 
thrown [s\open\src\hotspot\share\interpreter\linkResolver.cpp, line 759]
Event: 43.479 Thread 0x000001c36a5b1c80 Implicit null exception at 0x000001c307d2c1cc to 0x000001c307d2c31c
Event: 43.624 Thread 0x000001c36a5b1c80 Exception <a 'java/lang/NoSuchMethodError'{0x0000000613f18058}: 'java.lang.Object java.lang.invoke.DirectMethodHandle$Holder.invokeVirtual(java.lang.Object, java.lang.Object, java.lang.Object, java.lang.Object, java.lang.Object)'> (0x0000000613f18058) 
thrown [s\open\src\hotspot\share\interpreter\linkResolver.cpp, line 759]
Event: 43.727 Thread 0x000001c36a5b1c80 Exception <a 'java/lang/NoSuchMethodError'{0x00000006139197e0}: 'int java.lang.invoke.Invokers$Holder.invokeExact_MT(java.lang.Object, java.lang.Object, java.lang.Object)'> (0x00000006139197e0) 
thrown [s\open\src\hotspot\share\interpreter\linkResolver.cpp, line 759]

VM Operations (20 events):
Event: 46.564 Executing VM operation: HandshakeAllThreads done
Event: 47.270 Executing VM operation: G1CollectForAllocation
Event: 47.296 Executing VM operation: G1CollectForAllocation done
Event: 47.836 Executing VM operation: G1CollectForAllocation
Event: 47.863 Executing VM operation: G1CollectForAllocation done
Event: 48.014 Executing VM operation: G1Concurrent
Event: 48.023 Executing VM operation: G1Concurrent done
Event: 48.118 Executing VM operation: G1Concurrent
Event: 48.118 Executing VM operation: G1Concurrent done
Event: 48.429 Executing VM operation: G1CollectForAllocation
Event: 48.457 Executing VM operation: G1CollectForAllocation done
Event: 49.041 Executing VM operation: G1TryInitiateConcMark
Event: 49.067 Executing VM operation: G1TryInitiateConcMark done
Event: 49.246 Executing VM operation: G1Concurrent
Event: 49.256 Executing VM operation: G1Concurrent done
Event: 49.358 Executing VM operation: G1Concurrent
Event: 49.359 Executing VM operation: G1Concurrent done
Event: 49.657 Executing VM operation: G1CollectForAllocation
Event: 49.681 Executing VM operation: G1CollectForAllocation done
Event: 50.073 Executing VM operation: G1CollectForAllocation

Events (20 events):
Event: 46.592 Thread 0x000001c37d456a70 flushing nmethod 0x000001c301520290
Event: 46.592 Thread 0x000001c37d456a70 flushing nmethod 0x000001c30152a090
Event: 46.592 Thread 0x000001c37d456a70 flushing nmethod 0x000001c301535d90
Event: 46.592 Thread 0x000001c37d456a70 flushing nmethod 0x000001c301536690
Event: 46.592 Thread 0x000001c37d456a70 flushing nmethod 0x000001c301537c10
Event: 46.592 Thread 0x000001c37d456a70 flushing nmethod 0x000001c301542310
Event: 46.592 Thread 0x000001c37d456a70 flushing nmethod 0x000001c30154b690
Event: 46.592 Thread 0x000001c37d456a70 flushing nmethod 0x000001c301550110
Event: 46.592 Thread 0x000001c37d456a70 flushing nmethod 0x000001c301553e10
Event: 46.592 Thread 0x000001c37d456a70 flushing nmethod 0x000001c301561c10
Event: 46.592 Thread 0x000001c37d456a70 flushing nmethod 0x000001c30158a510
Event: 46.593 Thread 0x000001c37d456a70 flushing nmethod 0x000001c3015bac10
Event: 46.593 Thread 0x000001c37d456a70 flushing nmethod 0x000001c3015f4210
Event: 46.593 Thread 0x000001c37d456a70 flushing nmethod 0x000001c3015f6f90
Event: 46.593 Thread 0x000001c37d456a70 flushing nmethod 0x000001c3015ff090
Event: 46.593 Thread 0x000001c37d456a70 flushing nmethod 0x000001c3015fff90
Event: 46.593 Thread 0x000001c37d456a70 flushing nmethod 0x000001c30160b790
Event: 48.496 Thread 0x000001c31e8b8bd0 Thread exited: 0x000001c31e8b8bd0
Event: 48.693 Thread 0x000001c31b930350 Thread added: 0x000001c31b930350
Event: 49.936 Thread 0x000001c31b930350 Thread exited: 0x000001c31b930350


Dynamic libraries:
0x00007ff76b760000 - 0x00007ff76b770000 	C:\Program Files\java\jdk-18.0.2.1\bin\java.exe
0x00007ffae5680000 - 0x00007ffae58e8000 	C:\WINDOWS\SYSTEM32\ntdll.dll
0x00007ffae3b80000 - 0x00007ffae3c49000 	C:\WINDOWS\System32\KERNEL32.DLL
0x00007ffae2990000 - 0x00007ffae2d82000 	C:\WINDOWS\System32\KERNELBASE.dll
0x00007ffae2d90000 - 0x00007ffae2edb000 	C:\WINDOWS\System32\ucrtbase.dll
0x00007ffad0900000 - 0x00007ffad091a000 	C:\Program Files\java\jdk-18.0.2.1\bin\VCRUNTIME140.dll
0x00007ffad0610000 - 0x00007ffad0628000 	C:\Program Files\java\jdk-18.0.2.1\bin\jli.dll
0x00007ffae3740000 - 0x00007ffae37f4000 	C:\WINDOWS\System32\ADVAPI32.dll
0x00007ffae39a0000 - 0x00007ffae3a49000 	C:\WINDOWS\System32\msvcrt.dll
0x00007ffae34d0000 - 0x00007ffae3576000 	C:\WINDOWS\System32\sechost.dll
0x00007ffae4700000 - 0x00007ffae4818000 	C:\WINDOWS\System32\RPCRT4.dll
0x00007ffae4530000 - 0x00007ffae46f5000 	C:\WINDOWS\System32\USER32.dll
0x00007ffabbba0000 - 0x00007ffabbe33000 	C:\WINDOWS\WinSxS\amd64_microsoft.windows.common-controls_6595b64144ccf1df_6.0.26100.6899_none_3e0efeeae32e88c1\COMCTL32.dll
0x00007ffae31a0000 - 0x00007ffae31c7000 	C:\WINDOWS\System32\win32u.dll
0x00007ffae38a0000 - 0x00007ffae38cb000 	C:\WINDOWS\System32\GDI32.dll
0x00007ffae3280000 - 0x00007ffae33ad000 	C:\WINDOWS\System32\gdi32full.dll
0x00007ffae31d0000 - 0x00007ffae3273000 	C:\WINDOWS\System32\msvcp_win.dll
0x00007ffac37c0000 - 0x00007ffac37cb000 	C:\WINDOWS\SYSTEM32\VERSION.dll
0x00007ffae5600000 - 0x00007ffae562f000 	C:\WINDOWS\System32\IMM32.DLL
0x00007ffad05d0000 - 0x00007ffad05dc000 	C:\Program Files\java\jdk-18.0.2.1\bin\vcruntime140_1.dll
0x00007ffacf4f0000 - 0x00007ffacf57d000 	C:\Program Files\java\jdk-18.0.2.1\bin\msvcp140.dll
0x00007ffa79ce0000 - 0x00007ffa7a8f1000 	C:\Program Files\java\jdk-18.0.2.1\bin\server\jvm.dll
0x00007ffae3810000 - 0x00007ffae3818000 	C:\WINDOWS\System32\PSAPI.DLL
0x00007ffacf2a0000 - 0x00007ffacf2d5000 	C:\WINDOWS\SYSTEM32\WINMM.dll
0x00007ffab73c0000 - 0x00007ffab73ca000 	C:\WINDOWS\SYSTEM32\WSOCK32.dll
0x00007ffae3b00000 - 0x00007ffae3b74000 	C:\WINDOWS\System32\WS2_32.dll
0x00007ffae15a0000 - 0x00007ffae15bb000 	C:\WINDOWS\SYSTEM32\kernel.appcore.dll
0x00007ffad05b0000 - 0x00007ffad05ba000 	C:\Program Files\java\jdk-18.0.2.1\bin\jimage.dll
0x00007ffadfe60000 - 0x00007ffae00a2000 	C:\WINDOWS\SYSTEM32\DBGHELP.DLL
0x00007ffae4b10000 - 0x00007ffae4e8b000 	C:\WINDOWS\System32\combase.dll
0x00007ffae4a20000 - 0x00007ffae4af7000 	C:\WINDOWS\System32\OLEAUT32.dll
0x00007ffac0410000 - 0x00007ffac044c000 	C:\WINDOWS\SYSTEM32\dbgcore.DLL
0x00007ffae33b0000 - 0x00007ffae3448000 	C:\WINDOWS\System32\bcryptPrimitives.dll
0x00007ffad02b0000 - 0x00007ffad02d5000 	C:\Program Files\java\jdk-18.0.2.1\bin\java.dll
0x00007ffab1f00000 - 0x00007ffab1fd6000 	C:\Program Files\java\jdk-18.0.2.1\bin\jsvml.dll
0x00007ffae3c50000 - 0x00007ffae439d000 	C:\WINDOWS\System32\SHELL32.dll
0x00007ffae2f70000 - 0x00007ffae30db000 	C:\WINDOWS\System32\wintypes.dll
0x00007ffae0420000 - 0x00007ffae0c7d000 	C:\WINDOWS\SYSTEM32\windows.storage.dll
0x00007ffae5070000 - 0x00007ffae5162000 	C:\WINDOWS\System32\SHCORE.dll
0x00007ffae38d0000 - 0x00007ffae3932000 	C:\WINDOWS\System32\shlwapi.dll
0x00007ffae2730000 - 0x00007ffae2759000 	C:\WINDOWS\SYSTEM32\profapi.dll
0x00007ffad0370000 - 0x00007ffad0383000 	C:\Program Files\java\jdk-18.0.2.1\bin\net.dll
0x00007ffadc030000 - 0x00007ffadc14f000 	C:\WINDOWS\SYSTEM32\WINHTTP.dll
0x00007ffae1af0000 - 0x00007ffae1b5b000 	C:\WINDOWS\system32\mswsock.dll
0x00007ffad0290000 - 0x00007ffad02a6000 	C:\Program Files\java\jdk-18.0.2.1\bin\nio.dll
0x00007ffad0440000 - 0x00007ffad0458000 	C:\Program Files\java\jdk-18.0.2.1\bin\zip.dll
0x0000000069ac0000 - 0x0000000069ae4000 	C:\Program Files\Maven\apache-maven-3.9.3\lib\jansi-native\Windows\x86_64\jansi.dll
0x00007ffad0590000 - 0x00007ffad05a0000 	C:\Program Files\java\jdk-18.0.2.1\bin\verify.dll

dbghelp: loaded successfully - version: 4.0.5 - missing functions: none
symbol engine: initialized successfully - sym options: 0x614 - pdb path: .;C:\Program Files\java\jdk-18.0.2.1\bin;C:\WINDOWS\SYSTEM32;C:\WINDOWS\WinSxS\amd64_microsoft.windows.common-controls_6595b64144ccf1df_6.0.26100.6899_none_3e0efeeae32e88c1;C:\Program Files\java\jdk-18.0.2.1\bin\server;C:\Program Files\Maven\apache-maven-3.9.3\lib\jansi-native\Windows\x86_64

VM Arguments:
jvm_args: -Dclassworlds.conf=C:\Program Files\Maven\apache-maven-3.9.3\bin\m2.conf -Dmaven.home=C:\Program Files\Maven\apache-maven-3.9.3 -Dlibrary.jansi.path=C:\Program Files\Maven\apache-maven-3.9.3\lib\jansi-native -Dmaven.multiModuleProjectDirectory=C:\WebgramProjet\projet-dgpsn\Dgpsn-backend 
java_command: org.codehaus.plexus.classworlds.launcher.Launcher clean package
java_class_path (initial): C:\Program Files\Maven\apache-maven-3.9.3\boot\plexus-classworlds-2.7.0.jar
Launcher Type: SUN_STANDARD

[Global flags]
     intx CICompilerCount                          = 4                                         {product} {ergonomic}
     uint ConcGCThreads                            = 3                                         {product} {ergonomic}
     uint G1ConcRefinementThreads                  = 11                                        {product} {ergonomic}
   size_t G1HeapRegionSize                         = 4194304                                   {product} {ergonomic}
    uintx GCDrainStackTargetSize                   = 64                                        {product} {ergonomic}
   size_t InitialHeapSize                          = 528482304                                 {product} {ergonomic}
   size_t MarkStackSize                            = 4194304                                   {product} {ergonomic}
   size_t MaxHeapSize                              = 8447328256                                {product} {ergonomic}
   size_t MaxNewSize                               = 5066719232                                {product} {ergonomic}
   size_t MinHeapDeltaBytes                        = 4194304                                   {product} {ergonomic}
   size_t MinHeapSize                              = 8388608                                   {product} {ergonomic}
    uintx NonNMethodCodeHeapSize                   = 5839372                                {pd product} {ergonomic}
    uintx NonProfiledCodeHeapSize                  = 122909434                              {pd product} {ergonomic}
    uintx ProfiledCodeHeapSize                     = 122909434                              {pd product} {ergonomic}
    uintx ReservedCodeCacheSize                    = 251658240                              {pd product} {ergonomic}
     bool SegmentedCodeCache                       = true                                      {product} {ergonomic}
   size_t SoftMaxHeapSize                          = 8447328256                             {manageable} {ergonomic}
     bool UseCompressedClassPointers               = true                           {product lp64_product} {ergonomic}
     bool UseCompressedOops                        = true                           {product lp64_product} {ergonomic}
     bool UseG1GC                                  = true                                      {product} {ergonomic}
     bool UseLargePagesIndividualAllocation        = false                                  {pd product} {ergonomic}

Logging:
Log output configuration:
 #0: stdout all=warning uptime,level,tags foldmultilines=false
 #1: stderr all=off uptime,level,tags foldmultilines=false

Environment Variables:
JAVA_HOME=C:\Program Files\java\jdk-18.0.2.1
PATH=C:\Program Files\Common Files\Oracle\Java\javapath;C:\WINDOWS\system32;C:\WINDOWS;C:\WINDOWS\System32\Wbem;C:\WINDOWS\System32\WindowsPowerShell\v1.0\;C:\WINDOWS\System32\OpenSSH\;C:\Program Files\PuTTY\;C:\Program Files\nodejs;C:\Program Files\java\jdk-18.0.2.1\bin;C:\Program Files\Maven\apache-maven-3.9.3\bin;C:\Program Files\nodejs\;C:\Program Files\Docker\Docker\resources\bin;C:\ProgramData\chocolatey\bin;C:\Program Files\Git\cmd;C:\flutter\bin;C:\Users\DELL\AppData\Local\Programs\Python\Python313\Scripts\;C:\Users\DELL\AppData\Local\Programs\Python\Python313\;C:\Users\DELL\AppData\Local\Microsoft\WindowsApps;C:\Users\DELL\AppData\Local\Programs\Microsoft VS Code\bin;C:\Program Files\JetBrains\IntelliJ IDEA 2024.3.5\bin;;C:\Users\DELL\AppData\Roaming\npm;C:\Program Files\JetBrains\PyCharm 2024.3.5\bin;;C:\Program Files\Heroku\bin;C:\newProjet-flutter\flutter\bin;C:\Users\DELL\AppData\Local\Programs\cursor\resources\app\bin
USERNAME=DELL
OS=Windows_NT
PROCESSOR_IDENTIFIER=Intel64 Family 6 Model 170 Stepping 4, GenuineIntel



---------------  S Y S T E M  ---------------

OS:
 Windows 11 , 64 bit Build 26100 (10.0.26100.6725)
OS uptime: 12 days 8:35 hours
Hyper-V role detected

CPU: total 14 (initial active 14) (7 cores per cpu, 2 threads per core) family 6 model 170 stepping 4 microcode 0x24, cx8, cmov, fxsr, ht, mmx, 3dnowpref, sse, sse2, sse3, ssse3, sse4.1, sse4.2, popcnt, lzcnt, tsc, tscinvbit, avx, avx2, aes, erms, clmul, bmi1, bmi2, adx, sha, fma, vzeroupper, clflush, clflushopt, clwb, hv, serialize

Memory: 4k page, system-wide physical 32212M (994M free)
TotalPageFile size 93137M (AvailPageFile size 99M)
current process WorkingSet (physical memory assigned to process): 453M, peak: 492M
current process commit charge ("private bytes"): 704M, peak: 843M

vm_info: Java HotSpot(TM) 64-Bit Server VM (18.0.2.1+1-1) for windows-amd64 JRE (18.0.2.1+1-1), built on Aug 16 2022 01:46:33 by "mach5one" with MS VC++ 16.8 / 16.9 (VS2019)

END.
